Archive member included to satisfy reference by file (symbol)

/usr/local/h8300-elf/lib/gcc/h8300-elf/8.5.0/../../../../h8300-elf/lib/h8300h/libstdc++.a(class_type_info.o)
                              ./temp/TimerIntrMane.o (__ZTVN10__cxxabiv117__class_type_infoE)
/usr/local/h8300-elf/lib/gcc/h8300-elf/8.5.0/../../../../h8300-elf/lib/h8300h/libstdc++.a(tinfo.o)
                              /usr/local/h8300-elf/lib/gcc/h8300-elf/8.5.0/../../../../h8300-elf/lib/h8300h/libstdc++.a(class_type_info.o) (__ZNSt9type_infoD2Ev)
/usr/local/h8300-elf/lib/gcc/h8300-elf/8.5.0/../../../../h8300-elf/lib/h8300h/libstdc++.a(si_class_type_info.o)
                              ./temp/TimerIntrMane.o (__ZTVN10__cxxabiv120__si_class_type_infoE)
/usr/local/h8300-elf/lib/gcc/h8300-elf/8.5.0/../../../../h8300-elf/lib/h8300h/libstdc++.a(del_ops.o)
                              /usr/local/h8300-elf/lib/gcc/h8300-elf/8.5.0/../../../../h8300-elf/lib/h8300h/libstdc++.a(class_type_info.o) (__ZdlPvm)
/usr/local/h8300-elf/lib/gcc/h8300-elf/8.5.0/../../../../h8300-elf/lib/h8300h/libstdc++.a(del_op.o)
                              /usr/local/h8300-elf/lib/gcc/h8300-elf/8.5.0/../../../../h8300-elf/lib/h8300h/libstdc++.a(del_ops.o) (__ZdlPv)
/usr/local/h8300-elf/lib/gcc/h8300-elf/8.5.0/h8300h/libgcc.a(_fixunssfsi.o)
                              ./temp/main.o (___fixunssfsi)
/usr/local/h8300-elf/lib/gcc/h8300-elf/8.5.0/h8300h/libgcc.a(_addsub_sf.o)
                              /usr/local/h8300-elf/lib/gcc/h8300-elf/8.5.0/h8300h/libgcc.a(_fixunssfsi.o) (___subsf3)
/usr/local/h8300-elf/lib/gcc/h8300-elf/8.5.0/h8300h/libgcc.a(_mul_sf.o)
                              ./temp/main.o (___mulsf3)
/usr/local/h8300-elf/lib/gcc/h8300-elf/8.5.0/h8300h/libgcc.a(_div_sf.o)
                              ./temp/main.o (___divsf3)
/usr/local/h8300-elf/lib/gcc/h8300-elf/8.5.0/h8300h/libgcc.a(_gt_sf.o)
                              ./temp/MovementController.o (___gtsf2)
/usr/local/h8300-elf/lib/gcc/h8300-elf/8.5.0/h8300h/libgcc.a(_ge_sf.o)
                              ./temp/Motor.o (___gesf2)
/usr/local/h8300-elf/lib/gcc/h8300-elf/8.5.0/h8300h/libgcc.a(_le_sf.o)
                              ./temp/MovementController.o (___lesf2)
/usr/local/h8300-elf/lib/gcc/h8300-elf/8.5.0/h8300h/libgcc.a(_sf_to_si.o)
                              /usr/local/h8300-elf/lib/gcc/h8300-elf/8.5.0/h8300h/libgcc.a(_fixunssfsi.o) (___fixsfsi)
/usr/local/h8300-elf/lib/gcc/h8300-elf/8.5.0/h8300h/libgcc.a(_thenan_sf.o)
                              /usr/local/h8300-elf/lib/gcc/h8300-elf/8.5.0/h8300h/libgcc.a(_addsub_sf.o) (___thenan_sf)
/usr/local/h8300-elf/lib/gcc/h8300-elf/8.5.0/h8300h/libgcc.a(_usi_to_sf.o)
                              ./temp/main.o (___floatunsisf)
/usr/local/h8300-elf/lib/gcc/h8300-elf/8.5.0/h8300h/libgcc.a(_clzsi2.o)
                              /usr/local/h8300-elf/lib/gcc/h8300-elf/8.5.0/h8300h/libgcc.a(_usi_to_sf.o) (___clzsi2)
/usr/local/h8300-elf/lib/gcc/h8300-elf/8.5.0/h8300h/libgcc.a(_pack_sf.o)
                              /usr/local/h8300-elf/lib/gcc/h8300-elf/8.5.0/h8300h/libgcc.a(_addsub_sf.o) (___pack_f)
/usr/local/h8300-elf/lib/gcc/h8300-elf/8.5.0/h8300h/libgcc.a(_unpack_sf.o)
                              /usr/local/h8300-elf/lib/gcc/h8300-elf/8.5.0/h8300h/libgcc.a(_addsub_sf.o) (___unpack_f)
/usr/local/h8300-elf/lib/gcc/h8300-elf/8.5.0/h8300h/libgcc.a(_fpcmp_parts_sf.o)
                              /usr/local/h8300-elf/lib/gcc/h8300-elf/8.5.0/h8300h/libgcc.a(_gt_sf.o) (___fpcmp_parts_f)
/usr/local/h8300-elf/lib/gcc/h8300-elf/8.5.0/h8300h/libgcc.a(_clz.o)
                              /usr/local/h8300-elf/lib/gcc/h8300-elf/8.5.0/h8300h/libgcc.a(_clzsi2.o) (___clz_tab)
/usr/local/h8300-elf/lib/gcc/h8300-elf/8.5.0/../../../../h8300-elf/lib/h8300h/libc.a(lib_a-malloc.o)
                              /usr/local/h8300-elf/lib/gcc/h8300-elf/8.5.0/../../../../h8300-elf/lib/h8300h/libstdc++.a(del_op.o) (_free)
/usr/local/h8300-elf/lib/gcc/h8300-elf/8.5.0/../../../../h8300-elf/lib/h8300h/libc.a(lib_a-nano-freer.o)
                              /usr/local/h8300-elf/lib/gcc/h8300-elf/8.5.0/../../../../h8300-elf/lib/h8300h/libc.a(lib_a-malloc.o) (__free_r)
/usr/local/h8300-elf/lib/gcc/h8300-elf/8.5.0/../../../../h8300-elf/lib/h8300h/libc.a(lib_a-nano-mallocr.o)
                              /usr/local/h8300-elf/lib/gcc/h8300-elf/8.5.0/../../../../h8300-elf/lib/h8300h/libc.a(lib_a-malloc.o) (__malloc_r)
/usr/local/h8300-elf/lib/gcc/h8300-elf/8.5.0/../../../../h8300-elf/lib/h8300h/libc.a(lib_a-sbrkr.o)
                              /usr/local/h8300-elf/lib/gcc/h8300-elf/8.5.0/../../../../h8300-elf/lib/h8300h/libc.a(lib_a-nano-mallocr.o) (__sbrk_r)
/usr/local/h8300-elf/lib/gcc/h8300-elf/8.5.0/../../../../h8300-elf/lib/h8300h/libc.a(lib_a-strcmp.o)
                              /usr/local/h8300-elf/lib/gcc/h8300-elf/8.5.0/../../../../h8300-elf/lib/h8300h/libstdc++.a(class_type_info.o) (_strcmp)
[...]
Memory Configuration

Name             Origin             Length             Attributes
vectors          0x0000000000000000 0x0000000000000100
rom              0x0000000000000100 0x000000000007ff00
ram              0x0000000000ffbf20 0x0000000000004000
ram2             0x0000000000400000 0x0000000000200000
eight            0x0000000000ffff00 0x0000000000000100
*default*        0x0000000000000000 0xffffffffffffffff

Linker script and memory map

LOAD /tmp/ccM2FPHO.o
LOAD ./temp/ui.o
LOAD ./temp/delay.o
LOAD ./temp/intr.o
LOAD ./temp/main.o
LOAD ./temp/Mouse.o
LOAD ./temp/TimerIntrMane.o
LOAD ./temp/MovementController.o
LOAD ./temp/Motor.o
LOAD ./include/libadd3069.a
LOAD /usr/local/h8300-elf/lib/gcc/h8300-elf/8.5.0/../../../../h8300-elf/lib/h8300h/libstdc++.a
LOAD /usr/local/h8300-elf/lib/gcc/h8300-elf/8.5.0/../../../../h8300-elf/lib/h8300h/libm.a
LOAD /usr/local/h8300-elf/lib/gcc/h8300-elf/8.5.0/h8300h/libgcc.a
LOAD /usr/local/h8300-elf/lib/gcc/h8300-elf/8.5.0/../../../../h8300-elf/lib/h8300h/libc.a
LOAD /usr/local/h8300-elf/lib/gcc/h8300-elf/8.5.0/h8300h/libgcc.a

.vectors        0x0000000000000000      0x100
                0x0000000000000000        0x4 LONG 0x100 ABSOLUTE (_start)
                0x0000000000000004        0x4 LONG 0x100 ABSOLUTE (_start)
                0x0000000000000008        0x4 LONG 0x100 ABSOLUTE (_start)
                0x000000000000000c        0x4 LONG 0x100 ABSOLUTE (_start)
                0x0000000000000010        0x4 LONG 0x100 ABSOLUTE (_start)
                0x0000000000000014        0x4 LONG 0x100 ABSOLUTE (_start)
                0x0000000000000018        0x4 LONG 0x100 ABSOLUTE (_start)
                0x000000000000001c        0x4 LONG 0x100 DEFINED (_int_nmi)?ABSOLUTE (_int_nmi):ABSOLUTE (_start)
                0x0000000000000020        0x4 LONG 0x100 DEFINED (_int_trap0)?ABSOLUTE (_int_trap0):ABSOLUTE (_start)
                0x0000000000000024        0x4 LONG 0x100 DEFINED (_int_trap1)?ABSOLUTE (_int_trap1):ABSOLUTE (_start)
                0x0000000000000028        0x4 LONG 0x100 DEFINED (_int_trap2)?ABSOLUTE (_int_trap2):ABSOLUTE (_start)
                0x000000000000002c        0x4 LONG 0x100 DEFINED (_int_trap3)?ABSOLUTE (_int_trap3):ABSOLUTE (_start)
                0x0000000000000030        0x4 LONG 0x100 DEFINED (_int_irq0)?ABSOLUTE (_int_irq0):ABSOLUTE (_start)
                0x0000000000000034        0x4 LONG 0x100 DEFINED (_int_irq1)?ABSOLUTE (_int_irq1):ABSOLUTE (_start)
                0x0000000000000038        0x4 LONG 0x100 DEFINED (_int_irq2)?ABSOLUTE (_int_irq2):ABSOLUTE (_start)
                0x000000000000003c        0x4 LONG 0x100 DEFINED (_int_irq3)?ABSOLUTE (_int_irq3):ABSOLUTE (_start)
                0x0000000000000040        0x4 LONG 0x100 DEFINED (_int_irq4)?ABSOLUTE (_int_irq4):ABSOLUTE (_start)
                0x0000000000000044        0x4 LONG 0x100 DEFINED (_int_irq5)?ABSOLUTE (_int_irq5):ABSOLUTE (_start)
                0x0000000000000048        0x4 LONG 0x100 ABSOLUTE (_start)
                0x000000000000004c        0x4 LONG 0x100 ABSOLUTE (_start)
                0x0000000000000050        0x4 LONG 0x100 DEFINED (_int_wovi)?ABSOLUTE (_int_wovi):ABSOLUTE (_start)
                0x0000000000000054        0x4 LONG 0x100 DEFINED (_int_cmi)?ABSOLUTE (_int_cmi):ABSOLUTE (_start)
                0x0000000000000058        0x4 LONG 0x100 ABSOLUTE (_start)
                0x000000000000005c        0x4 LONG 0x100 DEFINED (_int_adi)?ABSOLUTE (_int_adi):ABSOLUTE (_start)
                0x0000000000000060        0x4 LONG 0x216 DEFINED (_int_imia0)?ABSOLUTE (_int_imia0):ABSOLUTE (_start)
                0x0000000000000064        0x4 LONG 0x24a DEFINED (_int_imib0)?ABSOLUTE (_int_imib0):ABSOLUTE (_start)
                0x0000000000000068        0x4 LONG 0x27e DEFINED (_int_ovi0)?ABSOLUTE (_int_ovi0):ABSOLUTE (_start)
                0x000000000000006c        0x4 LONG 0x100 ABSOLUTE (_start)
                0x0000000000000070        0x4 LONG 0x2b2 DEFINED (_int_imia1)?ABSOLUTE (_int_imia1):ABSOLUTE (_start)
                0x0000000000000074        0x4 LONG 0x2ee DEFINED (_int_imib1)?ABSOLUTE (_int_imib1):ABSOLUTE (_start)
                0x0000000000000078        0x4 LONG 0x32a DEFINED (_int_ovi1)?ABSOLUTE (_int_ovi1):ABSOLUTE (_start)
                0x000000000000007c        0x4 LONG 0x100 ABSOLUTE (_start)
                0x0000000000000080        0x4 LONG 0x366 DEFINED (_int_imia2)?ABSOLUTE (_int_imia2):ABSOLUTE (_start)
                0x0000000000000084        0x4 LONG 0x3a2 DEFINED (_int_imib2)?ABSOLUTE (_int_imib2):ABSOLUTE (_start)
                0x0000000000000088        0x4 LONG 0x3de DEFINED (_int_ovi2)?ABSOLUTE (_int_ovi2):ABSOLUTE (_start)
                0x000000000000008c        0x4 LONG 0x100 ABSOLUTE (_start)
                0x0000000000000090        0x4 LONG 0x41a DEFINED (_int_cmia0)?ABSOLUTE (_int_cmia0):ABSOLUTE (_start)
                0x0000000000000094        0x4 LONG 0x456 DEFINED (_int_cmib0)?ABSOLUTE (_int_cmib0):ABSOLUTE (_start)
                0x0000000000000098        0x4 LONG 0x492 DEFINED (_int_cmiab1)?ABSOLUTE (_int_cmiab1):ABSOLUTE (_start)
                0x000000000000009c        0x4 LONG 0x4f0 DEFINED (_int_tovi01)?ABSOLUTE (_int_tovi01):ABSOLUTE (_start)
                0x00000000000000a0        0x4 LONG 0x550 DEFINED (_int_cmia2)?ABSOLUTE (_int_cmia2):ABSOLUTE (_start)
                0x00000000000000a4        0x4 LONG 0x58c DEFINED (_int_cmib2)?ABSOLUTE (_int_cmib2):ABSOLUTE (_start)
                0x00000000000000a8        0x4 LONG 0x5c8 DEFINED (_int_cmiab3)?ABSOLUTE (_int_cmiab3):ABSOLUTE (_start)
                0x00000000000000ac        0x4 LONG 0x626 DEFINED (_int_tovi23)?ABSOLUTE (_int_tovi23):ABSOLUTE (_start)
                0x00000000000000b0        0x4 LONG 0x100 DEFINED (_int_dend0a)?ABSOLUTE (_int_dend0a):ABSOLUTE (_start)
                0x00000000000000b4        0x4 LONG 0x100 DEFINED (_int_dend0b)?ABSOLUTE (_int_dend0b):ABSOLUTE (_start)
                0x00000000000000b8        0x4 LONG 0x100 DEFINED (_int_dend1a)?ABSOLUTE (_int_dend1a):ABSOLUTE (_start)
                0x00000000000000bc        0x4 LONG 0x100 DEFINED (_int_dend1b)?ABSOLUTE (_int_dend1b):ABSOLUTE (_start)
                0x00000000000000c0        0x4 LONG 0x100 ABSOLUTE (_start)
                0x00000000000000c4        0x4 LONG 0x100 ABSOLUTE (_start)
                0x00000000000000c8        0x4 LONG 0x100 ABSOLUTE (_start)
                0x00000000000000cc        0x4 LONG 0x100 ABSOLUTE (_start)
                0x00000000000000d0        0x4 LONG 0x100 DEFINED (_int_eri0)?ABSOLUTE (_int_eri0):ABSOLUTE (_start)
                0x00000000000000d4        0x4 LONG 0x100 DEFINED (_int_rxi0)?ABSOLUTE (_int_rxi0):ABSOLUTE (_start)
                0x00000000000000d8        0x4 LONG 0x100 DEFINED (_int_txi0)?ABSOLUTE (_int_txi0):ABSOLUTE (_start)
                0x00000000000000dc        0x4 LONG 0x100 DEFINED (_int_tei0)?ABSOLUTE (_int_tei0):ABSOLUTE (_start)
                0x00000000000000e0        0x4 LONG 0x100 DEFINED (_int_eri1)?ABSOLUTE (_int_eri1):ABSOLUTE (_start)
                0x00000000000000e4        0x4 LONG 0x100 DEFINED (_int_rxi1)?ABSOLUTE (_int_rxi1):ABSOLUTE (_start)
                0x00000000000000e8        0x4 LONG 0x100 DEFINED (_int_txi1)?ABSOLUTE (_int_txi1):ABSOLUTE (_start)
                0x00000000000000ec        0x4 LONG 0x100 DEFINED (_int_tei1)?ABSOLUTE (_int_tei1):ABSOLUTE (_start)
                0x00000000000000f0        0x4 LONG 0x100 DEFINED (_int_eri2)?ABSOLUTE (_int_eri2):ABSOLUTE (_start)
                0x00000000000000f4        0x4 LONG 0x100 DEFINED (_int_rxi2)?ABSOLUTE (_int_rxi2):ABSOLUTE (_start)
                0x00000000000000f8        0x4 LONG 0x100 DEFINED (_int_txi2)?ABSOLUTE (_int_txi2):ABSOLUTE (_start)
                0x00000000000000fc        0x4 LONG 0x100 DEFINED (_int_tei2)?ABSOLUTE (_int_tei2):ABSOLUTE (_start)

.text           0x0000000000000100     0x33b0
 CREATE_OBJECT_SYMBOLS
 *(.text)
 .text          0x0000000000000100       0x44 /tmp/ccM2FPHO.o
                0x0000000000000100                _start
                0x0000000000000140                _exit
 .text          0x0000000000000144        0x0 ./temp/ui.o
 .text          0x0000000000000144        0x0 ./temp/delay.o
 .text          0x0000000000000144      0x542 ./temp/intr.o
                0x0000000000000144                _set_imia0_handler
                0x000000000000014e                _set_imib0_handler
                0x0000000000000158                _set_ovi0_handler
                0x0000000000000162                _set_imia1_handler
                0x000000000000016c                _set_imib1_handler
                0x0000000000000176                _set_ovi1_handler
                0x0000000000000180                _set_imia2_handler
                0x000000000000018a                _set_imib2_handler
                0x0000000000000194                _set_ovi2_handler
                0x000000000000019e                _set_cmia0_handler
                0x00000000000001a8                _set_cmib0_handler
                0x00000000000001b2                _set_tovi0_handler
                0x00000000000001bc                _set_cmia1_handler
                0x00000000000001c6                _set_cmib1_handler
                0x00000000000001d0                _set_tovi1_handler
                0x00000000000001da                _set_cmia2_handler
                0x00000000000001e4                _set_cmib2_handler
                0x00000000000001ee                _set_tovi2_handler
                0x00000000000001f8                _set_cmia3_handler
                0x0000000000000202                _set_cmib3_handler
                0x000000000000020c                _set_tovi3_handler
                0x0000000000000216                _int_imia0
                0x000000000000024a                _int_imib0
                0x000000000000027e                _int_ovi0
                0x00000000000002b2                _int_imia1
                0x00000000000002ee                _int_imib1
                0x000000000000032a                _int_ovi1
                0x0000000000000366                _int_imia2
                0x00000000000003a2                _int_imib2
                0x00000000000003de                _int_ovi2
                0x000000000000041a                _int_cmia0
                0x0000000000000456                _int_cmib0
                0x0000000000000492                _int_cmiab1
                0x00000000000004f0                _int_tovi01
                0x0000000000000550                _int_cmia2
                0x000000000000058c                _int_cmib2
                0x00000000000005c8                _int_cmiab3
                0x0000000000000626                _int_tovi23
 .text          0x0000000000000686        0x0 ./temp/main.o
 .text          0x0000000000000686      0xa36 ./temp/Mouse.o
                0x0000000000000686                __ZN8eommpsys7H8Mouse8SetStartEv
                0x00000000000006bc                __ZN8eommpsys7H8Mouse9AutoPilotERNS_14SideDegiSens_tE
 .text          0x00000000000010bc      0x4c8 ./temp/TimerIntrMane.o
                0x00000000000010bc                __ZN8eommpsys12TimerManager8TimerCH04stopEv
                0x00000000000010e8                __ZN8eommpsys12TimerManager8TimerCH14stopEv
                0x000000000000111c                __ZN8eommpsys12TimerManager8TimerCH24stopEv
                0x0000000000001150                __ZN8eommpsys12TimerManager5TMR2313adaptHandlerAEv
                0x0000000000001174                __ZN8eommpsys12TimerManager5TMR2313adaptHandlerBEv
                0x0000000000001198                __ZN8eommpsys12TimerManager5TMR234stopEv
                0x00000000000011d8                __ZN8eommpsys12TimerManager5TMR2315adaptHandlerOVFEv
                0x00000000000011ea                __ZN8eommpsys12TimerManager5TMR235startEv
                0x00000000000012ae                __ZN8eommpsys12TimerManager8TimerCH05startEv
                0x00000000000013a0                __ZN8eommpsys12TimerManager8TimerCH15startEv
                0x0000000000001492                __ZN8eommpsys12TimerManager8TimerCH25startEv
 .text          0x0000000000001584      0x74a ./temp/MovementController.o
                0x0000000000001584                __ZN8eommpsys20H8MovementController7ForwardEtt
                0x000000000000174a                __ZN8eommpsys20H8MovementController8SpinturnEtNS_9DirectionE
                0x0000000000001a3e                __ZN8eommpsys20H8MovementController11ChangeSpeedEt
                0x0000000000001b08                __ZN8eommpsys20H8MovementController11BackOnTrackEfNS_9DirectionE
 .text          0x0000000000001cce      0x596 ./temp/Motor.o
                0x0000000000001cce                __ZN8eommpsys8H8MotorR12intrHandlerAEv
                0x0000000000001cee                __ZN8eommpsys8H8MotorR6Setup_Ettb
                0x0000000000001de8                __ZN8eommpsys8H8MotorR12ChangeSpeed_Et
                0x0000000000001e70                __ZN8eommpsys8H8MotorL12intrHandlerAEv
                0x0000000000001e90                __ZN8eommpsys8H8MotorL6Setup_Ettb
                0x0000000000001f88                __ZN8eommpsys8H8MotorL12ChangeSpeed_Et
                0x0000000000002010                __ZN8eommpsys8H8MotorR12intrHandlerBEv
                0x0000000000002058                __ZN8eommpsys8H8MotorL12intrHandlerBEv
                0x00000000000020a0                __ZN8eommpsys8H8MotorL6Abort_Ev
                0x00000000000020de                __ZN8eommpsys8H8MotorR6Abort_Ev
                0x000000000000211c                __ZN8eommpsys8H8MotorR4InitERNS_12TimerManager9TimerBaseItEE
                0x00000000000021c0                __ZN8eommpsys8H8MotorL4InitERNS_12TimerManager9TimerBaseItEE
 .text          0x0000000000002264        0x0 /usr/local/h8300-elf/lib/gcc/h8300-elf/8.5.0/../../../../h8300-elf/lib/h8300h/libstdc++.a(class_type_info.o)
 .text          0x0000000000002264        0x0 /usr/local/h8300-elf/lib/gcc/h8300-elf/8.5.0/../../../../h8300-elf/lib/h8300h/libstdc++.a(tinfo.o)
 .text          0x0000000000002264        0x0 /usr/local/h8300-elf/lib/gcc/h8300-elf/8.5.0/../../../../h8300-elf/lib/h8300h/libstdc++.a(si_class_type_info.o)
 .text          0x0000000000002264        0x0 /usr/local/h8300-elf/lib/gcc/h8300-elf/8.5.0/../../../../h8300-elf/lib/h8300h/libstdc++.a(del_ops.o)
 .text          0x0000000000002264        0x0 /usr/local/h8300-elf/lib/gcc/h8300-elf/8.5.0/../../../../h8300-elf/lib/h8300h/libstdc++.a(del_op.o)
 .text          0x0000000000002264       0x36 /usr/local/h8300-elf/lib/gcc/h8300-elf/8.5.0/h8300h/libgcc.a(_fixunssfsi.o)
                0x0000000000002264                ___fixunssfsi
 .text          0x000000000000229a      0x2e4 /usr/local/h8300-elf/lib/gcc/h8300-elf/8.5.0/h8300h/libgcc.a(_addsub_sf.o)
                0x00000000000024dc                ___addsf3
                0x0000000000002528                ___subsf3
 .text          0x000000000000257e      0x1b6 /usr/local/h8300-elf/lib/gcc/h8300-elf/8.5.0/h8300h/libgcc.a(_mul_sf.o)
                0x000000000000257e                ___mulsf3
 .text          0x0000000000002734      0x11c /usr/local/h8300-elf/lib/gcc/h8300-elf/8.5.0/h8300h/libgcc.a(_div_sf.o)
                0x0000000000002734                ___divsf3
 .text          0x0000000000002850       0x5a /usr/local/h8300-elf/lib/gcc/h8300-elf/8.5.0/h8300h/libgcc.a(_gt_sf.o)
                0x0000000000002850                ___gtsf2
 .text          0x00000000000028aa       0x5a /usr/local/h8300-elf/lib/gcc/h8300-elf/8.5.0/h8300h/libgcc.a(_ge_sf.o)
                0x00000000000028aa                ___gesf2
 .text          0x0000000000002904       0x5a /usr/local/h8300-elf/lib/gcc/h8300-elf/8.5.0/h8300h/libgcc.a(_le_sf.o)
                0x0000000000002904                ___lesf2
 .text          0x000000000000295e       0x76 /usr/local/h8300-elf/lib/gcc/h8300-elf/8.5.0/h8300h/libgcc.a(_sf_to_si.o)
                0x000000000000295e                ___fixsfsi
 .text          0x00000000000029d4        0x0 /usr/local/h8300-elf/lib/gcc/h8300-elf/8.5.0/h8300h/libgcc.a(_thenan_sf.o)
 .text          0x00000000000029d4       0x84 /usr/local/h8300-elf/lib/gcc/h8300-elf/8.5.0/h8300h/libgcc.a(_usi_to_sf.o)
                0x00000000000029d4                ___floatunsisf
 .text          0x0000000000002a58       0x52 /usr/local/h8300-elf/lib/gcc/h8300-elf/8.5.0/h8300h/libgcc.a(_clzsi2.o)
                0x0000000000002a58                ___clzsi2
 .text          0x0000000000002aaa      0x162 /usr/local/h8300-elf/lib/gcc/h8300-elf/8.5.0/h8300h/libgcc.a(_pack_sf.o)
                0x0000000000002aaa                ___pack_f
 .text          0x0000000000002c0c       0xbe /usr/local/h8300-elf/lib/gcc/h8300-elf/8.5.0/h8300h/libgcc.a(_unpack_sf.o)
                0x0000000000002c0c                ___unpack_f
 .text          0x0000000000002cca       0xa6 /usr/local/h8300-elf/lib/gcc/h8300-elf/8.5.0/h8300h/libgcc.a(_fpcmp_parts_sf.o)
                0x0000000000002cca                ___fpcmp_parts_f
 .text          0x0000000000002d70        0x0 /usr/local/h8300-elf/lib/gcc/h8300-elf/8.5.0/h8300h/libgcc.a(_clz.o)
 .text          0x0000000000002d70       0x20 /usr/local/h8300-elf/lib/gcc/h8300-elf/8.5.0/../../../../h8300-elf/lib/h8300h/libc.a(lib_a-malloc.o)
                0x0000000000002d70                _malloc
                0x0000000000002d80                _free
 .text          0x0000000000002d90      0x10a /usr/local/h8300-elf/lib/gcc/h8300-elf/8.5.0/../../../../h8300-elf/lib/h8300h/libc.a(lib_a-nano-freer.o)
                0x0000000000002d90                __free_r
 .text          0x0000000000002e9a      0x156 /usr/local/h8300-elf/lib/gcc/h8300-elf/8.5.0/../../../../h8300-elf/lib/h8300h/libc.a(lib_a-nano-mallocr.o)
                0x0000000000002e9a                __malloc_r
 .text          0x0000000000002ff0       0x2a /usr/local/h8300-elf/lib/gcc/h8300-elf/8.5.0/../../../../h8300-elf/lib/h8300h/libc.a(lib_a-sbrkr.o)
                0x0000000000002ff0                __sbrk_r
 *fill*         0x000000000000301a        0x2 
 .text          0x000000000000301c       0x20 /usr/local/h8300-elf/lib/gcc/h8300-elf/8.5.0/../../../../h8300-elf/lib/h8300h/libc.a(lib_a-strcmp.o)
                0x000000000000301c                _strcmp
 .text          0x000000000000303c        0x0 /usr/local/h8300-elf/lib/gcc/h8300-elf/8.5.0/../../../../h8300-elf/lib/h8300h/libc.a(lib_a-impure.o)
 .text          0x000000000000303c        0x4 /usr/local/h8300-elf/lib/gcc/h8300-elf/8.5.0/../../../../h8300-elf/lib/h8300h/libc.a(lib_a-mlock.o)
                0x000000000000303c                ___malloc_lock
                0x000000000000303e                ___malloc_unlock
 .text          0x0000000000003040      0x15e /usr/local/h8300-elf/lib/gcc/h8300-elf/8.5.0/../../../../h8300-elf/lib/h8300h/libc.a(lib_a-reent.o)
                0x0000000000003040                _cleanup_glue
                0x0000000000003068                __reclaim_reent
 .text          0x000000000000319e       0x60 /usr/local/h8300-elf/lib/gcc/h8300-elf/8.5.0/../../../../h8300-elf/lib/h8300h/libc.a(lib_a-sbrk.o)
                0x000000000000319e                __sbrk
 *fill*         0x00000000000031fe        0x2 
 .text          0x0000000000003200        0x8 /usr/local/h8300-elf/lib/gcc/h8300-elf/8.5.0/../../../../h8300-elf/lib/h8300h/libc.a(lib_a-write.o)
                0x0000000000003200                __write
 .text          0x0000000000003208       0x10 /usr/local/h8300-elf/lib/gcc/h8300-elf/8.5.0/../../../../h8300-elf/lib/h8300h/libc.a(lib_a-abort.o)
                0x0000000000003208                _abort
 .text          0x0000000000003218      0x242 /usr/local/h8300-elf/lib/gcc/h8300-elf/8.5.0/../../../../h8300-elf/lib/h8300h/libc.a(lib_a-signal.o)
                0x000000000000324e                __init_signal_r
                0x0000000000003260                __signal_r
                0x00000000000032c8                __raise_r
                0x0000000000003344                ___sigtramp_r
                0x00000000000033b8                _raise
                0x00000000000033c8                _signal
                0x0000000000003430                __init_signal
                0x000000000000344a                ___sigtramp
 .text          0x000000000000345a       0x32 /usr/local/h8300-elf/lib/gcc/h8300-elf/8.5.0/../../../../h8300-elf/lib/h8300h/libc.a(lib_a-signalr.o)
                0x000000000000345a                __kill_r
                0x0000000000003486                __getpid_r
 .text          0x000000000000348c       0x10 /usr/local/h8300-elf/lib/gcc/h8300-elf/8.5.0/../../../../h8300-elf/lib/h8300h/libc.a(lib_a-_exit.o)
                0x000000000000348c                __exit
 .text          0x000000000000349c       0x14 /usr/local/h8300-elf/lib/gcc/h8300-elf/8.5.0/../../../../h8300-elf/lib/h8300h/libc.a(lib_a-misc.o)
                0x000000000000349c                __raise
                0x00000000000034a0                __getpid
                0x00000000000034a4                __kill
                0x00000000000034b0                etext = .

.text._ZN8eommpsys4Time12delayHandlerEv
                0x00000000000034b0       0x54
 .text._ZN8eommpsys4Time12delayHandlerEv
                0x00000000000034b0       0x54 ./temp/main.o
                0x00000000000034b0                __ZN8eommpsys4Time12delayHandlerEv

.text._ZN8eommpsys2ui10CeraBuzzer9handlerOnEv
                0x0000000000003504        0x6
 .text._ZN8eommpsys2ui10CeraBuzzer9handlerOnEv
                0x0000000000003504        0x6 ./temp/main.o
                0x0000000000003504                __ZN8eommpsys2ui10CeraBuzzer9handlerOnEv

.text._ZN8eommpsys2ui10CeraBuzzer10handlerOffEv
                0x000000000000350a        0xe
 .text._ZN8eommpsys2ui10CeraBuzzer10handlerOffEv
                0x000000000000350a        0xe ./temp/main.o
                0x000000000000350a                __ZN8eommpsys2ui10CeraBuzzer10handlerOffEv

.text._ZN8eommpsys2ui10CeraBuzzer4InitERNS_12TimerManager9TimerBaseItEE
                0x0000000000003518       0x9a
 .text._ZN8eommpsys2ui10CeraBuzzer4InitERNS_12TimerManager9TimerBaseItEE
                0x0000000000003518       0x9a ./temp/main.o
                0x0000000000003518                __ZN8eommpsys2ui10CeraBuzzer4InitERNS_12TimerManager9TimerBaseItEE

.text.startup   0x00000000000035b2      0x59a
 .text.startup  0x00000000000035b2      0x59a ./temp/main.o
                0x00000000000035b2                _main

.text._ZN8eommpsys12TimerManager8TimerCH013adaptGeneralAEt
                0x0000000000003b4c        0x6
 .text._ZN8eommpsys12TimerManager8TimerCH013adaptGeneralAEt
                0x0000000000003b4c        0x6 ./temp/TimerIntrMane.o
                0x0000000000003b4c                __ZN8eommpsys12TimerManager8TimerCH013adaptGeneralAEt

.text._ZN8eommpsys12TimerManager8TimerCH013adaptGeneralBEt
                0x0000000000003b52        0x6
 .text._ZN8eommpsys12TimerManager8TimerCH013adaptGeneralBEt
                0x0000000000003b52        0x6 ./temp/TimerIntrMane.o
                0x0000000000003b52                __ZN8eommpsys12TimerManager8TimerCH013adaptGeneralBEt

.text._ZN8eommpsys12TimerManager8TimerCH113adaptGeneralAEt
                0x0000000000003b58        0x6
 .text._ZN8eommpsys12TimerManager8TimerCH113adaptGeneralAEt
                0x0000000000003b58        0x6 ./temp/TimerIntrMane.o
                0x0000000000003b58                __ZN8eommpsys12TimerManager8TimerCH113adaptGeneralAEt

.text._ZN8eommpsys12TimerManager8TimerCH113adaptGeneralBEt
                0x0000000000003b5e        0x6
 .text._ZN8eommpsys12TimerManager8TimerCH113adaptGeneralBEt
                0x0000000000003b5e        0x6 ./temp/TimerIntrMane.o
                0x0000000000003b5e                __ZN8eommpsys12TimerManager8TimerCH113adaptGeneralBEt

.text._ZN8eommpsys12TimerManager8TimerCH213adaptGeneralAEt
                0x0000000000003b64        0x6
 .text._ZN8eommpsys12TimerManager8TimerCH213adaptGeneralAEt
                0x0000000000003b64        0x6 ./temp/TimerIntrMane.o
                0x0000000000003b64                __ZN8eommpsys12TimerManager8TimerCH213adaptGeneralAEt

.text._ZN8eommpsys12TimerManager8TimerCH213adaptGeneralBEt
                0x0000000000003b6a        0x6
 .text._ZN8eommpsys12TimerManager8TimerCH213adaptGeneralBEt
                0x0000000000003b6a        0x6 ./temp/TimerIntrMane.o
                0x0000000000003b6a                __ZN8eommpsys12TimerManager8TimerCH213adaptGeneralBEt

.text._ZN8eommpsys12TimerManager5TMR2313adaptGeneralAEt
                0x0000000000003b70        0x6
 .text._ZN8eommpsys12TimerManager5TMR2313adaptGeneralAEt
                0x0000000000003b70        0x6 ./temp/TimerIntrMane.o
                0x0000000000003b70                __ZN8eommpsys12TimerManager5TMR2313adaptGeneralAEt

.text._ZN8eommpsys12TimerManager5TMR2313adaptGeneralBEt
                0x0000000000003b76        0x6
 .text._ZN8eommpsys12TimerManager5TMR2313adaptGeneralBEt
                0x0000000000003b76        0x6 ./temp/TimerIntrMane.o
                0x0000000000003b76                __ZN8eommpsys12TimerManager5TMR2313adaptGeneralBEt

.text._ZN8eommpsys12TimerManager8TimerCH07restartEv
                0x0000000000003b7c        0x6
 .text._ZN8eommpsys12TimerManager8TimerCH07restartEv
                0x0000000000003b7c        0x6 ./temp/TimerIntrMane.o
                0x0000000000003b7c                __ZN8eommpsys12TimerManager8TimerCH07restartEv

.text._ZN8eommpsys12TimerManager8TimerCH05pauseEv
                0x0000000000003b82        0x6
 .text._ZN8eommpsys12TimerManager8TimerCH05pauseEv
                0x0000000000003b82        0x6 ./temp/TimerIntrMane.o
                0x0000000000003b82                __ZN8eommpsys12TimerManager8TimerCH05pauseEv

.text._ZN8eommpsys12TimerManager8TimerCH17restartEv
                0x0000000000003b88        0x6
 .text._ZN8eommpsys12TimerManager8TimerCH17restartEv
                0x0000000000003b88        0x6 ./temp/TimerIntrMane.o
                0x0000000000003b88                __ZN8eommpsys12TimerManager8TimerCH17restartEv

.text._ZN8eommpsys12TimerManager8TimerCH15pauseEv
                0x0000000000003b8e        0xe
 .text._ZN8eommpsys12TimerManager8TimerCH15pauseEv
                0x0000000000003b8e        0xe ./temp/TimerIntrMane.o
                0x0000000000003b8e                __ZN8eommpsys12TimerManager8TimerCH15pauseEv

.text._ZN8eommpsys12TimerManager8TimerCH27restartEv
                0x0000000000003b9c        0x6
 .text._ZN8eommpsys12TimerManager8TimerCH27restartEv
                0x0000000000003b9c        0x6 ./temp/TimerIntrMane.o
                0x0000000000003b9c                __ZN8eommpsys12TimerManager8TimerCH27restartEv

.text._ZN8eommpsys12TimerManager8TimerCH25pauseEv
                0x0000000000003ba2        0xe
 .text._ZN8eommpsys12TimerManager8TimerCH25pauseEv
                0x0000000000003ba2        0xe ./temp/TimerIntrMane.o
                0x0000000000003ba2                __ZN8eommpsys12TimerManager8TimerCH25pauseEv

.text._ZN8eommpsys12TimerManager5TMR237restartEv
                0x0000000000003bb0       0x3c
 .text._ZN8eommpsys12TimerManager5TMR237restartEv
                0x0000000000003bb0       0x3c ./temp/TimerIntrMane.o
                0x0000000000003bb0                __ZN8eommpsys12TimerManager5TMR237restartEv

.text._ZN8eommpsys12TimerManager5TMR235pauseEv
                0x0000000000003bec       0x1a
 .text._ZN8eommpsys12TimerManager5TMR235pauseEv
                0x0000000000003bec       0x1a ./temp/TimerIntrMane.o
                0x0000000000003bec                __ZN8eommpsys12TimerManager5TMR235pauseEv

.text._ZN8eommpsys12TimerManager8TimerCH013adaptHandlerAEv
                0x0000000000003c06       0x2c
 .text._ZN8eommpsys12TimerManager8TimerCH013adaptHandlerAEv
                0x0000000000003c06       0x2c ./temp/TimerIntrMane.o
                0x0000000000003c06                __ZN8eommpsys12TimerManager8TimerCH013adaptHandlerAEv

.text._ZN8eommpsys12TimerManager8TimerCH013adaptHandlerBEv
                0x0000000000003c32       0x2c
 .text._ZN8eommpsys12TimerManager8TimerCH013adaptHandlerBEv
                0x0000000000003c32       0x2c ./temp/TimerIntrMane.o
                0x0000000000003c32                __ZN8eommpsys12TimerManager8TimerCH013adaptHandlerBEv

.text._ZN8eommpsys12TimerManager8TimerCH015adaptHandlerOVFEv
                0x0000000000003c5e       0x1a
 .text._ZN8eommpsys12TimerManager8TimerCH015adaptHandlerOVFEv
                0x0000000000003c5e       0x1a ./temp/TimerIntrMane.o
                0x0000000000003c5e                __ZN8eommpsys12TimerManager8TimerCH015adaptHandlerOVFEv

.text._ZN8eommpsys12TimerManager8TimerCH113adaptHandlerAEv
                0x0000000000003c78       0x2c
 .text._ZN8eommpsys12TimerManager8TimerCH113adaptHandlerAEv
                0x0000000000003c78       0x2c ./temp/TimerIntrMane.o
                0x0000000000003c78                __ZN8eommpsys12TimerManager8TimerCH113adaptHandlerAEv

.text._ZN8eommpsys12TimerManager8TimerCH113adaptHandlerBEv
                0x0000000000003ca4       0x2c
 .text._ZN8eommpsys12TimerManager8TimerCH113adaptHandlerBEv
                0x0000000000003ca4       0x2c ./temp/TimerIntrMane.o
                0x0000000000003ca4                __ZN8eommpsys12TimerManager8TimerCH113adaptHandlerBEv

.text._ZN8eommpsys12TimerManager8TimerCH115adaptHandlerOVFEv
                0x0000000000003cd0       0x1a
 .text._ZN8eommpsys12TimerManager8TimerCH115adaptHandlerOVFEv
                0x0000000000003cd0       0x1a ./temp/TimerIntrMane.o
                0x0000000000003cd0                __ZN8eommpsys12TimerManager8TimerCH115adaptHandlerOVFEv

.text._ZN8eommpsys12TimerManager8TimerCH213adaptHandlerAEv
                0x0000000000003cea       0x2c
 .text._ZN8eommpsys12TimerManager8TimerCH213adaptHandlerAEv
                0x0000000000003cea       0x2c ./temp/TimerIntrMane.o
                0x0000000000003cea                __ZN8eommpsys12TimerManager8TimerCH213adaptHandlerAEv

.text._ZN8eommpsys12TimerManager8TimerCH213adaptHandlerBEv
                0x0000000000003d16       0x2c
 .text._ZN8eommpsys12TimerManager8TimerCH213adaptHandlerBEv
                0x0000000000003d16       0x2c ./temp/TimerIntrMane.o
                0x0000000000003d16                __ZN8eommpsys12TimerManager8TimerCH213adaptHandlerBEv

.text._ZN8eommpsys12TimerManager8TimerCH215adaptHandlerOVFEv
                0x0000000000003d42       0x1a
 .text._ZN8eommpsys12TimerManager8TimerCH215adaptHandlerOVFEv
                0x0000000000003d42       0x1a ./temp/TimerIntrMane.o
                0x0000000000003d42                __ZN8eommpsys12TimerManager8TimerCH215adaptHandlerOVFEv

.text._ZN8eommpsys8H8MotorR10PutRunningEv
                0x0000000000003d5c        0xa
 .text._ZN8eommpsys8H8MotorR10PutRunningEv
                0x0000000000003d5c        0xa ./temp/Motor.o
                0x0000000000003d5c                __ZN8eommpsys8H8MotorR10PutRunningEv

.text._ZN8eommpsys8H8MotorR14SetSignalAbortEb
                0x0000000000003d66        0x8
 .text._ZN8eommpsys8H8MotorR14SetSignalAbortEb
                0x0000000000003d66        0x8 ./temp/Motor.o
                0x0000000000003d66                __ZN8eommpsys8H8MotorR14SetSignalAbortEb

.text._ZN8eommpsys8H8MotorR9IsRunningEv
                0x0000000000003d6e        0x8
 .text._ZN8eommpsys8H8MotorR9IsRunningEv
                0x0000000000003d6e        0x8 ./temp/Motor.o
                0x0000000000003d6e                __ZN8eommpsys8H8MotorR9IsRunningEv

.text._ZN8eommpsys8H8MotorR10IsAbortingEv
                0x0000000000003d76        0x8
 .text._ZN8eommpsys8H8MotorR10IsAbortingEv
                0x0000000000003d76        0x8 ./temp/Motor.o
                0x0000000000003d76                __ZN8eommpsys8H8MotorR10IsAbortingEv

.text._ZN8eommpsys8H8MotorR5StartEv
                0x0000000000003d7e       0x16
 .text._ZN8eommpsys8H8MotorR5StartEv
                0x0000000000003d7e       0x16 ./temp/Motor.o
                0x0000000000003d7e                __ZN8eommpsys8H8MotorR5StartEv

.text._ZN8eommpsys8H8MotorR8OnCenterEv
                0x0000000000003d94        0x8
 .text._ZN8eommpsys8H8MotorR8OnCenterEv
                0x0000000000003d94        0x8 ./temp/Motor.o
                0x0000000000003d94                __ZN8eommpsys8H8MotorR8OnCenterEv

.text._ZN8eommpsys8H8MotorR17PutDownCenterFlagEv
                0x0000000000003d9c        0xa
 .text._ZN8eommpsys8H8MotorR17PutDownCenterFlagEv
                0x0000000000003d9c        0xa ./temp/Motor.o
                0x0000000000003d9c                __ZN8eommpsys8H8MotorR17PutDownCenterFlagEv

.text._ZN8eommpsys8H8MotorR6EnableEb
                0x0000000000003da6       0x10
 .text._ZN8eommpsys8H8MotorR6EnableEb
                0x0000000000003da6       0x10 ./temp/Motor.o
                0x0000000000003da6                __ZN8eommpsys8H8MotorR6EnableEb

.text._ZN8eommpsys8H8MotorL10PutRunningEv
                0x0000000000003db6        0xa
 .text._ZN8eommpsys8H8MotorL10PutRunningEv
                0x0000000000003db6        0xa ./temp/Motor.o
                0x0000000000003db6                __ZN8eommpsys8H8MotorL10PutRunningEv

.text._ZN8eommpsys8H8MotorL14SetSignalAbortEb
                0x0000000000003dc0        0x8
 .text._ZN8eommpsys8H8MotorL14SetSignalAbortEb
                0x0000000000003dc0        0x8 ./temp/Motor.o
                0x0000000000003dc0                __ZN8eommpsys8H8MotorL14SetSignalAbortEb

.text._ZN8eommpsys8H8MotorL9IsRunningEv
                0x0000000000003dc8        0x8
 .text._ZN8eommpsys8H8MotorL9IsRunningEv
                0x0000000000003dc8        0x8 ./temp/Motor.o
                0x0000000000003dc8                __ZN8eommpsys8H8MotorL9IsRunningEv

.text._ZN8eommpsys8H8MotorL10IsAbortingEv
                0x0000000000003dd0        0x8
 .text._ZN8eommpsys8H8MotorL10IsAbortingEv
                0x0000000000003dd0        0x8 ./temp/Motor.o
                0x0000000000003dd0                __ZN8eommpsys8H8MotorL10IsAbortingEv

.text._ZN8eommpsys8H8MotorL5StartEv
                0x0000000000003dd8       0x16
 .text._ZN8eommpsys8H8MotorL5StartEv
                0x0000000000003dd8       0x16 ./temp/Motor.o
                0x0000000000003dd8                __ZN8eommpsys8H8MotorL5StartEv

.text._ZN8eommpsys8H8MotorL8OnCenterEv
                0x0000000000003dee        0x8
 .text._ZN8eommpsys8H8MotorL8OnCenterEv
                0x0000000000003dee        0x8 ./temp/Motor.o
                0x0000000000003dee                __ZN8eommpsys8H8MotorL8OnCenterEv

.text._ZN8eommpsys8H8MotorL17PutDownCenterFlagEv
                0x0000000000003df6        0xa
 .text._ZN8eommpsys8H8MotorL17PutDownCenterFlagEv
                0x0000000000003df6        0xa ./temp/Motor.o
                0x0000000000003df6                __ZN8eommpsys8H8MotorL17PutDownCenterFlagEv

.text._ZN8eommpsys8H8MotorL6EnableEb
                0x0000000000003e00       0x10
 .text._ZN8eommpsys8H8MotorL6EnableEb
                0x0000000000003e00       0x10 ./temp/Motor.o
                0x0000000000003e00                __ZN8eommpsys8H8MotorL6EnableEb

.text._ZN8eommpsys8H8MotorL5BrakeEv
                0x0000000000003e10       0x3e
 .text._ZN8eommpsys8H8MotorL5BrakeEv
                0x0000000000003e10       0x3e ./temp/Motor.o
                0x0000000000003e10                __ZN8eommpsys8H8MotorL5BrakeEv

.text._ZN8eommpsys8H8MotorR5BrakeEv
                0x0000000000003e4e       0x3e
 .text._ZN8eommpsys8H8MotorR5BrakeEv
                0x0000000000003e4e       0x3e ./temp/Motor.o
                0x0000000000003e4e                __ZN8eommpsys8H8MotorR5BrakeEv

.text._ZNKSt9type_infoeqERKS_
                0x0000000000003e8c       0x7e
 .text._ZNKSt9type_infoeqERKS_
                0x0000000000003e8c       0x7e /usr/local/h8300-elf/lib/gcc/h8300-elf/8.5.0/../../../../h8300-elf/lib/h8300h/libstdc++.a(class_type_info.o)
                0x0000000000003e8c                __ZNKSt9type_infoeqERKS_

.text._ZN10__cxxabiv112_GLOBAL__N_118contained_public_pENS_17__class_type_info10__sub_kindE
                0x0000000000003f0a       0x2a
 .text._ZN10__cxxabiv112_GLOBAL__N_118contained_public_pENS_17__class_type_info10__sub_kindE
                0x0000000000003f0a       0x2a /usr/local/h8300-elf/lib/gcc/h8300-elf/8.5.0/../../../../h8300-elf/lib/h8300h/libstdc++.a(class_type_info.o)

.text._ZN10__cxxabiv117__class_type_info15__upcast_resultC2Ei
                0x0000000000003f34       0x56
 .text._ZN10__cxxabiv117__class_type_info15__upcast_resultC2Ei
                0x0000000000003f34       0x56 /usr/local/h8300-elf/lib/gcc/h8300-elf/8.5.0/../../../../h8300-elf/lib/h8300h/libstdc++.a(class_type_info.o)
                0x0000000000003f34                __ZN10__cxxabiv117__class_type_info15__upcast_resultC2Ei
                0x0000000000003f34                __ZN10__cxxabiv117__class_type_info15__upcast_resultC1Ei

.text._ZN10__cxxabiv117__class_type_infoD2Ev
                0x0000000000003f8a       0x34
 .text._ZN10__cxxabiv117__class_type_infoD2Ev
                0x0000000000003f8a       0x34 /usr/local/h8300-elf/lib/gcc/h8300-elf/8.5.0/../../../../h8300-elf/lib/h8300h/libstdc++.a(class_type_info.o)
                0x0000000000003f8a                __ZN10__cxxabiv117__class_type_infoD2Ev
                0x0000000000003f8a                __ZN10__cxxabiv117__class_type_infoD1Ev

.text._ZN10__cxxabiv117__class_type_infoD0Ev
                0x0000000000003fbe       0x32
 .text._ZN10__cxxabiv117__class_type_infoD0Ev
                0x0000000000003fbe       0x32 /usr/local/h8300-elf/lib/gcc/h8300-elf/8.5.0/../../../../h8300-elf/lib/h8300h/libstdc++.a(class_type_info.o)
                0x0000000000003fbe                __ZN10__cxxabiv117__class_type_infoD0Ev

.text._ZNK10__cxxabiv117__class_type_info10__do_catchEPKSt9type_infoPPvj
                0x0000000000003ff0       0x84
 .text._ZNK10__cxxabiv117__class_type_info10__do_catchEPKSt9type_infoPPvj
                0x0000000000003ff0       0x84 /usr/local/h8300-elf/lib/gcc/h8300-elf/8.5.0/../../../../h8300-elf/lib/h8300h/libstdc++.a(class_type_info.o)
                0x0000000000003ff0                __ZNK10__cxxabiv117__class_type_info10__do_catchEPKSt9type_infoPPvj

.text._ZNK10__cxxabiv117__class_type_info11__do_upcastEPKS0_PPv
                0x0000000000004074       0xaa
 .text._ZNK10__cxxabiv117__class_type_info11__do_upcastEPKS0_PPv
                0x0000000000004074       0xaa /usr/local/h8300-elf/lib/gcc/h8300-elf/8.5.0/../../../../h8300-elf/lib/h8300h/libstdc++.a(class_type_info.o)
                0x0000000000004074                __ZNK10__cxxabiv117__class_type_info11__do_upcastEPKS0_PPv

.text._ZNK10__cxxabiv117__class_type_info20__do_find_public_srcElPKvPKS0_S2_
                0x000000000000411e       0x46
 .text._ZNK10__cxxabiv117__class_type_info20__do_find_public_srcElPKvPKS0_S2_
                0x000000000000411e       0x46 /usr/local/h8300-elf/lib/gcc/h8300-elf/8.5.0/../../../../h8300-elf/lib/h8300h/libstdc++.a(class_type_info.o)
                0x000000000000411e                __ZNK10__cxxabiv117__class_type_info20__do_find_public_srcElPKvPKS0_S2_

.text._ZNK10__cxxabiv117__class_type_info12__do_dyncastElNS0_10__sub_kindEPKS0_PKvS3_S5_RNS0_16__dyncast_resultE
                0x0000000000004164       0xbc
 .text._ZNK10__cxxabiv117__class_type_info12__do_dyncastElNS0_10__sub_kindEPKS0_PKvS3_S5_RNS0_16__dyncast_resultE
                0x0000000000004164       0xbc /usr/local/h8300-elf/lib/gcc/h8300-elf/8.5.0/../../../../h8300-elf/lib/h8300h/libstdc++.a(class_type_info.o)
                0x0000000000004164                __ZNK10__cxxabiv117__class_type_info12__do_dyncastElNS0_10__sub_kindEPKS0_PKvS3_S5_RNS0_16__dyncast_resultE

.text._ZNK10__cxxabiv117__class_type_info11__do_upcastEPKS0_PKvRNS0_15__upcast_resultE
                0x0000000000004220       0x7a
 .text._ZNK10__cxxabiv117__class_type_info11__do_upcastEPKS0_PKvRNS0_15__upcast_resultE
                0x0000000000004220       0x7a /usr/local/h8300-elf/lib/gcc/h8300-elf/8.5.0/../../../../h8300-elf/lib/h8300h/libstdc++.a(class_type_info.o)
                0x0000000000004220                __ZNK10__cxxabiv117__class_type_info11__do_upcastEPKS0_PKvRNS0_15__upcast_resultE

.text._ZNSt9type_infoD2Ev
                0x000000000000429a       0x28
 .text._ZNSt9type_infoD2Ev
                0x000000000000429a       0x28 /usr/local/h8300-elf/lib/gcc/h8300-elf/8.5.0/../../../../h8300-elf/lib/h8300h/libstdc++.a(tinfo.o)
                0x000000000000429a                __ZNSt9type_infoD1Ev
                0x000000000000429a                __ZNSt9type_infoD2Ev

.text._ZNSt9type_infoD0Ev
                0x00000000000042c2       0x32
 .text._ZNSt9type_infoD0Ev
                0x00000000000042c2       0x32 /usr/local/h8300-elf/lib/gcc/h8300-elf/8.5.0/../../../../h8300-elf/lib/h8300h/libstdc++.a(tinfo.o)
                0x00000000000042c2                __ZNSt9type_infoD0Ev

.text._ZNKSt9type_info14__is_pointer_pEv
                0x00000000000042f4       0x1a
 .text._ZNKSt9type_info14__is_pointer_pEv
                0x00000000000042f4       0x1a /usr/local/h8300-elf/lib/gcc/h8300-elf/8.5.0/../../../../h8300-elf/lib/h8300h/libstdc++.a(tinfo.o)
                0x00000000000042f4                __ZNKSt9type_info14__is_pointer_pEv

.text._ZNKSt9type_info15__is_function_pEv
                0x000000000000430e       0x1a
 .text._ZNKSt9type_info15__is_function_pEv
                0x000000000000430e       0x1a /usr/local/h8300-elf/lib/gcc/h8300-elf/8.5.0/../../../../h8300-elf/lib/h8300h/libstdc++.a(tinfo.o)
                0x000000000000430e                __ZNKSt9type_info15__is_function_pEv

.text._ZNKSt9type_info10__do_catchEPKS_PPvj
                0x0000000000004328       0x42
 .text._ZNKSt9type_info10__do_catchEPKS_PPvj
                0x0000000000004328       0x42 /usr/local/h8300-elf/lib/gcc/h8300-elf/8.5.0/../../../../h8300-elf/lib/h8300h/libstdc++.a(tinfo.o)
                0x0000000000004328                __ZNKSt9type_info10__do_catchEPKS_PPvj

.text._ZNKSt9type_info11__do_upcastEPKN10__cxxabiv117__class_type_infoEPPv
                0x000000000000436a       0x2e
 .text._ZNKSt9type_info11__do_upcastEPKN10__cxxabiv117__class_type_infoEPPv
                0x000000000000436a       0x2e /usr/local/h8300-elf/lib/gcc/h8300-elf/8.5.0/../../../../h8300-elf/lib/h8300h/libstdc++.a(tinfo.o)
                0x000000000000436a                __ZNKSt9type_info11__do_upcastEPKN10__cxxabiv117__class_type_infoEPPv

.text._ZN10__cxxabiv120__si_class_type_infoD2Ev
                0x0000000000004398       0x34
 .text._ZN10__cxxabiv120__si_class_type_infoD2Ev
                0x0000000000004398       0x34 /usr/local/h8300-elf/lib/gcc/h8300-elf/8.5.0/../../../../h8300-elf/lib/h8300h/libstdc++.a(si_class_type_info.o)
                0x0000000000004398                __ZN10__cxxabiv120__si_class_type_infoD1Ev
                0x0000000000004398                __ZN10__cxxabiv120__si_class_type_infoD2Ev

.text._ZN10__cxxabiv120__si_class_type_infoD0Ev
                0x00000000000043cc       0x32
 .text._ZN10__cxxabiv120__si_class_type_infoD0Ev
                0x00000000000043cc       0x32 /usr/local/h8300-elf/lib/gcc/h8300-elf/8.5.0/../../../../h8300-elf/lib/h8300h/libstdc++.a(si_class_type_info.o)
                0x00000000000043cc                __ZN10__cxxabiv120__si_class_type_infoD0Ev

.text._ZNK10__cxxabiv120__si_class_type_info20__do_find_public_srcElPKvPKNS_17__class_type_infoES2_
                0x00000000000043fe       0xc0
 .text._ZNK10__cxxabiv120__si_class_type_info20__do_find_public_srcElPKvPKNS_17__class_type_infoES2_
                0x00000000000043fe       0xc0 /usr/local/h8300-elf/lib/gcc/h8300-elf/8.5.0/../../../../h8300-elf/lib/h8300h/libstdc++.a(si_class_type_info.o)
                0x00000000000043fe                __ZNK10__cxxabiv120__si_class_type_info20__do_find_public_srcElPKvPKNS_17__class_type_infoES2_

.text._ZNK10__cxxabiv120__si_class_type_info12__do_dyncastElNS_17__class_type_info10__sub_kindEPKS1_PKvS4_S6_RNS1_16__dyncast_resultE
                0x00000000000044be      0x184
 .text._ZNK10__cxxabiv120__si_class_type_info12__do_dyncastElNS_17__class_type_info10__sub_kindEPKS1_PKvS4_S6_RNS1_16__dyncast_resultE
                0x00000000000044be      0x184 /usr/local/h8300-elf/lib/gcc/h8300-elf/8.5.0/../../../../h8300-elf/lib/h8300h/libstdc++.a(si_class_type_info.o)
                0x00000000000044be                __ZNK10__cxxabiv120__si_class_type_info12__do_dyncastElNS_17__class_type_info10__sub_kindEPKS1_PKvS4_S6_RNS1_16__dyncast_resultE

.text._ZNK10__cxxabiv120__si_class_type_info11__do_upcastEPKNS_17__class_type_infoEPKvRNS1_15__upcast_resultE
                0x0000000000004642       0xac
 .text._ZNK10__cxxabiv120__si_class_type_info11__do_upcastEPKNS_17__class_type_infoEPKvRNS1_15__upcast_resultE
                0x0000000000004642       0xac /usr/local/h8300-elf/lib/gcc/h8300-elf/8.5.0/../../../../h8300-elf/lib/h8300h/libstdc++.a(si_class_type_info.o)
                0x0000000000004642                __ZNK10__cxxabiv120__si_class_type_info11__do_upcastEPKNS_17__class_type_infoEPKvRNS1_15__upcast_resultE

.text._ZN10__cxxabiv112_GLOBAL__N_114adjust_pointerIvEEPKT_PKvl
                0x00000000000046ee       0x32
 .text._ZN10__cxxabiv112_GLOBAL__N_114adjust_pointerIvEEPKT_PKvl
                0x00000000000046ee       0x32 /usr/local/h8300-elf/lib/gcc/h8300-elf/8.5.0/../../../../h8300-elf/lib/h8300h/libstdc++.a(si_class_type_info.o)

.text._ZdlPvm   0x0000000000004720       0x30
 .text._ZdlPvm  0x0000000000004720       0x30 /usr/local/h8300-elf/lib/gcc/h8300-elf/8.5.0/../../../../h8300-elf/lib/h8300h/libstdc++.a(del_ops.o)
                0x0000000000004720                __ZdlPvm

.text._ZdlPv    0x0000000000004750       0x24
 .text._ZdlPv   0x0000000000004750       0x24 /usr/local/h8300-elf/lib/gcc/h8300-elf/8.5.0/../../../../h8300-elf/lib/h8300h/libstdc++.a(del_op.o)
                0x0000000000004750                __ZdlPv

.init
 *(.init)

.fini
 *(.fini)

.got
 *(.got)
 *(.got.plt)

.rodata         0x0000000000004774      0x52f
 *(.rodata)
 .rodata        0x0000000000004774       0x18 ./temp/main.o
 .rodata        0x000000000000478c       0x4c ./temp/Mouse.o
 .rodata        0x00000000000047d8       0x1f ./temp/TimerIntrMane.o
 *fill*         0x00000000000047f7        0x1 
 .rodata        0x00000000000047f8       0x18 ./temp/Motor.o
 .rodata        0x0000000000004810        0x8 /usr/local/h8300-elf/lib/gcc/h8300-elf/8.5.0/h8300h/libgcc.a(_thenan_sf.o)
                0x0000000000004810                ___thenan_sf
 .rodata        0x0000000000004818      0x100 /usr/local/h8300-elf/lib/gcc/h8300-elf/8.5.0/h8300h/libgcc.a(_clz.o)
                0x0000000000004818                ___clz_tab
 .rodata        0x0000000000004918        0x4 /usr/local/h8300-elf/lib/gcc/h8300-elf/8.5.0/../../../../h8300-elf/lib/h8300h/libc.a(lib_a-impure.o)
                0x0000000000004918                __global_impure_ptr
 *(.rodata.*)
 .rodata._ZTSN8eommpsys12TimerManager9TimerBaseItEE
                0x000000000000491c       0x27 ./temp/TimerIntrMane.o
                0x000000000000491c                __ZTSN8eommpsys12TimerManager9TimerBaseItEE
 *fill*         0x0000000000004943        0x1 
 .rodata._ZTIN8eommpsys12TimerManager9TimerBaseItEE
                0x0000000000004944        0x8 ./temp/TimerIntrMane.o
                0x0000000000004944                __ZTIN8eommpsys12TimerManager9TimerBaseItEE
 .rodata._ZTSN8eommpsys12TimerManager8TimerCH0E
                0x000000000000494c       0x23 ./temp/TimerIntrMane.o
                0x000000000000494c                __ZTSN8eommpsys12TimerManager8TimerCH0E
 *fill*         0x000000000000496f        0x1 
 .rodata._ZTIN8eommpsys12TimerManager8TimerCH0E
                0x0000000000004970        0xc ./temp/TimerIntrMane.o
                0x0000000000004970                __ZTIN8eommpsys12TimerManager8TimerCH0E
 .rodata._ZTSN8eommpsys12TimerManager8TimerCH1E
                0x000000000000497c       0x23 ./temp/TimerIntrMane.o
                0x000000000000497c                __ZTSN8eommpsys12TimerManager8TimerCH1E
 *fill*         0x000000000000499f        0x1 
 .rodata._ZTIN8eommpsys12TimerManager8TimerCH1E
                0x00000000000049a0        0xc ./temp/TimerIntrMane.o
                0x00000000000049a0                __ZTIN8eommpsys12TimerManager8TimerCH1E
 .rodata._ZTSN8eommpsys12TimerManager8TimerCH2E
                0x00000000000049ac       0x23 ./temp/TimerIntrMane.o
                0x00000000000049ac                __ZTSN8eommpsys12TimerManager8TimerCH2E
 *fill*         0x00000000000049cf        0x1 
 .rodata._ZTIN8eommpsys12TimerManager8TimerCH2E
                0x00000000000049d0        0xc ./temp/TimerIntrMane.o
                0x00000000000049d0                __ZTIN8eommpsys12TimerManager8TimerCH2E
 .rodata._ZTSN8eommpsys12TimerManager5TMR23E
                0x00000000000049dc       0x20 ./temp/TimerIntrMane.o
                0x00000000000049dc                __ZTSN8eommpsys12TimerManager5TMR23E
 .rodata._ZTIN8eommpsys12TimerManager5TMR23E
                0x00000000000049fc        0xc ./temp/TimerIntrMane.o
                0x00000000000049fc                __ZTIN8eommpsys12TimerManager5TMR23E
 .rodata._ZTVN8eommpsys12TimerManager8TimerCH0E
                0x0000000000004a08       0x2c ./temp/TimerIntrMane.o
                0x0000000000004a08                __ZTVN8eommpsys12TimerManager8TimerCH0E
 .rodata._ZTVN8eommpsys12TimerManager8TimerCH1E
                0x0000000000004a34       0x2c ./temp/TimerIntrMane.o
                0x0000000000004a34                __ZTVN8eommpsys12TimerManager8TimerCH1E
 .rodata._ZTVN8eommpsys12TimerManager8TimerCH2E
                0x0000000000004a60       0x2c ./temp/TimerIntrMane.o
                0x0000000000004a60                __ZTVN8eommpsys12TimerManager8TimerCH2E
 .rodata._ZTVN8eommpsys12TimerManager5TMR23E
                0x0000000000004a8c       0x2c ./temp/TimerIntrMane.o
                0x0000000000004a8c                __ZTVN8eommpsys12TimerManager5TMR23E
 .rodata._ZTSN8eommpsys7H8MotorE
                0x0000000000004ab8       0x14 ./temp/Motor.o
                0x0000000000004ab8                __ZTSN8eommpsys7H8MotorE
 .rodata._ZTIN8eommpsys7H8MotorE
                0x0000000000004acc        0x8 ./temp/Motor.o
                0x0000000000004acc                __ZTIN8eommpsys7H8MotorE
 .rodata._ZTSN8eommpsys8H8MotorRE
                0x0000000000004ad4       0x15 ./temp/Motor.o
                0x0000000000004ad4                __ZTSN8eommpsys8H8MotorRE
 *fill*         0x0000000000004ae9        0x3 
 .rodata._ZTIN8eommpsys8H8MotorRE
                0x0000000000004aec        0xc ./temp/Motor.o
                0x0000000000004aec                __ZTIN8eommpsys8H8MotorRE
 .rodata._ZTSN8eommpsys8H8MotorLE
                0x0000000000004af8       0x15 ./temp/Motor.o
                0x0000000000004af8                __ZTSN8eommpsys8H8MotorLE
 *fill*         0x0000000000004b0d        0x3 
 .rodata._ZTIN8eommpsys8H8MotorLE
                0x0000000000004b10        0xc ./temp/Motor.o
                0x0000000000004b10                __ZTIN8eommpsys8H8MotorLE
 .rodata._ZTVN8eommpsys8H8MotorRE
                0x0000000000004b1c       0x38 ./temp/Motor.o
                0x0000000000004b1c                __ZTVN8eommpsys8H8MotorRE
 .rodata._ZTVN8eommpsys8H8MotorLE
                0x0000000000004b54       0x38 ./temp/Motor.o
                0x0000000000004b54                __ZTVN8eommpsys8H8MotorLE
 .rodata._ZN10__cxxabiv112_GLOBAL__N_1L20nonvirtual_base_typeE
                0x0000000000004b8c        0x4 /usr/local/h8300-elf/lib/gcc/h8300-elf/8.5.0/../../../../h8300-elf/lib/h8300h/libstdc++.a(class_type_info.o)
 .rodata._ZTVN10__cxxabiv117__class_type_infoE
                0x0000000000004b90       0x2c /usr/local/h8300-elf/lib/gcc/h8300-elf/8.5.0/../../../../h8300-elf/lib/h8300h/libstdc++.a(class_type_info.o)
                0x0000000000004b90                __ZTVN10__cxxabiv117__class_type_infoE
 .rodata._ZTIN10__cxxabiv117__class_type_infoE
                0x0000000000004bbc        0xc /usr/local/h8300-elf/lib/gcc/h8300-elf/8.5.0/../../../../h8300-elf/lib/h8300h/libstdc++.a(class_type_info.o)
                0x0000000000004bbc                __ZTIN10__cxxabiv117__class_type_infoE
 .rodata._ZTSN10__cxxabiv117__class_type_infoE
                0x0000000000004bc8       0x22 /usr/local/h8300-elf/lib/gcc/h8300-elf/8.5.0/../../../../h8300-elf/lib/h8300h/libstdc++.a(class_type_info.o)
                0x0000000000004bc8                __ZTSN10__cxxabiv117__class_type_infoE
 *fill*         0x0000000000004bea        0x2 
 .rodata._ZN10__cxxabiv112_GLOBAL__N_1L20nonvirtual_base_typeE
                0x0000000000004bec        0x4 /usr/local/h8300-elf/lib/gcc/h8300-elf/8.5.0/../../../../h8300-elf/lib/h8300h/libstdc++.a(tinfo.o)
 .rodata._ZTVSt9type_info
                0x0000000000004bf0       0x20 /usr/local/h8300-elf/lib/gcc/h8300-elf/8.5.0/../../../../h8300-elf/lib/h8300h/libstdc++.a(tinfo.o)
                0x0000000000004bf0                __ZTVSt9type_info
 .rodata._ZTISt9type_info
                0x0000000000004c10        0x8 /usr/local/h8300-elf/lib/gcc/h8300-elf/8.5.0/../../../../h8300-elf/lib/h8300h/libstdc++.a(tinfo.o)
                0x0000000000004c10                __ZTISt9type_info
 .rodata._ZTSSt9type_info
                0x0000000000004c18        0xd /usr/local/h8300-elf/lib/gcc/h8300-elf/8.5.0/../../../../h8300-elf/lib/h8300h/libstdc++.a(tinfo.o)
                0x0000000000004c18                __ZTSSt9type_info
 *fill*         0x0000000000004c25        0x3 
 .rodata._ZN10__cxxabiv112_GLOBAL__N_1L20nonvirtual_base_typeE
                0x0000000000004c28        0x4 /usr/local/h8300-elf/lib/gcc/h8300-elf/8.5.0/../../../../h8300-elf/lib/h8300h/libstdc++.a(si_class_type_info.o)
 .rodata._ZTVN10__cxxabiv120__si_class_type_infoE
                0x0000000000004c2c       0x2c /usr/local/h8300-elf/lib/gcc/h8300-elf/8.5.0/../../../../h8300-elf/lib/h8300h/libstdc++.a(si_class_type_info.o)
                0x0000000000004c2c                __ZTVN10__cxxabiv120__si_class_type_infoE
 .rodata._ZTIN10__cxxabiv120__si_class_type_infoE
                0x0000000000004c58        0xc /usr/local/h8300-elf/lib/gcc/h8300-elf/8.5.0/../../../../h8300-elf/lib/h8300h/libstdc++.a(si_class_type_info.o)
                0x0000000000004c58                __ZTIN10__cxxabiv120__si_class_type_infoE
 .rodata._ZTSN10__cxxabiv120__si_class_type_infoE
                0x0000000000004c64       0x25 /usr/local/h8300-elf/lib/gcc/h8300-elf/8.5.0/../../../../h8300-elf/lib/h8300h/libstdc++.a(si_class_type_info.o)
                0x0000000000004c64                __ZTSN10__cxxabiv120__si_class_type_infoE
 .rodata.str1.1
                0x0000000000004c89       0x1a /usr/local/h8300-elf/lib/gcc/h8300-elf/8.5.0/../../../../h8300-elf/lib/h8300h/libc.a(lib_a-sbrk.o)
                0x0000000000004ca3                _erodata = .

.eh_frame_hdr
 *(.eh_frame_hdr)

.eh_frame
 *(.eh_frame)

.jcr
 *(.jcr)

.tors           0x0000000000004ca3       0x10
                0x0000000000004ca3                __CTOR_LIST__ = .
                0x0000000000004ca3        0x4 LONG 0x0 (((__CTOR_END__ - __CTOR_LIST__) / 0x4) - 0x2)
                0x0000000000004ca7                ___ctors = .
 *(.ctors)
                0x0000000000004ca7                ___ctors_end = .
                0x0000000000004ca7        0x4 LONG 0x0
                0x0000000000004cab                __CTOR_END__ = .
                0x0000000000004cab                __DTOR_LIST__ = .
                0x0000000000004cab        0x4 LONG 0x0 (((__DTOR_END__ - __DTOR_LIST__) / 0x4) - 0x2)
                0x0000000000004caf                ___dtors = .
 *(.dtors)
                0x0000000000004caf                ___dtors_end = .
                0x0000000000004caf        0x4 LONG 0x0
                0x0000000000004cb3                __DTOR_END__ = .
                0x0000000000004cb3                _mdata = .

.data           0x0000000000ffbf20       0x5d load address 0x0000000000004cb3
                0x0000000000ffbf20                _data = .
 *(.data)
 .data          0x0000000000ffbf20        0x0 /tmp/ccM2FPHO.o
 .data          0x0000000000ffbf20        0x0 ./temp/ui.o
 .data          0x0000000000ffbf20        0x0 ./temp/delay.o
 .data          0x0000000000ffbf20        0x0 ./temp/intr.o
 .data          0x0000000000ffbf20        0x0 ./temp/main.o
 .data          0x0000000000ffbf20        0x0 ./temp/Mouse.o
 .data          0x0000000000ffbf20        0x0 ./temp/TimerIntrMane.o
 .data          0x0000000000ffbf20        0x0 ./temp/MovementController.o
 .data          0x0000000000ffbf20        0x0 ./temp/Motor.o
 .data          0x0000000000ffbf20        0x0 /usr/local/h8300-elf/lib/gcc/h8300-elf/8.5.0/../../../../h8300-elf/lib/h8300h/libstdc++.a(class_type_info.o)
 .data          0x0000000000ffbf20        0x0 /usr/local/h8300-elf/lib/gcc/h8300-elf/8.5.0/../../../../h8300-elf/lib/h8300h/libstdc++.a(tinfo.o)
 .data          0x0000000000ffbf20        0x0 /usr/local/h8300-elf/lib/gcc/h8300-elf/8.5.0/../../../../h8300-elf/lib/h8300h/libstdc++.a(si_class_type_info.o)
 .data          0x0000000000ffbf20        0x0 /usr/local/h8300-elf/lib/gcc/h8300-elf/8.5.0/../../../../h8300-elf/lib/h8300h/libstdc++.a(del_ops.o)
 .data          0x0000000000ffbf20        0x0 /usr/local/h8300-elf/lib/gcc/h8300-elf/8.5.0/../../../../h8300-elf/lib/h8300h/libstdc++.a(del_op.o)
 .data          0x0000000000ffbf20        0x0 /usr/local/h8300-elf/lib/gcc/h8300-elf/8.5.0/h8300h/libgcc.a(_fixunssfsi.o)
 .data          0x0000000000ffbf20        0x0 /usr/local/h8300-elf/lib/gcc/h8300-elf/8.5.0/h8300h/libgcc.a(_addsub_sf.o)
 .data          0x0000000000ffbf20        0x0 /usr/local/h8300-elf/lib/gcc/h8300-elf/8.5.0/h8300h/libgcc.a(_mul_sf.o)
 .data          0x0000000000ffbf20        0x0 /usr/local/h8300-elf/lib/gcc/h8300-elf/8.5.0/h8300h/libgcc.a(_div_sf.o)
 .data          0x0000000000ffbf20        0x0 /usr/local/h8300-elf/lib/gcc/h8300-elf/8.5.0/h8300h/libgcc.a(_gt_sf.o)
 .data          0x0000000000ffbf20        0x0 /usr/local/h8300-elf/lib/gcc/h8300-elf/8.5.0/h8300h/libgcc.a(_ge_sf.o)
 .data          0x0000000000ffbf20        0x0 /usr/local/h8300-elf/lib/gcc/h8300-elf/8.5.0/h8300h/libgcc.a(_le_sf.o)
 .data          0x0000000000ffbf20        0x0 /usr/local/h8300-elf/lib/gcc/h8300-elf/8.5.0/h8300h/libgcc.a(_sf_to_si.o)
 .data          0x0000000000ffbf20        0x0 /usr/local/h8300-elf/lib/gcc/h8300-elf/8.5.0/h8300h/libgcc.a(_thenan_sf.o)
 .data          0x0000000000ffbf20        0x0 /usr/local/h8300-elf/lib/gcc/h8300-elf/8.5.0/h8300h/libgcc.a(_usi_to_sf.o)
 .data          0x0000000000ffbf20        0x0 /usr/local/h8300-elf/lib/gcc/h8300-elf/8.5.0/h8300h/libgcc.a(_clzsi2.o)
 .data          0x0000000000ffbf20        0x0 /usr/local/h8300-elf/lib/gcc/h8300-elf/8.5.0/h8300h/libgcc.a(_pack_sf.o)
 .data          0x0000000000ffbf20        0x0 /usr/local/h8300-elf/lib/gcc/h8300-elf/8.5.0/h8300h/libgcc.a(_unpack_sf.o)
 .data          0x0000000000ffbf20        0x0 /usr/local/h8300-elf/lib/gcc/h8300-elf/8.5.0/h8300h/libgcc.a(_fpcmp_parts_sf.o)
 .data          0x0000000000ffbf20        0x0 /usr/local/h8300-elf/lib/gcc/h8300-elf/8.5.0/h8300h/libgcc.a(_clz.o)
 .data          0x0000000000ffbf20        0x0 /usr/local/h8300-elf/lib/gcc/h8300-elf/8.5.0/../../../../h8300-elf/lib/h8300h/libc.a(lib_a-malloc.o)
 .data          0x0000000000ffbf20        0x0 /usr/local/h8300-elf/lib/gcc/h8300-elf/8.5.0/../../../../h8300-elf/lib/h8300h/libc.a(lib_a-nano-freer.o)
 .data          0x0000000000ffbf20        0x0 /usr/local/h8300-elf/lib/gcc/h8300-elf/8.5.0/../../../../h8300-elf/lib/h8300h/libc.a(lib_a-nano-mallocr.o)
 .data          0x0000000000ffbf20        0x0 /usr/local/h8300-elf/lib/gcc/h8300-elf/8.5.0/../../../../h8300-elf/lib/h8300h/libc.a(lib_a-sbrkr.o)
 .data          0x0000000000ffbf20        0x0 /usr/local/h8300-elf/lib/gcc/h8300-elf/8.5.0/../../../../h8300-elf/lib/h8300h/libc.a(lib_a-strcmp.o)
 .data          0x0000000000ffbf20       0x5c /usr/local/h8300-elf/lib/gcc/h8300-elf/8.5.0/../../../../h8300-elf/lib/h8300h/libc.a(lib_a-impure.o)
                0x0000000000ffbf20                __impure_ptr
 .data          0x0000000000ffbf7c        0x0 /usr/local/h8300-elf/lib/gcc/h8300-elf/8.5.0/../../../../h8300-elf/lib/h8300h/libc.a(lib_a-mlock.o)
 .data          0x0000000000ffbf7c        0x0 /usr/local/h8300-elf/lib/gcc/h8300-elf/8.5.0/../../../../h8300-elf/lib/h8300h/libc.a(lib_a-reent.o)
 .data          0x0000000000ffbf7c        0x0 /usr/local/h8300-elf/lib/gcc/h8300-elf/8.5.0/../../../../h8300-elf/lib/h8300h/libc.a(lib_a-sbrk.o)
 .data          0x0000000000ffbf7c        0x0 /usr/local/h8300-elf/lib/gcc/h8300-elf/8.5.0/../../../../h8300-elf/lib/h8300h/libc.a(lib_a-write.o)
 .data          0x0000000000ffbf7c        0x0 /usr/local/h8300-elf/lib/gcc/h8300-elf/8.5.0/../../../../h8300-elf/lib/h8300h/libc.a(lib_a-abort.o)
 .data          0x0000000000ffbf7c        0x0 /usr/local/h8300-elf/lib/gcc/h8300-elf/8.5.0/../../../../h8300-elf/lib/h8300h/libc.a(lib_a-signal.o)
 .data          0x0000000000ffbf7c        0x0 /usr/local/h8300-elf/lib/gcc/h8300-elf/8.5.0/../../../../h8300-elf/lib/h8300h/libc.a(lib_a-signalr.o)
 .data          0x0000000000ffbf7c        0x0 /usr/local/h8300-elf/lib/gcc/h8300-elf/8.5.0/../../../../h8300-elf/lib/h8300h/libc.a(lib_a-_exit.o)
 .data          0x0000000000ffbf7c        0x0 /usr/local/h8300-elf/lib/gcc/h8300-elf/8.5.0/../../../../h8300-elf/lib/h8300h/libc.a(lib_a-misc.o)
 *(.data.*)
 .data._ZZN8eommpsys7H8Mouse10SetNextDirENS_6Wall_tEE19dotti_ni_siyou_kana
                0x0000000000ffbf7c        0x1 ./temp/main.o
                0x0000000000ffbf7c                __ZZN8eommpsys7H8Mouse10SetNextDirENS_6Wall_tEE19dotti_ni_siyou_kana
                0x0000000000ffbf7d                _edata = .

.gcc_exc
 *(.gcc_exc)

.bss            0x0000000000ffbf80       0xa6 load address 0x0000000000004d14
                0x0000000000ffbf80                _bss = .
 *(.bss)
 .bss           0x0000000000ffbf80        0x0 /tmp/ccM2FPHO.o
 .bss           0x0000000000ffbf80        0x8 ./temp/ui.o
                0x0000000000ffbf80                __ZN8eommpsys2ui10CeraBuzzer5timerE
                0x0000000000ffbf84                __ZN8eommpsys2ui10CeraBuzzer7base_hzE
 .bss           0x0000000000ffbf88        0xc ./temp/delay.o
                0x0000000000ffbf88                __ZN8eommpsys4Time5timerE
                0x0000000000ffbf8c                __ZN8eommpsys4Time12current_timeE
 .bss           0x0000000000ffbf94       0x54 ./temp/intr.o
 .bss           0x0000000000ffbfe8        0x2 ./temp/main.o
 *fill*         0x0000000000ffbfea        0x2 
 .bss           0x0000000000ffbfec        0xc ./temp/Mouse.o
 .bss           0x0000000000ffbff8        0x0 ./temp/TimerIntrMane.o
 .bss           0x0000000000ffbff8        0x0 ./temp/MovementController.o
 .bss           0x0000000000ffbff8       0x20 ./temp/Motor.o
                0x0000000000ffbff8                __ZN8eommpsys8H8MotorL7base_hzE
                0x0000000000ffbffc                __ZN8eommpsys8H8MotorL11pulse_countE
                0x0000000000ffbffe                __ZN8eommpsys8H8MotorL10target_valE
                0x0000000000ffc000                __ZN8eommpsys8H8MotorL9on_centerE
                0x0000000000ffc001                __ZN8eommpsys8H8MotorL12signal_abortE
                0x0000000000ffc002                __ZN8eommpsys8H8MotorL7runningE
                0x0000000000ffc004                __ZN8eommpsys8H8MotorL5timerE
                0x0000000000ffc008                __ZN8eommpsys8H8MotorR7base_hzE
                0x0000000000ffc00c                __ZN8eommpsys8H8MotorR11pulse_countE
                0x0000000000ffc00e                __ZN8eommpsys8H8MotorR10target_valE
                0x0000000000ffc010                __ZN8eommpsys8H8MotorR9on_centerE
                0x0000000000ffc011                __ZN8eommpsys8H8MotorR12signal_abortE
                0x0000000000ffc012                __ZN8eommpsys8H8MotorR7runningE
                0x0000000000ffc014                __ZN8eommpsys8H8MotorR5timerE
 .bss           0x0000000000ffc018        0x0 /usr/local/h8300-elf/lib/gcc/h8300-elf/8.5.0/../../../../h8300-elf/lib/h8300h/libstdc++.a(class_type_info.o)
 .bss           0x0000000000ffc018        0x0 /usr/local/h8300-elf/lib/gcc/h8300-elf/8.5.0/../../../../h8300-elf/lib/h8300h/libstdc++.a(tinfo.o)
 .bss           0x0000000000ffc018        0x0 /usr/local/h8300-elf/lib/gcc/h8300-elf/8.5.0/../../../../h8300-elf/lib/h8300h/libstdc++.a(si_class_type_info.o)
 .bss           0x0000000000ffc018        0x0 /usr/local/h8300-elf/lib/gcc/h8300-elf/8.5.0/../../../../h8300-elf/lib/h8300h/libstdc++.a(del_ops.o)
 .bss           0x0000000000ffc018        0x0 /usr/local/h8300-elf/lib/gcc/h8300-elf/8.5.0/../../../../h8300-elf/lib/h8300h/libstdc++.a(del_op.o)
 .bss           0x0000000000ffc018        0x0 /usr/local/h8300-elf/lib/gcc/h8300-elf/8.5.0/h8300h/libgcc.a(_fixunssfsi.o)
 .bss           0x0000000000ffc018        0x0 /usr/local/h8300-elf/lib/gcc/h8300-elf/8.5.0/h8300h/libgcc.a(_addsub_sf.o)
 .bss           0x0000000000ffc018        0x0 /usr/local/h8300-elf/lib/gcc/h8300-elf/8.5.0/h8300h/libgcc.a(_mul_sf.o)
 .bss           0x0000000000ffc018        0x0 /usr/local/h8300-elf/lib/gcc/h8300-elf/8.5.0/h8300h/libgcc.a(_div_sf.o)
 .bss           0x0000000000ffc018        0x0 /usr/local/h8300-elf/lib/gcc/h8300-elf/8.5.0/h8300h/libgcc.a(_gt_sf.o)
 .bss           0x0000000000ffc018        0x0 /usr/local/h8300-elf/lib/gcc/h8300-elf/8.5.0/h8300h/libgcc.a(_ge_sf.o)
 .bss           0x0000000000ffc018        0x0 /usr/local/h8300-elf/lib/gcc/h8300-elf/8.5.0/h8300h/libgcc.a(_le_sf.o)
 .bss           0x0000000000ffc018        0x0 /usr/local/h8300-elf/lib/gcc/h8300-elf/8.5.0/h8300h/libgcc.a(_sf_to_si.o)
 .bss           0x0000000000ffc018        0x0 /usr/local/h8300-elf/lib/gcc/h8300-elf/8.5.0/h8300h/libgcc.a(_thenan_sf.o)
 .bss           0x0000000000ffc018        0x0 /usr/local/h8300-elf/lib/gcc/h8300-elf/8.5.0/h8300h/libgcc.a(_usi_to_sf.o)
 .bss           0x0000000000ffc018        0x0 /usr/local/h8300-elf/lib/gcc/h8300-elf/8.5.0/h8300h/libgcc.a(_clzsi2.o)
 .bss           0x0000000000ffc018        0x0 /usr/local/h8300-elf/lib/gcc/h8300-elf/8.5.0/h8300h/libgcc.a(_pack_sf.o)
 .bss           0x0000000000ffc018        0x0 /usr/local/h8300-elf/lib/gcc/h8300-elf/8.5.0/h8300h/libgcc.a(_unpack_sf.o)
 .bss           0x0000000000ffc018        0x0 /usr/local/h8300-elf/lib/gcc/h8300-elf/8.5.0/h8300h/libgcc.a(_fpcmp_parts_sf.o)
 .bss           0x0000000000ffc018        0x0 /usr/local/h8300-elf/lib/gcc/h8300-elf/8.5.0/h8300h/libgcc.a(_clz.o)
 .bss           0x0000000000ffc018        0x0 /usr/local/h8300-elf/lib/gcc/h8300-elf/8.5.0/../../../../h8300-elf/lib/h8300h/libc.a(lib_a-malloc.o)
 .bss           0x0000000000ffc018        0x0 /usr/local/h8300-elf/lib/gcc/h8300-elf/8.5.0/../../../../h8300-elf/lib/h8300h/libc.a(lib_a-nano-freer.o)
 .bss           0x0000000000ffc018        0x8 /usr/local/h8300-elf/lib/gcc/h8300-elf/8.5.0/../../../../h8300-elf/lib/h8300h/libc.a(lib_a-nano-mallocr.o)
                0x0000000000ffc018                ___malloc_sbrk_start
                0x0000000000ffc01c                ___malloc_free_list
 .bss           0x0000000000ffc020        0x0 /usr/local/h8300-elf/lib/gcc/h8300-elf/8.5.0/../../../../h8300-elf/lib/h8300h/libc.a(lib_a-sbrkr.o)
 .bss           0x0000000000ffc020        0x0 /usr/local/h8300-elf/lib/gcc/h8300-elf/8.5.0/../../../../h8300-elf/lib/h8300h/libc.a(lib_a-strcmp.o)
 .bss           0x0000000000ffc020        0x0 /usr/local/h8300-elf/lib/gcc/h8300-elf/8.5.0/../../../../h8300-elf/lib/h8300h/libc.a(lib_a-impure.o)
 .bss           0x0000000000ffc020        0x0 /usr/local/h8300-elf/lib/gcc/h8300-elf/8.5.0/../../../../h8300-elf/lib/h8300h/libc.a(lib_a-mlock.o)
 .bss           0x0000000000ffc020        0x0 /usr/local/h8300-elf/lib/gcc/h8300-elf/8.5.0/../../../../h8300-elf/lib/h8300h/libc.a(lib_a-reent.o)
 .bss           0x0000000000ffc020        0x4 /usr/local/h8300-elf/lib/gcc/h8300-elf/8.5.0/../../../../h8300-elf/lib/h8300h/libc.a(lib_a-sbrk.o)
 .bss           0x0000000000ffc024        0x0 /usr/local/h8300-elf/lib/gcc/h8300-elf/8.5.0/../../../../h8300-elf/lib/h8300h/libc.a(lib_a-write.o)
 .bss           0x0000000000ffc024        0x0 /usr/local/h8300-elf/lib/gcc/h8300-elf/8.5.0/../../../../h8300-elf/lib/h8300h/libc.a(lib_a-abort.o)
 .bss           0x0000000000ffc024        0x0 /usr/local/h8300-elf/lib/gcc/h8300-elf/8.5.0/../../../../h8300-elf/lib/h8300h/libc.a(lib_a-signal.o)
 .bss           0x0000000000ffc024        0x0 /usr/local/h8300-elf/lib/gcc/h8300-elf/8.5.0/../../../../h8300-elf/lib/h8300h/libc.a(lib_a-signalr.o)
 .bss           0x0000000000ffc024        0x0 /usr/local/h8300-elf/lib/gcc/h8300-elf/8.5.0/../../../../h8300-elf/lib/h8300h/libc.a(lib_a-_exit.o)
 .bss           0x0000000000ffc024        0x0 /usr/local/h8300-elf/lib/gcc/h8300-elf/8.5.0/../../../../h8300-elf/lib/h8300h/libc.a(lib_a-misc.o)
 *(COMMON)
 COMMON         0x0000000000ffc024        0x2 /usr/local/h8300-elf/lib/gcc/h8300-elf/8.5.0/../../../../h8300-elf/lib/h8300h/libc.a(lib_a-reent.o)
                0x0000000000ffc024                _errno
                0x0000000000ffc026                _ebss = .
                0x0000000000ffc026                _end = .

.stack          0x0000000000ffff1c        0x0
                0x0000000000ffff1c                _stack = .
 *(.stack)

.eight
 *(.eight)

.stab
 *(.stab)

.stabstr
 *(.stabstr)

/DISCARD/
 *(.comment)
OUTPUT(./build/program.elf elf32-h8300)

.debug_frame    0x0000000000000000      0x8dc
 .debug_frame   0x0000000000000000      0x17c /usr/local/h8300-elf/lib/gcc/h8300-elf/8.5.0/../../../../h8300-elf/lib/h8300h/libstdc++.a(class_type_info.o)
 .debug_frame   0x000000000000017c      0x110 /usr/local/h8300-elf/lib/gcc/h8300-elf/8.5.0/../../../../h8300-elf/lib/h8300h/libstdc++.a(tinfo.o)
 .debug_frame   0x000000000000028c      0x110 /usr/local/h8300-elf/lib/gcc/h8300-elf/8.5.0/../../../../h8300-elf/lib/h8300h/libstdc++.a(si_class_type_info.o)
 .debug_frame   0x000000000000039c       0x38 /usr/local/h8300-elf/lib/gcc/h8300-elf/8.5.0/../../../../h8300-elf/lib/h8300h/libstdc++.a(del_ops.o)
 .debug_frame   0x00000000000003d4       0x38 /usr/local/h8300-elf/lib/gcc/h8300-elf/8.5.0/../../../../h8300-elf/lib/h8300h/libstdc++.a(del_op.o)
 .debug_frame   0x000000000000040c       0x24 /usr/local/h8300-elf/lib/gcc/h8300-elf/8.5.0/h8300h/libgcc.a(_fixunssfsi.o)
 .debug_frame   0x0000000000000430       0x5c /usr/local/h8300-elf/lib/gcc/h8300-elf/8.5.0/h8300h/libgcc.a(_addsub_sf.o)
 .debug_frame   0x000000000000048c       0x2c /usr/local/h8300-elf/lib/gcc/h8300-elf/8.5.0/h8300h/libgcc.a(_mul_sf.o)
 .debug_frame   0x00000000000004b8       0x2c /usr/local/h8300-elf/lib/gcc/h8300-elf/8.5.0/h8300h/libgcc.a(_div_sf.o)
 .debug_frame   0x00000000000004e4       0x2c /usr/local/h8300-elf/lib/gcc/h8300-elf/8.5.0/h8300h/libgcc.a(_gt_sf.o)
 .debug_frame   0x0000000000000510       0x2c /usr/local/h8300-elf/lib/gcc/h8300-elf/8.5.0/h8300h/libgcc.a(_ge_sf.o)
 .debug_frame   0x000000000000053c       0x2c /usr/local/h8300-elf/lib/gcc/h8300-elf/8.5.0/h8300h/libgcc.a(_le_sf.o)
 .debug_frame   0x0000000000000568       0x2c /usr/local/h8300-elf/lib/gcc/h8300-elf/8.5.0/h8300h/libgcc.a(_sf_to_si.o)
 .debug_frame   0x0000000000000594       0x2c /usr/local/h8300-elf/lib/gcc/h8300-elf/8.5.0/h8300h/libgcc.a(_usi_to_sf.o)
 .debug_frame   0x00000000000005c0       0x24 /usr/local/h8300-elf/lib/gcc/h8300-elf/8.5.0/h8300h/libgcc.a(_clzsi2.o)
 .debug_frame   0x00000000000005e4       0x24 /usr/local/h8300-elf/lib/gcc/h8300-elf/8.5.0/h8300h/libgcc.a(_pack_sf.o)
 .debug_frame   0x0000000000000608       0x24 /usr/local/h8300-elf/lib/gcc/h8300-elf/8.5.0/h8300h/libgcc.a(_unpack_sf.o)
 .debug_frame   0x000000000000062c       0x24 /usr/local/h8300-elf/lib/gcc/h8300-elf/8.5.0/h8300h/libgcc.a(_fpcmp_parts_sf.o)
 .debug_frame   0x0000000000000650       0x34 /usr/local/h8300-elf/lib/gcc/h8300-elf/8.5.0/../../../../h8300-elf/lib/h8300h/libc.a(lib_a-malloc.o)
 .debug_frame   0x0000000000000684       0x24 /usr/local/h8300-elf/lib/gcc/h8300-elf/8.5.0/../../../../h8300-elf/lib/h8300h/libc.a(lib_a-nano-freer.o)
 .debug_frame   0x00000000000006a8       0x24 /usr/local/h8300-elf/lib/gcc/h8300-elf/8.5.0/../../../../h8300-elf/lib/h8300h/libc.a(lib_a-nano-mallocr.o)
 .debug_frame   0x00000000000006cc       0x24 /usr/local/h8300-elf/lib/gcc/h8300-elf/8.5.0/../../../../h8300-elf/lib/h8300h/libc.a(lib_a-sbrkr.o)
 .debug_frame   0x00000000000006f0       0x34 /usr/local/h8300-elf/lib/gcc/h8300-elf/8.5.0/../../../../h8300-elf/lib/h8300h/libc.a(lib_a-mlock.o)
 .debug_frame   0x0000000000000724       0x34 /usr/local/h8300-elf/lib/gcc/h8300-elf/8.5.0/../../../../h8300-elf/lib/h8300h/libc.a(lib_a-reent.o)
 .debug_frame   0x0000000000000758       0x24 /usr/local/h8300-elf/lib/gcc/h8300-elf/8.5.0/../../../../h8300-elf/lib/h8300h/libc.a(lib_a-sbrk.o)
 .debug_frame   0x000000000000077c       0x24 /usr/local/h8300-elf/lib/gcc/h8300-elf/8.5.0/../../../../h8300-elf/lib/h8300h/libc.a(lib_a-abort.o)
 .debug_frame   0x00000000000007a0       0xc4 /usr/local/h8300-elf/lib/gcc/h8300-elf/8.5.0/../../../../h8300-elf/lib/h8300h/libc.a(lib_a-signal.o)
 .debug_frame   0x0000000000000864       0x34 /usr/local/h8300-elf/lib/gcc/h8300-elf/8.5.0/../../../../h8300-elf/lib/h8300h/libc.a(lib_a-signalr.o)
 .debug_frame   0x0000000000000898       0x44 /usr/local/h8300-elf/lib/gcc/h8300-elf/8.5.0/../../../../h8300-elf/lib/h8300h/libc.a(lib_a-misc.o)

.debug_info     0x0000000000000000     0xd53c
 .debug_info    0x0000000000000000      0x907 /usr/local/h8300-elf/lib/gcc/h8300-elf/8.5.0/../../../../h8300-elf/lib/h8300h/libstdc++.a(class_type_info.o)
 .debug_info    0x0000000000000907      0x53a /usr/local/h8300-elf/lib/gcc/h8300-elf/8.5.0/../../../../h8300-elf/lib/h8300h/libstdc++.a(tinfo.o)
 .debug_info    0x0000000000000e41      0x718 /usr/local/h8300-elf/lib/gcc/h8300-elf/8.5.0/../../../../h8300-elf/lib/h8300h/libstdc++.a(si_class_type_info.o)
 .debug_info    0x0000000000001559      0x3a6 /usr/local/h8300-elf/lib/gcc/h8300-elf/8.5.0/../../../../h8300-elf/lib/h8300h/libstdc++.a(del_ops.o)
 .debug_info    0x00000000000018ff     0x1129 /usr/local/h8300-elf/lib/gcc/h8300-elf/8.5.0/../../../../h8300-elf/lib/h8300h/libstdc++.a(del_op.o)
 .debug_info    0x0000000000002a28      0x1dd /usr/local/h8300-elf/lib/gcc/h8300-elf/8.5.0/h8300h/libgcc.a(_fixunssfsi.o)
 .debug_info    0x0000000000002c05      0x5eb /usr/local/h8300-elf/lib/gcc/h8300-elf/8.5.0/h8300h/libgcc.a(_addsub_sf.o)
 .debug_info    0x00000000000031f0      0x483 /usr/local/h8300-elf/lib/gcc/h8300-elf/8.5.0/h8300h/libgcc.a(_mul_sf.o)
 .debug_info    0x0000000000003673      0x401 /usr/local/h8300-elf/lib/gcc/h8300-elf/8.5.0/h8300h/libgcc.a(_div_sf.o)
 .debug_info    0x0000000000003a74      0x310 /usr/local/h8300-elf/lib/gcc/h8300-elf/8.5.0/h8300h/libgcc.a(_gt_sf.o)
 .debug_info    0x0000000000003d84      0x310 /usr/local/h8300-elf/lib/gcc/h8300-elf/8.5.0/h8300h/libgcc.a(_ge_sf.o)
 .debug_info    0x0000000000004094      0x310 /usr/local/h8300-elf/lib/gcc/h8300-elf/8.5.0/h8300h/libgcc.a(_le_sf.o)
 .debug_info    0x00000000000043a4      0x2ea /usr/local/h8300-elf/lib/gcc/h8300-elf/8.5.0/h8300h/libgcc.a(_sf_to_si.o)
 .debug_info    0x000000000000468e      0x1ba /usr/local/h8300-elf/lib/gcc/h8300-elf/8.5.0/h8300h/libgcc.a(_thenan_sf.o)
 .debug_info    0x0000000000004848      0x2bc /usr/local/h8300-elf/lib/gcc/h8300-elf/8.5.0/h8300h/libgcc.a(_usi_to_sf.o)
 .debug_info    0x0000000000004b04      0x206 /usr/local/h8300-elf/lib/gcc/h8300-elf/8.5.0/h8300h/libgcc.a(_clzsi2.o)
 .debug_info    0x0000000000004d0a      0x2fb /usr/local/h8300-elf/lib/gcc/h8300-elf/8.5.0/h8300h/libgcc.a(_pack_sf.o)
 .debug_info    0x0000000000005005      0x27d /usr/local/h8300-elf/lib/gcc/h8300-elf/8.5.0/h8300h/libgcc.a(_unpack_sf.o)
 .debug_info    0x0000000000005282      0x250 /usr/local/h8300-elf/lib/gcc/h8300-elf/8.5.0/h8300h/libgcc.a(_fpcmp_parts_sf.o)
 .debug_info    0x00000000000054d2      0x199 /usr/local/h8300-elf/lib/gcc/h8300-elf/8.5.0/h8300h/libgcc.a(_clz.o)
 .debug_info    0x000000000000566b      0x9ae /usr/local/h8300-elf/lib/gcc/h8300-elf/8.5.0/../../../../h8300-elf/lib/h8300h/libc.a(lib_a-malloc.o)
 .debug_info    0x0000000000006019      0xb69 /usr/local/h8300-elf/lib/gcc/h8300-elf/8.5.0/../../../../h8300-elf/lib/h8300h/libc.a(lib_a-nano-freer.o)
 .debug_info    0x0000000000006b82      0xc54 /usr/local/h8300-elf/lib/gcc/h8300-elf/8.5.0/../../../../h8300-elf/lib/h8300h/libc.a(lib_a-nano-mallocr.o)
 .debug_info    0x00000000000077d6      0x9ec /usr/local/h8300-elf/lib/gcc/h8300-elf/8.5.0/../../../../h8300-elf/lib/h8300h/libc.a(lib_a-sbrkr.o)
 .debug_info    0x00000000000081c2      0x92a /usr/local/h8300-elf/lib/gcc/h8300-elf/8.5.0/../../../../h8300-elf/lib/h8300h/libc.a(lib_a-impure.o)
 .debug_info    0x0000000000008aec      0x961 /usr/local/h8300-elf/lib/gcc/h8300-elf/8.5.0/../../../../h8300-elf/lib/h8300h/libc.a(lib_a-mlock.o)
 .debug_info    0x000000000000944d      0xaf8 /usr/local/h8300-elf/lib/gcc/h8300-elf/8.5.0/../../../../h8300-elf/lib/h8300h/libc.a(lib_a-reent.o)
 .debug_info    0x0000000000009f45      0xa1f /usr/local/h8300-elf/lib/gcc/h8300-elf/8.5.0/../../../../h8300-elf/lib/h8300h/libc.a(lib_a-sbrk.o)
 .debug_info    0x000000000000a964      0x9b5 /usr/local/h8300-elf/lib/gcc/h8300-elf/8.5.0/../../../../h8300-elf/lib/h8300h/libc.a(lib_a-abort.o)
 .debug_info    0x000000000000b319      0xdf8 /usr/local/h8300-elf/lib/gcc/h8300-elf/8.5.0/../../../../h8300-elf/lib/h8300h/libc.a(lib_a-signal.o)
 .debug_info    0x000000000000c111      0xa5d /usr/local/h8300-elf/lib/gcc/h8300-elf/8.5.0/../../../../h8300-elf/lib/h8300h/libc.a(lib_a-signalr.o)
 .debug_info    0x000000000000cb6e      0x9ce /usr/local/h8300-elf/lib/gcc/h8300-elf/8.5.0/../../../../h8300-elf/lib/h8300h/libc.a(lib_a-misc.o)

.debug_abbrev   0x0000000000000000     0x418d
 .debug_abbrev  0x0000000000000000      0x445 /usr/local/h8300-elf/lib/gcc/h8300-elf/8.5.0/../../../../h8300-elf/lib/h8300h/libstdc++.a(class_type_info.o)
 .debug_abbrev  0x0000000000000445      0x30a /usr/local/h8300-elf/lib/gcc/h8300-elf/8.5.0/../../../../h8300-elf/lib/h8300h/libstdc++.a(tinfo.o)
 .debug_abbrev  0x000000000000074f      0x396 /usr/local/h8300-elf/lib/gcc/h8300-elf/8.5.0/../../../../h8300-elf/lib/h8300h/libstdc++.a(si_class_type_info.o)
 .debug_abbrev  0x0000000000000ae5      0x247 /usr/local/h8300-elf/lib/gcc/h8300-elf/8.5.0/../../../../h8300-elf/lib/h8300h/libstdc++.a(del_ops.o)
 .debug_abbrev  0x0000000000000d2c      0x3b5 /usr/local/h8300-elf/lib/gcc/h8300-elf/8.5.0/../../../../h8300-elf/lib/h8300h/libstdc++.a(del_op.o)
 .debug_abbrev  0x00000000000010e1       0xc5 /usr/local/h8300-elf/lib/gcc/h8300-elf/8.5.0/h8300h/libgcc.a(_fixunssfsi.o)
 .debug_abbrev  0x00000000000011a6      0x251 /usr/local/h8300-elf/lib/gcc/h8300-elf/8.5.0/h8300h/libgcc.a(_addsub_sf.o)
 .debug_abbrev  0x00000000000013f7      0x252 /usr/local/h8300-elf/lib/gcc/h8300-elf/8.5.0/h8300h/libgcc.a(_mul_sf.o)
 .debug_abbrev  0x0000000000001649      0x239 /usr/local/h8300-elf/lib/gcc/h8300-elf/8.5.0/h8300h/libgcc.a(_div_sf.o)
 .debug_abbrev  0x0000000000001882      0x194 /usr/local/h8300-elf/lib/gcc/h8300-elf/8.5.0/h8300h/libgcc.a(_gt_sf.o)
 .debug_abbrev  0x0000000000001a16      0x194 /usr/local/h8300-elf/lib/gcc/h8300-elf/8.5.0/h8300h/libgcc.a(_ge_sf.o)
 .debug_abbrev  0x0000000000001baa      0x194 /usr/local/h8300-elf/lib/gcc/h8300-elf/8.5.0/h8300h/libgcc.a(_le_sf.o)
 .debug_abbrev  0x0000000000001d3e      0x198 /usr/local/h8300-elf/lib/gcc/h8300-elf/8.5.0/h8300h/libgcc.a(_sf_to_si.o)
 .debug_abbrev  0x0000000000001ed6       0xf9 /usr/local/h8300-elf/lib/gcc/h8300-elf/8.5.0/h8300h/libgcc.a(_thenan_sf.o)
 .debug_abbrev  0x0000000000001fcf      0x1d3 /usr/local/h8300-elf/lib/gcc/h8300-elf/8.5.0/h8300h/libgcc.a(_usi_to_sf.o)
 .debug_abbrev  0x00000000000021a2       0xfd /usr/local/h8300-elf/lib/gcc/h8300-elf/8.5.0/h8300h/libgcc.a(_clzsi2.o)
 .debug_abbrev  0x000000000000229f      0x1bb /usr/local/h8300-elf/lib/gcc/h8300-elf/8.5.0/h8300h/libgcc.a(_pack_sf.o)
 .debug_abbrev  0x000000000000245a      0x159 /usr/local/h8300-elf/lib/gcc/h8300-elf/8.5.0/h8300h/libgcc.a(_unpack_sf.o)
 .debug_abbrev  0x00000000000025b3      0x161 /usr/local/h8300-elf/lib/gcc/h8300-elf/8.5.0/h8300h/libgcc.a(_fpcmp_parts_sf.o)
 .debug_abbrev  0x0000000000002714       0xa3 /usr/local/h8300-elf/lib/gcc/h8300-elf/8.5.0/h8300h/libgcc.a(_clz.o)
 .debug_abbrev  0x00000000000027b7      0x1ec /usr/local/h8300-elf/lib/gcc/h8300-elf/8.5.0/../../../../h8300-elf/lib/h8300h/libc.a(lib_a-malloc.o)
 .debug_abbrev  0x00000000000029a3      0x263 /usr/local/h8300-elf/lib/gcc/h8300-elf/8.5.0/../../../../h8300-elf/lib/h8300h/libc.a(lib_a-nano-freer.o)
 .debug_abbrev  0x0000000000002c06      0x2d1 /usr/local/h8300-elf/lib/gcc/h8300-elf/8.5.0/../../../../h8300-elf/lib/h8300h/libc.a(lib_a-nano-mallocr.o)
 .debug_abbrev  0x0000000000002ed7      0x209 /usr/local/h8300-elf/lib/gcc/h8300-elf/8.5.0/../../../../h8300-elf/lib/h8300h/libc.a(lib_a-sbrkr.o)
 .debug_abbrev  0x00000000000030e0      0x17a /usr/local/h8300-elf/lib/gcc/h8300-elf/8.5.0/../../../../h8300-elf/lib/h8300h/libc.a(lib_a-impure.o)
 .debug_abbrev  0x000000000000325a      0x1c5 /usr/local/h8300-elf/lib/gcc/h8300-elf/8.5.0/../../../../h8300-elf/lib/h8300h/libc.a(lib_a-mlock.o)
 .debug_abbrev  0x000000000000341f      0x251 /usr/local/h8300-elf/lib/gcc/h8300-elf/8.5.0/../../../../h8300-elf/lib/h8300h/libc.a(lib_a-reent.o)
 .debug_abbrev  0x0000000000003670      0x244 /usr/local/h8300-elf/lib/gcc/h8300-elf/8.5.0/../../../../h8300-elf/lib/h8300h/libc.a(lib_a-sbrk.o)
 .debug_abbrev  0x00000000000038b4      0x1cd /usr/local/h8300-elf/lib/gcc/h8300-elf/8.5.0/../../../../h8300-elf/lib/h8300h/libc.a(lib_a-abort.o)
 .debug_abbrev  0x0000000000003a81      0x2f4 /usr/local/h8300-elf/lib/gcc/h8300-elf/8.5.0/../../../../h8300-elf/lib/h8300h/libc.a(lib_a-signal.o)
 .debug_abbrev  0x0000000000003d75      0x20f /usr/local/h8300-elf/lib/gcc/h8300-elf/8.5.0/../../../../h8300-elf/lib/h8300h/libc.a(lib_a-signalr.o)
 .debug_abbrev  0x0000000000003f84      0x209 /usr/local/h8300-elf/lib/gcc/h8300-elf/8.5.0/../../../../h8300-elf/lib/h8300h/libc.a(lib_a-misc.o)

.debug_aranges  0x0000000000000000      0x490
 .debug_aranges
                0x0000000000000000       0x68 /usr/local/h8300-elf/lib/gcc/h8300-elf/8.5.0/../../../../h8300-elf/lib/h8300h/libstdc++.a(class_type_info.o)
 .debug_aranges
                0x0000000000000068       0x50 /usr/local/h8300-elf/lib/gcc/h8300-elf/8.5.0/../../../../h8300-elf/lib/h8300h/libstdc++.a(tinfo.o)
 .debug_aranges
                0x00000000000000b8       0x50 /usr/local/h8300-elf/lib/gcc/h8300-elf/8.5.0/../../../../h8300-elf/lib/h8300h/libstdc++.a(si_class_type_info.o)
 .debug_aranges
                0x0000000000000108       0x20 /usr/local/h8300-elf/lib/gcc/h8300-elf/8.5.0/../../../../h8300-elf/lib/h8300h/libstdc++.a(del_ops.o)
 .debug_aranges
                0x0000000000000128       0x20 /usr/local/h8300-elf/lib/gcc/h8300-elf/8.5.0/../../../../h8300-elf/lib/h8300h/libstdc++.a(del_op.o)
 .debug_aranges
                0x0000000000000148       0x20 /usr/local/h8300-elf/lib/gcc/h8300-elf/8.5.0/h8300h/libgcc.a(_fixunssfsi.o)
 .debug_aranges
                0x0000000000000168       0x20 /usr/local/h8300-elf/lib/gcc/h8300-elf/8.5.0/h8300h/libgcc.a(_addsub_sf.o)
 .debug_aranges
                0x0000000000000188       0x20 /usr/local/h8300-elf/lib/gcc/h8300-elf/8.5.0/h8300h/libgcc.a(_mul_sf.o)
 .debug_aranges
                0x00000000000001a8       0x20 /usr/local/h8300-elf/lib/gcc/h8300-elf/8.5.0/h8300h/libgcc.a(_div_sf.o)
 .debug_aranges
                0x00000000000001c8       0x20 /usr/local/h8300-elf/lib/gcc/h8300-elf/8.5.0/h8300h/libgcc.a(_gt_sf.o)
 .debug_aranges
                0x00000000000001e8       0x20 /usr/local/h8300-elf/lib/gcc/h8300-elf/8.5.0/h8300h/libgcc.a(_ge_sf.o)
 .debug_aranges
                0x0000000000000208       0x20 /usr/local/h8300-elf/lib/gcc/h8300-elf/8.5.0/h8300h/libgcc.a(_le_sf.o)
 .debug_aranges
                0x0000000000000228       0x20 /usr/local/h8300-elf/lib/gcc/h8300-elf/8.5.0/h8300h/libgcc.a(_sf_to_si.o)
 .debug_aranges
                0x0000000000000248       0x18 /usr/local/h8300-elf/lib/gcc/h8300-elf/8.5.0/h8300h/libgcc.a(_thenan_sf.o)
 .debug_aranges
                0x0000000000000260       0x20 /usr/local/h8300-elf/lib/gcc/h8300-elf/8.5.0/h8300h/libgcc.a(_usi_to_sf.o)
 .debug_aranges
                0x0000000000000280       0x20 /usr/local/h8300-elf/lib/gcc/h8300-elf/8.5.0/h8300h/libgcc.a(_clzsi2.o)
 .debug_aranges
                0x00000000000002a0       0x20 /usr/local/h8300-elf/lib/gcc/h8300-elf/8.5.0/h8300h/libgcc.a(_pack_sf.o)
 .debug_aranges
                0x00000000000002c0       0x20 /usr/local/h8300-elf/lib/gcc/h8300-elf/8.5.0/h8300h/libgcc.a(_unpack_sf.o)
 .debug_aranges
                0x00000000000002e0       0x20 /usr/local/h8300-elf/lib/gcc/h8300-elf/8.5.0/h8300h/libgcc.a(_fpcmp_parts_sf.o)
 .debug_aranges
                0x0000000000000300       0x18 /usr/local/h8300-elf/lib/gcc/h8300-elf/8.5.0/h8300h/libgcc.a(_clz.o)
 .debug_aranges
                0x0000000000000318       0x20 /usr/local/h8300-elf/lib/gcc/h8300-elf/8.5.0/../../../../h8300-elf/lib/h8300h/libc.a(lib_a-malloc.o)
 .debug_aranges
                0x0000000000000338       0x20 /usr/local/h8300-elf/lib/gcc/h8300-elf/8.5.0/../../../../h8300-elf/lib/h8300h/libc.a(lib_a-nano-freer.o)
 .debug_aranges
                0x0000000000000358       0x20 /usr/local/h8300-elf/lib/gcc/h8300-elf/8.5.0/../../../../h8300-elf/lib/h8300h/libc.a(lib_a-nano-mallocr.o)
 .debug_aranges
                0x0000000000000378       0x20 /usr/local/h8300-elf/lib/gcc/h8300-elf/8.5.0/../../../../h8300-elf/lib/h8300h/libc.a(lib_a-sbrkr.o)
 .debug_aranges
                0x0000000000000398       0x18 /usr/local/h8300-elf/lib/gcc/h8300-elf/8.5.0/../../../../h8300-elf/lib/h8300h/libc.a(lib_a-impure.o)
 .debug_aranges
                0x00000000000003b0       0x20 /usr/local/h8300-elf/lib/gcc/h8300-elf/8.5.0/../../../../h8300-elf/lib/h8300h/libc.a(lib_a-mlock.o)
 .debug_aranges
                0x00000000000003d0       0x20 /usr/local/h8300-elf/lib/gcc/h8300-elf/8.5.0/../../../../h8300-elf/lib/h8300h/libc.a(lib_a-reent.o)
 .debug_aranges
                0x00000000000003f0       0x20 /usr/local/h8300-elf/lib/gcc/h8300-elf/8.5.0/../../../../h8300-elf/lib/h8300h/libc.a(lib_a-sbrk.o)
 .debug_aranges
                0x0000000000000410       0x20 /usr/local/h8300-elf/lib/gcc/h8300-elf/8.5.0/../../../../h8300-elf/lib/h8300h/libc.a(lib_a-abort.o)
 .debug_aranges
                0x0000000000000430       0x20 /usr/local/h8300-elf/lib/gcc/h8300-elf/8.5.0/../../../../h8300-elf/lib/h8300h/libc.a(lib_a-signal.o)
 .debug_aranges
                0x0000000000000450       0x20 /usr/local/h8300-elf/lib/gcc/h8300-elf/8.5.0/../../../../h8300-elf/lib/h8300h/libc.a(lib_a-signalr.o)
 .debug_aranges
                0x0000000000000470       0x20 /usr/local/h8300-elf/lib/gcc/h8300-elf/8.5.0/../../../../h8300-elf/lib/h8300h/libc.a(lib_a-misc.o)

.debug_ranges   0x0000000000000000      0x218
 .debug_ranges  0x0000000000000000       0x58 /usr/local/h8300-elf/lib/gcc/h8300-elf/8.5.0/../../../../h8300-elf/lib/h8300h/libstdc++.a(class_type_info.o)
 .debug_ranges  0x0000000000000058       0x40 /usr/local/h8300-elf/lib/gcc/h8300-elf/8.5.0/../../../../h8300-elf/lib/h8300h/libstdc++.a(tinfo.o)
 .debug_ranges  0x0000000000000098       0x40 /usr/local/h8300-elf/lib/gcc/h8300-elf/8.5.0/../../../../h8300-elf/lib/h8300h/libstdc++.a(si_class_type_info.o)
 .debug_ranges  0x00000000000000d8       0x10 /usr/local/h8300-elf/lib/gcc/h8300-elf/8.5.0/../../../../h8300-elf/lib/h8300h/libstdc++.a(del_ops.o)
 .debug_ranges  0x00000000000000e8       0x10 /usr/local/h8300-elf/lib/gcc/h8300-elf/8.5.0/../../../../h8300-elf/lib/h8300h/libstdc++.a(del_op.o)
 .debug_ranges  0x00000000000000f8       0x18 /usr/local/h8300-elf/lib/gcc/h8300-elf/8.5.0/h8300h/libgcc.a(_addsub_sf.o)
 .debug_ranges  0x0000000000000110       0x70 /usr/local/h8300-elf/lib/gcc/h8300-elf/8.5.0/h8300h/libgcc.a(_mul_sf.o)
 .debug_ranges  0x0000000000000180       0x48 /usr/local/h8300-elf/lib/gcc/h8300-elf/8.5.0/h8300h/libgcc.a(_div_sf.o)
 .debug_ranges  0x00000000000001c8       0x18 /usr/local/h8300-elf/lib/gcc/h8300-elf/8.5.0/h8300h/libgcc.a(_clzsi2.o)
 .debug_ranges  0x00000000000001e0       0x38 /usr/local/h8300-elf/lib/gcc/h8300-elf/8.5.0/../../../../h8300-elf/lib/h8300h/libc.a(lib_a-nano-mallocr.o)

.debug_line     0x0000000000000000     0x6a5a
 .debug_line    0x0000000000000000      0x623 /usr/local/h8300-elf/lib/gcc/h8300-elf/8.5.0/../../../../h8300-elf/lib/h8300h/libstdc++.a(class_type_info.o)
 .debug_line    0x0000000000000623      0x3f7 /usr/local/h8300-elf/lib/gcc/h8300-elf/8.5.0/../../../../h8300-elf/lib/h8300h/libstdc++.a(tinfo.o)
 .debug_line    0x0000000000000a1a      0x5d8 /usr/local/h8300-elf/lib/gcc/h8300-elf/8.5.0/../../../../h8300-elf/lib/h8300h/libstdc++.a(si_class_type_info.o)
 .debug_line    0x0000000000000ff2      0x23c /usr/local/h8300-elf/lib/gcc/h8300-elf/8.5.0/../../../../h8300-elf/lib/h8300h/libstdc++.a(del_ops.o)
 .debug_line    0x000000000000122e      0x330 /usr/local/h8300-elf/lib/gcc/h8300-elf/8.5.0/../../../../h8300-elf/lib/h8300h/libstdc++.a(del_op.o)
 .debug_line    0x000000000000155e      0x164 /usr/local/h8300-elf/lib/gcc/h8300-elf/8.5.0/h8300h/libgcc.a(_fixunssfsi.o)
 .debug_line    0x00000000000016c2      0x7b3 /usr/local/h8300-elf/lib/gcc/h8300-elf/8.5.0/h8300h/libgcc.a(_addsub_sf.o)
 .debug_line    0x0000000000001e75      0x6d9 /usr/local/h8300-elf/lib/gcc/h8300-elf/8.5.0/h8300h/libgcc.a(_mul_sf.o)
 .debug_line    0x000000000000254e      0x513 /usr/local/h8300-elf/lib/gcc/h8300-elf/8.5.0/h8300h/libgcc.a(_div_sf.o)
 .debug_line    0x0000000000002a61      0x191 /usr/local/h8300-elf/lib/gcc/h8300-elf/8.5.0/h8300h/libgcc.a(_gt_sf.o)
 .debug_line    0x0000000000002bf2      0x191 /usr/local/h8300-elf/lib/gcc/h8300-elf/8.5.0/h8300h/libgcc.a(_ge_sf.o)
 .debug_line    0x0000000000002d83      0x191 /usr/local/h8300-elf/lib/gcc/h8300-elf/8.5.0/h8300h/libgcc.a(_le_sf.o)
 .debug_line    0x0000000000002f14      0x241 /usr/local/h8300-elf/lib/gcc/h8300-elf/8.5.0/h8300h/libgcc.a(_sf_to_si.o)
 .debug_line    0x0000000000003155       0xb3 /usr/local/h8300-elf/lib/gcc/h8300-elf/8.5.0/h8300h/libgcc.a(_thenan_sf.o)
 .debug_line    0x0000000000003208      0x25b /usr/local/h8300-elf/lib/gcc/h8300-elf/8.5.0/h8300h/libgcc.a(_usi_to_sf.o)
 .debug_line    0x0000000000003463      0x1b2 /usr/local/h8300-elf/lib/gcc/h8300-elf/8.5.0/h8300h/libgcc.a(_clzsi2.o)
 .debug_line    0x0000000000003615      0x3eb /usr/local/h8300-elf/lib/gcc/h8300-elf/8.5.0/h8300h/libgcc.a(_pack_sf.o)
 .debug_line    0x0000000000003a00      0x343 /usr/local/h8300-elf/lib/gcc/h8300-elf/8.5.0/h8300h/libgcc.a(_unpack_sf.o)
 .debug_line    0x0000000000003d43      0x39f /usr/local/h8300-elf/lib/gcc/h8300-elf/8.5.0/h8300h/libgcc.a(_fpcmp_parts_sf.o)
 .debug_line    0x00000000000040e2       0xf8 /usr/local/h8300-elf/lib/gcc/h8300-elf/8.5.0/h8300h/libgcc.a(_clz.o)
 .debug_line    0x00000000000041da      0x1f0 /usr/local/h8300-elf/lib/gcc/h8300-elf/8.5.0/../../../../h8300-elf/lib/h8300h/libc.a(lib_a-malloc.o)
 .debug_line    0x00000000000043ca      0x517 /usr/local/h8300-elf/lib/gcc/h8300-elf/8.5.0/../../../../h8300-elf/lib/h8300h/libc.a(lib_a-nano-freer.o)
 .debug_line    0x00000000000048e1      0x67c /usr/local/h8300-elf/lib/gcc/h8300-elf/8.5.0/../../../../h8300-elf/lib/h8300h/libc.a(lib_a-nano-mallocr.o)
 .debug_line    0x0000000000004f5d      0x243 /usr/local/h8300-elf/lib/gcc/h8300-elf/8.5.0/../../../../h8300-elf/lib/h8300h/libc.a(lib_a-sbrkr.o)
 .debug_line    0x00000000000051a0      0x128 /usr/local/h8300-elf/lib/gcc/h8300-elf/8.5.0/../../../../h8300-elf/lib/h8300h/libc.a(lib_a-impure.o)
 .debug_line    0x00000000000052c8      0x1b9 /usr/local/h8300-elf/lib/gcc/h8300-elf/8.5.0/../../../../h8300-elf/lib/h8300h/libc.a(lib_a-mlock.o)
 .debug_line    0x0000000000005481      0x4f8 /usr/local/h8300-elf/lib/gcc/h8300-elf/8.5.0/../../../../h8300-elf/lib/h8300h/libc.a(lib_a-reent.o)
 .debug_line    0x0000000000005979      0x276 /usr/local/h8300-elf/lib/gcc/h8300-elf/8.5.0/../../../../h8300-elf/lib/h8300h/libc.a(lib_a-sbrk.o)
 .debug_line    0x0000000000005bef      0x1de /usr/local/h8300-elf/lib/gcc/h8300-elf/8.5.0/../../../../h8300-elf/lib/h8300h/libc.a(lib_a-abort.o)
 .debug_line    0x0000000000005dcd      0x7e9 /usr/local/h8300-elf/lib/gcc/h8300-elf/8.5.0/../../../../h8300-elf/lib/h8300h/libc.a(lib_a-signal.o)
 .debug_line    0x00000000000065b6      0x27b /usr/local/h8300-elf/lib/gcc/h8300-elf/8.5.0/../../../../h8300-elf/lib/h8300h/libc.a(lib_a-signalr.o)
 .debug_line    0x0000000000006831      0x229 /usr/local/h8300-elf/lib/gcc/h8300-elf/8.5.0/../../../../h8300-elf/lib/h8300h/libc.a(lib_a-misc.o)

.debug_str      0x0000000000000000     0x24ae
 .debug_str     0x0000000000000000      0x951 /usr/local/h8300-elf/lib/gcc/h8300-elf/8.5.0/../../../../h8300-elf/lib/h8300h/libstdc++.a(class_type_info.o)
                                        0x9bc (size before relaxing)
 .debug_str     0x0000000000000951      0x2b3 /usr/local/h8300-elf/lib/gcc/h8300-elf/8.5.0/../../../../h8300-elf/lib/h8300h/libstdc++.a(tinfo.o)
                                        0x4dd (size before relaxing)
 .debug_str     0x0000000000000c04      0x35c /usr/local/h8300-elf/lib/gcc/h8300-elf/8.5.0/../../../../h8300-elf/lib/h8300h/libstdc++.a(si_class_type_info.o)
                                        0x7f1 (size before relaxing)
 .debug_str     0x0000000000000f60      0x4da /usr/local/h8300-elf/lib/gcc/h8300-elf/8.5.0/../../../../h8300-elf/lib/h8300h/libstdc++.a(del_ops.o)
                                        0x5f6 (size before relaxing)
 .debug_str     0x000000000000143a      0x54d /usr/local/h8300-elf/lib/gcc/h8300-elf/8.5.0/../../../../h8300-elf/lib/h8300h/libstdc++.a(del_op.o)
                                        0xb32 (size before relaxing)
 .debug_str     0x0000000000001987      0x1ba /usr/local/h8300-elf/lib/gcc/h8300-elf/8.5.0/h8300h/libgcc.a(_fixunssfsi.o)
                                        0x252 (size before relaxing)
 .debug_str     0x0000000000001b41      0x160 /usr/local/h8300-elf/lib/gcc/h8300-elf/8.5.0/h8300h/libgcc.a(_addsub_sf.o)
                                        0x31a (size before relaxing)
 .debug_str     0x0000000000001ca1       0x27 /usr/local/h8300-elf/lib/gcc/h8300-elf/8.5.0/h8300h/libgcc.a(_mul_sf.o)