Archive member included to satisfy reference by file (symbol)

/usr/local/h8300-elf/lib/gcc/h8300-elf/8.5.0/../../../../h8300-elf/lib/h8300h/libstdc++.a(class_type_info.o)
                              ./temp/TimerIntrMane.o (__ZTVN10__cxxabiv117__class_type_infoE)
/usr/local/h8300-elf/lib/gcc/h8300-elf/8.5.0/../../../../h8300-elf/lib/h8300h/libstdc++.a(tinfo.o)
                              /usr/local/h8300-elf/lib/gcc/h8300-elf/8.5.0/../../../../h8300-elf/lib/h8300h/libstdc++.a(class_type_info.o) (__ZNSt9type_infoD2Ev)
/usr/local/h8300-elf/lib/gcc/h8300-elf/8.5.0/../../../../h8300-elf/lib/h8300h/libstdc++.a(si_class_type_info.o)
                              ./temp/TimerIntrMane.o (__ZTVN10__cxxabiv120__si_class_type_infoE)
/usr/local/h8300-elf/lib/gcc/h8300-elf/8.5.0/../../../../h8300-elf/lib/h8300h/libstdc++.a(del_ops.o)
                              /usr/local/h8300-elf/lib/gcc/h8300-elf/8.5.0/../../../../h8300-elf/lib/h8300h/libstdc++.a(class_type_info.o) (__ZdlPvm)
/usr/local/h8300-elf/lib/gcc/h8300-elf/8.5.0/../../../../h8300-elf/lib/h8300h/libstdc++.a(del_op.o)
                              /usr/local/h8300-elf/lib/gcc/h8300-elf/8.5.0/../../../../h8300-elf/lib/h8300h/libstdc++.a(del_ops.o) (__ZdlPv)
/usr/local/h8300-elf/lib/gcc/h8300-elf/8.5.0/h8300h/libgcc.a(_fixunssfsi.o)
                              ./temp/main.o (___fixunssfsi)
/usr/local/h8300-elf/lib/gcc/h8300-elf/8.5.0/h8300h/libgcc.a(_addsub_sf.o)
                              /usr/local/h8300-elf/lib/gcc/h8300-elf/8.5.0/h8300h/libgcc.a(_fixunssfsi.o) (___subsf3)
/usr/local/h8300-elf/lib/gcc/h8300-elf/8.5.0/h8300h/libgcc.a(_mul_sf.o)
                              ./temp/main.o (___mulsf3)
/usr/local/h8300-elf/lib/gcc/h8300-elf/8.5.0/h8300h/libgcc.a(_div_sf.o)
                              ./temp/main.o (___divsf3)
/usr/local/h8300-elf/lib/gcc/h8300-elf/8.5.0/h8300h/libgcc.a(_ge_sf.o)
                              /usr/local/h8300-elf/lib/gcc/h8300-elf/8.5.0/h8300h/libgcc.a(_fixunssfsi.o) (___gesf2)
/usr/local/h8300-elf/lib/gcc/h8300-elf/8.5.0/h8300h/libgcc.a(_sf_to_si.o)
                              /usr/local/h8300-elf/lib/gcc/h8300-elf/8.5.0/h8300h/libgcc.a(_fixunssfsi.o) (___fixsfsi)
/usr/local/h8300-elf/lib/gcc/h8300-elf/8.5.0/h8300h/libgcc.a(_thenan_sf.o)
                              /usr/local/h8300-elf/lib/gcc/h8300-elf/8.5.0/h8300h/libgcc.a(_addsub_sf.o) (___thenan_sf)
/usr/local/h8300-elf/lib/gcc/h8300-elf/8.5.0/h8300h/libgcc.a(_usi_to_sf.o)
                              ./temp/main.o (___floatunsisf)
/usr/local/h8300-elf/lib/gcc/h8300-elf/8.5.0/h8300h/libgcc.a(_clzsi2.o)
                              /usr/local/h8300-elf/lib/gcc/h8300-elf/8.5.0/h8300h/libgcc.a(_usi_to_sf.o) (___clzsi2)
/usr/local/h8300-elf/lib/gcc/h8300-elf/8.5.0/h8300h/libgcc.a(_pack_sf.o)
                              /usr/local/h8300-elf/lib/gcc/h8300-elf/8.5.0/h8300h/libgcc.a(_addsub_sf.o) (___pack_f)
/usr/local/h8300-elf/lib/gcc/h8300-elf/8.5.0/h8300h/libgcc.a(_unpack_sf.o)
                              /usr/local/h8300-elf/lib/gcc/h8300-elf/8.5.0/h8300h/libgcc.a(_addsub_sf.o) (___unpack_f)
/usr/local/h8300-elf/lib/gcc/h8300-elf/8.5.0/h8300h/libgcc.a(_fpcmp_parts_sf.o)
                              /usr/local/h8300-elf/lib/gcc/h8300-elf/8.5.0/h8300h/libgcc.a(_ge_sf.o) (___fpcmp_parts_f)
/usr/local/h8300-elf/lib/gcc/h8300-elf/8.5.0/h8300h/libgcc.a(_clz.o)
                              /usr/local/h8300-elf/lib/gcc/h8300-elf/8.5.0/h8300h/libgcc.a(_clzsi2.o) (___clz_tab)
/usr/local/h8300-elf/lib/gcc/h8300-elf/8.5.0/../../../../h8300-elf/lib/h8300h/libc.a(lib_a-malloc.o)
                              /usr/local/h8300-elf/lib/gcc/h8300-elf/8.5.0/../../../../h8300-elf/lib/h8300h/libstdc++.a(del_op.o) (_free)
/usr/local/h8300-elf/lib/gcc/h8300-elf/8.5.0/../../../../h8300-elf/lib/h8300h/libc.a(lib_a-nano-freer.o)
                              /usr/local/h8300-elf/lib/gcc/h8300-elf/8.5.0/../../../../h8300-elf/lib/h8300h/libc.a(lib_a-malloc.o) (__free_r)
/usr/local/h8300-elf/lib/gcc/h8300-elf/8.5.0/../../../../h8300-elf/lib/h8300h/libc.a(lib_a-nano-mallocr.o)
                              /usr/local/h8300-elf/lib/gcc/h8300-elf/8.5.0/../../../../h8300-elf/lib/h8300h/libc.a(lib_a-malloc.o) (__malloc_r)
/usr/local/h8300-elf/lib/gcc/h8300-elf/8.5.0/../../../../h8300-elf/lib/h8300h/libc.a(lib_a-sbrkr.o)
                              /usr/local/h8300-elf/lib/gcc/h8300-elf/8.5.0/../../../../h8300-elf/lib/h8300h/libc.a(lib_a-nano-mallocr.o) (__sbrk_r)
/usr/local/h8300-elf/lib/gcc/h8300-elf/8.5.0/../../../../h8300-elf/lib/h8300h/libc.a(lib_a-strcmp.o)
                              /usr/local/h8300-elf/lib/gcc/h8300-elf/8.5.0/../../../../h8300-elf/lib/h8300h/libstdc++.a(class_type_info.o) (_strcmp)
/usr/local/h8300-elf/lib/gcc/h8300-elf/8.5.0/../../../../h8300-elf/lib/h8300h/libc.a(lib_a-impure.o)
                              /usr/local/h8300-elf/lib/gcc/h8300-elf/8.5.0/../../../../h8300-elf/lib/h8300h/libc.a(lib_a-malloc.o) (__impure_ptr)
[...]
Memory Configuration

Name             Origin             Length             Attributes
vectors          0x0000000000000000 0x0000000000000100
rom              0x0000000000000100 0x000000000007ff00
ram              0x0000000000ffbf20 0x0000000000004000
ram2             0x0000000000400000 0x0000000000200000
eight            0x0000000000ffff00 0x0000000000000100
*default*        0x0000000000000000 0xffffffffffffffff

Linker script and memory map

LOAD /tmp/ccOH5Xxg.o
LOAD ./temp/ui.o
LOAD ./temp/delay.o
LOAD ./temp/intr.o
LOAD ./temp/main.o
LOAD ./temp/Mouse.o
LOAD ./temp/TimerIntrMane.o
LOAD ./temp/Motor.o
LOAD ./include/libadd3069.a
LOAD /usr/local/h8300-elf/lib/gcc/h8300-elf/8.5.0/../../../../h8300-elf/lib/h8300h/libstdc++.a
LOAD /usr/local/h8300-elf/lib/gcc/h8300-elf/8.5.0/../../../../h8300-elf/lib/h8300h/libm.a
LOAD /usr/local/h8300-elf/lib/gcc/h8300-elf/8.5.0/h8300h/libgcc.a
LOAD /usr/local/h8300-elf/lib/gcc/h8300-elf/8.5.0/../../../../h8300-elf/lib/h8300h/libc.a
LOAD /usr/local/h8300-elf/lib/gcc/h8300-elf/8.5.0/h8300h/libgcc.a

.vectors        0x0000000000000000      0x100
                0x0000000000000000        0x4 LONG 0x100 ABSOLUTE (_start)
                0x0000000000000004        0x4 LONG 0x100 ABSOLUTE (_start)
                0x0000000000000008        0x4 LONG 0x100 ABSOLUTE (_start)
                0x000000000000000c        0x4 LONG 0x100 ABSOLUTE (_start)
                0x0000000000000010        0x4 LONG 0x100 ABSOLUTE (_start)
                0x0000000000000014        0x4 LONG 0x100 ABSOLUTE (_start)
                0x0000000000000018        0x4 LONG 0x100 ABSOLUTE (_start)
                0x000000000000001c        0x4 LONG 0x100 DEFINED (_int_nmi)?ABSOLUTE (_int_nmi):ABSOLUTE (_start)
                0x0000000000000020        0x4 LONG 0x100 DEFINED (_int_trap0)?ABSOLUTE (_int_trap0):ABSOLUTE (_start)
                0x0000000000000024        0x4 LONG 0x100 DEFINED (_int_trap1)?ABSOLUTE (_int_trap1):ABSOLUTE (_start)
                0x0000000000000028        0x4 LONG 0x100 DEFINED (_int_trap2)?ABSOLUTE (_int_trap2):ABSOLUTE (_start)
                0x000000000000002c        0x4 LONG 0x100 DEFINED (_int_trap3)?ABSOLUTE (_int_trap3):ABSOLUTE (_start)
                0x0000000000000030        0x4 LONG 0x100 DEFINED (_int_irq0)?ABSOLUTE (_int_irq0):ABSOLUTE (_start)
                0x0000000000000034        0x4 LONG 0x100 DEFINED (_int_irq1)?ABSOLUTE (_int_irq1):ABSOLUTE (_start)
                0x0000000000000038        0x4 LONG 0x100 DEFINED (_int_irq2)?ABSOLUTE (_int_irq2):ABSOLUTE (_start)
                0x000000000000003c        0x4 LONG 0x100 DEFINED (_int_irq3)?ABSOLUTE (_int_irq3):ABSOLUTE (_start)
                0x0000000000000040        0x4 LONG 0x100 DEFINED (_int_irq4)?ABSOLUTE (_int_irq4):ABSOLUTE (_start)
                0x0000000000000044        0x4 LONG 0x100 DEFINED (_int_irq5)?ABSOLUTE (_int_irq5):ABSOLUTE (_start)
                0x0000000000000048        0x4 LONG 0x100 ABSOLUTE (_start)
                0x000000000000004c        0x4 LONG 0x100 ABSOLUTE (_start)
                0x0000000000000050        0x4 LONG 0x100 DEFINED (_int_wovi)?ABSOLUTE (_int_wovi):ABSOLUTE (_start)
                0x0000000000000054        0x4 LONG 0x100 DEFINED (_int_cmi)?ABSOLUTE (_int_cmi):ABSOLUTE (_start)
                0x0000000000000058        0x4 LONG 0x100 ABSOLUTE (_start)
                0x000000000000005c        0x4 LONG 0x100 DEFINED (_int_adi)?ABSOLUTE (_int_adi):ABSOLUTE (_start)
                0x0000000000000060        0x4 LONG 0x216 DEFINED (_int_imia0)?ABSOLUTE (_int_imia0):ABSOLUTE (_start)
                0x0000000000000064        0x4 LONG 0x24a DEFINED (_int_imib0)?ABSOLUTE (_int_imib0):ABSOLUTE (_start)
                0x0000000000000068        0x4 LONG 0x27e DEFINED (_int_ovi0)?ABSOLUTE (_int_ovi0):ABSOLUTE (_start)
                0x000000000000006c        0x4 LONG 0x100 ABSOLUTE (_start)
                0x0000000000000070        0x4 LONG 0x2b2 DEFINED (_int_imia1)?ABSOLUTE (_int_imia1):ABSOLUTE (_start)
                0x0000000000000074        0x4 LONG 0x2ee DEFINED (_int_imib1)?ABSOLUTE (_int_imib1):ABSOLUTE (_start)
                0x0000000000000078        0x4 LONG 0x32a DEFINED (_int_ovi1)?ABSOLUTE (_int_ovi1):ABSOLUTE (_start)
                0x000000000000007c        0x4 LONG 0x100 ABSOLUTE (_start)
                0x0000000000000080        0x4 LONG 0x366 DEFINED (_int_imia2)?ABSOLUTE (_int_imia2):ABSOLUTE (_start)
                0x0000000000000084        0x4 LONG 0x3a2 DEFINED (_int_imib2)?ABSOLUTE (_int_imib2):ABSOLUTE (_start)
                0x0000000000000088        0x4 LONG 0x3de DEFINED (_int_ovi2)?ABSOLUTE (_int_ovi2):ABSOLUTE (_start)
                0x000000000000008c        0x4 LONG 0x100 ABSOLUTE (_start)
                0x0000000000000090        0x4 LONG 0x41a DEFINED (_int_cmia0)?ABSOLUTE (_int_cmia0):ABSOLUTE (_start)
                0x0000000000000094        0x4 LONG 0x456 DEFINED (_int_cmib0)?ABSOLUTE (_int_cmib0):ABSOLUTE (_start)
                0x0000000000000098        0x4 LONG 0x492 DEFINED (_int_cmiab1)?ABSOLUTE (_int_cmiab1):ABSOLUTE (_start)
                0x000000000000009c        0x4 LONG 0x4f0 DEFINED (_int_tovi01)?ABSOLUTE (_int_tovi01):ABSOLUTE (_start)
                0x00000000000000a0        0x4 LONG 0x550 DEFINED (_int_cmia2)?ABSOLUTE (_int_cmia2):ABSOLUTE (_start)
                0x00000000000000a4        0x4 LONG 0x58c DEFINED (_int_cmib2)?ABSOLUTE (_int_cmib2):ABSOLUTE (_start)
                0x00000000000000a8        0x4 LONG 0x5c8 DEFINED (_int_cmiab3)?ABSOLUTE (_int_cmiab3):ABSOLUTE (_start)
                0x00000000000000ac        0x4 LONG 0x626 DEFINED (_int_tovi23)?ABSOLUTE (_int_tovi23):ABSOLUTE (_start)
                0x00000000000000b0        0x4 LONG 0x100 DEFINED (_int_dend0a)?ABSOLUTE (_int_dend0a):ABSOLUTE (_start)
                0x00000000000000b4        0x4 LONG 0x100 DEFINED (_int_dend0b)?ABSOLUTE (_int_dend0b):ABSOLUTE (_start)
                0x00000000000000b8        0x4 LONG 0x100 DEFINED (_int_dend1a)?ABSOLUTE (_int_dend1a):ABSOLUTE (_start)
                0x00000000000000bc        0x4 LONG 0x100 DEFINED (_int_dend1b)?ABSOLUTE (_int_dend1b):ABSOLUTE (_start)
                0x00000000000000c0        0x4 LONG 0x100 ABSOLUTE (_start)
                0x00000000000000c4        0x4 LONG 0x100 ABSOLUTE (_start)
                0x00000000000000c8        0x4 LONG 0x100 ABSOLUTE (_start)
                0x00000000000000cc        0x4 LONG 0x100 ABSOLUTE (_start)
                0x00000000000000d0        0x4 LONG 0x100 DEFINED (_int_eri0)?ABSOLUTE (_int_eri0):ABSOLUTE (_start)
                0x00000000000000d4        0x4 LONG 0x100 DEFINED (_int_rxi0)?ABSOLUTE (_int_rxi0):ABSOLUTE (_start)
                0x00000000000000d8        0x4 LONG 0x100 DEFINED (_int_txi0)?ABSOLUTE (_int_txi0):ABSOLUTE (_start)
                0x00000000000000dc        0x4 LONG 0x100 DEFINED (_int_tei0)?ABSOLUTE (_int_tei0):ABSOLUTE (_start)
                0x00000000000000e0        0x4 LONG 0x100 DEFINED (_int_eri1)?ABSOLUTE (_int_eri1):ABSOLUTE (_start)
                0x00000000000000e4        0x4 LONG 0x100 DEFINED (_int_rxi1)?ABSOLUTE (_int_rxi1):ABSOLUTE (_start)
                0x00000000000000e8        0x4 LONG 0x100 DEFINED (_int_txi1)?ABSOLUTE (_int_txi1):ABSOLUTE (_start)
                0x00000000000000ec        0x4 LONG 0x100 DEFINED (_int_tei1)?ABSOLUTE (_int_tei1):ABSOLUTE (_start)
                0x00000000000000f0        0x4 LONG 0x100 DEFINED (_int_eri2)?ABSOLUTE (_int_eri2):ABSOLUTE (_start)
                0x00000000000000f4        0x4 LONG 0x100 DEFINED (_int_rxi2)?ABSOLUTE (_int_rxi2):ABSOLUTE (_start)
                0x00000000000000f8        0x4 LONG 0x100 DEFINED (_int_txi2)?ABSOLUTE (_int_txi2):ABSOLUTE (_start)
                0x00000000000000fc        0x4 LONG 0x100 DEFINED (_int_tei2)?ABSOLUTE (_int_tei2):ABSOLUTE (_start)

.text           0x0000000000000100     0x25d8
 CREATE_OBJECT_SYMBOLS
 *(.text)
 .text          0x0000000000000100       0x44 /tmp/ccOH5Xxg.o
                0x0000000000000100                _start
                0x0000000000000140                _exit
 .text          0x0000000000000144        0x0 ./temp/ui.o
 .text          0x0000000000000144        0x0 ./temp/delay.o
 .text          0x0000000000000144      0x542 ./temp/intr.o
                0x0000000000000144                _set_imia0_handler
                0x000000000000014e                _set_imib0_handler
                0x0000000000000158                _set_ovi0_handler
                0x0000000000000162                _set_imia1_handler
                0x000000000000016c                _set_imib1_handler
                0x0000000000000176                _set_ovi1_handler
                0x0000000000000180                _set_imia2_handler
                0x000000000000018a                _set_imib2_handler
                0x0000000000000194                _set_ovi2_handler
                0x000000000000019e                _set_cmia0_handler
                0x00000000000001a8                _set_cmib0_handler
                0x00000000000001b2                _set_tovi0_handler
                0x00000000000001bc                _set_cmia1_handler
                0x00000000000001c6                _set_cmib1_handler
                0x00000000000001d0                _set_tovi1_handler
                0x00000000000001da                _set_cmia2_handler
                0x00000000000001e4                _set_cmib2_handler
                0x00000000000001ee                _set_tovi2_handler
                0x00000000000001f8                _set_cmia3_handler
                0x0000000000000202                _set_cmib3_handler
                0x000000000000020c                _set_tovi3_handler
                0x0000000000000216                _int_imia0
                0x000000000000024a                _int_imib0
                0x000000000000027e                _int_ovi0
                0x00000000000002b2                _int_imia1
                0x00000000000002ee                _int_imib1
                0x000000000000032a                _int_ovi1
                0x0000000000000366                _int_imia2
                0x00000000000003a2                _int_imib2
                0x00000000000003de                _int_ovi2
                0x000000000000041a                _int_cmia0
                0x0000000000000456                _int_cmib0
                0x0000000000000492                _int_cmiab1
                0x00000000000004f0                _int_tovi01
                0x0000000000000550                _int_cmia2
                0x000000000000058c                _int_cmib2
                0x00000000000005c8                _int_cmiab3
                0x0000000000000626                _int_tovi23
 .text          0x0000000000000686        0x0 ./temp/main.o
 .text          0x0000000000000686      0x4fa ./temp/Mouse.o
                0x0000000000000686                __ZN8eommpsys7H8Mouse7AdvanceEtt
                0x000000000000084c                __ZN8eommpsys7H8Mouse8SpinturnEtNS_9DirectionE
 .text          0x0000000000000b80      0x4c8 ./temp/TimerIntrMane.o
                0x0000000000000b80                __ZN8eommpsys12TimerManager8TimerCH04stopEv
                0x0000000000000bac                __ZN8eommpsys12TimerManager8TimerCH14stopEv
                0x0000000000000be0                __ZN8eommpsys12TimerManager8TimerCH24stopEv
                0x0000000000000c14                __ZN8eommpsys12TimerManager5TMR2313adaptHandlerAEv
                0x0000000000000c38                __ZN8eommpsys12TimerManager5TMR2313adaptHandlerBEv
                0x0000000000000c5c                __ZN8eommpsys12TimerManager5TMR234stopEv
                0x0000000000000c9c                __ZN8eommpsys12TimerManager5TMR2315adaptHandlerOVFEv
                0x0000000000000cae                __ZN8eommpsys12TimerManager5TMR235startEv
                0x0000000000000d72                __ZN8eommpsys12TimerManager8TimerCH05startEv
                0x0000000000000e64                __ZN8eommpsys12TimerManager8TimerCH15startEv
                0x0000000000000f56                __ZN8eommpsys12TimerManager8TimerCH25startEv
 .text          0x0000000000001048      0x4fa ./temp/Motor.o
                0x0000000000001048                __ZN8eommpsys8H8MotorR12intrHandlerAEv
                0x000000000000104e                __ZN8eommpsys8H8MotorR6Setup_Ettb
                0x000000000000112a                __ZN8eommpsys8H8MotorR12ChangeSpeed_Et
                0x000000000000119c                __ZN8eommpsys8H8MotorL12intrHandlerAEv
                0x00000000000011a2                __ZN8eommpsys8H8MotorL6Setup_Ettb
                0x000000000000127c                __ZN8eommpsys8H8MotorL12ChangeSpeed_Et
                0x00000000000012ee                __ZN8eommpsys8H8MotorR12intrHandlerBEv
                0x0000000000001336                __ZN8eommpsys8H8MotorL12intrHandlerBEv
                0x000000000000137e                __ZN8eommpsys8H8MotorL6Abort_Ev
                0x00000000000013bc                __ZN8eommpsys8H8MotorR6Abort_Ev
                0x00000000000013fa                __ZN8eommpsys8H8MotorR4InitERNS_12TimerManager9TimerBaseItEE
                0x000000000000149e                __ZN8eommpsys8H8MotorL4InitERNS_12TimerManager9TimerBaseItEE
 .text          0x0000000000001542        0x0 /usr/local/h8300-elf/lib/gcc/h8300-elf/8.5.0/../../../../h8300-elf/lib/h8300h/libstdc++.a(class_type_info.o)
 .text          0x0000000000001542        0x0 /usr/local/h8300-elf/lib/gcc/h8300-elf/8.5.0/../../../../h8300-elf/lib/h8300h/libstdc++.a(tinfo.o)
 .text          0x0000000000001542        0x0 /usr/local/h8300-elf/lib/gcc/h8300-elf/8.5.0/../../../../h8300-elf/lib/h8300h/libstdc++.a(si_class_type_info.o)
 .text          0x0000000000001542        0x0 /usr/local/h8300-elf/lib/gcc/h8300-elf/8.5.0/../../../../h8300-elf/lib/h8300h/libstdc++.a(del_ops.o)
 .text          0x0000000000001542        0x0 /usr/local/h8300-elf/lib/gcc/h8300-elf/8.5.0/../../../../h8300-elf/lib/h8300h/libstdc++.a(del_op.o)
 .text          0x0000000000001542       0x36 /usr/local/h8300-elf/lib/gcc/h8300-elf/8.5.0/h8300h/libgcc.a(_fixunssfsi.o)
                0x0000000000001542                ___fixunssfsi
 .text          0x0000000000001578      0x2e4 /usr/local/h8300-elf/lib/gcc/h8300-elf/8.5.0/h8300h/libgcc.a(_addsub_sf.o)
                0x00000000000017ba                ___addsf3
                0x0000000000001806                ___subsf3
 .text          0x000000000000185c      0x1b6 /usr/local/h8300-elf/lib/gcc/h8300-elf/8.5.0/h8300h/libgcc.a(_mul_sf.o)
                0x000000000000185c                ___mulsf3
 .text          0x0000000000001a12      0x11c /usr/local/h8300-elf/lib/gcc/h8300-elf/8.5.0/h8300h/libgcc.a(_div_sf.o)
                0x0000000000001a12                ___divsf3
 .text          0x0000000000001b2e       0x5a /usr/local/h8300-elf/lib/gcc/h8300-elf/8.5.0/h8300h/libgcc.a(_ge_sf.o)
                0x0000000000001b2e                ___gesf2
 .text          0x0000000000001b88       0x76 /usr/local/h8300-elf/lib/gcc/h8300-elf/8.5.0/h8300h/libgcc.a(_sf_to_si.o)
                0x0000000000001b88                ___fixsfsi
 .text          0x0000000000001bfe        0x0 /usr/local/h8300-elf/lib/gcc/h8300-elf/8.5.0/h8300h/libgcc.a(_thenan_sf.o)
 .text          0x0000000000001bfe       0x84 /usr/local/h8300-elf/lib/gcc/h8300-elf/8.5.0/h8300h/libgcc.a(_usi_to_sf.o)
                0x0000000000001bfe                ___floatunsisf
 .text          0x0000000000001c82       0x52 /usr/local/h8300-elf/lib/gcc/h8300-elf/8.5.0/h8300h/libgcc.a(_clzsi2.o)
                0x0000000000001c82                ___clzsi2
 .text          0x0000000000001cd4      0x162 /usr/local/h8300-elf/lib/gcc/h8300-elf/8.5.0/h8300h/libgcc.a(_pack_sf.o)
                0x0000000000001cd4                ___pack_f
 .text          0x0000000000001e36       0xbe /usr/local/h8300-elf/lib/gcc/h8300-elf/8.5.0/h8300h/libgcc.a(_unpack_sf.o)
                0x0000000000001e36                ___unpack_f
 .text          0x0000000000001ef4       0xa6 /usr/local/h8300-elf/lib/gcc/h8300-elf/8.5.0/h8300h/libgcc.a(_fpcmp_parts_sf.o)
                0x0000000000001ef4                ___fpcmp_parts_f
 .text          0x0000000000001f9a        0x0 /usr/local/h8300-elf/lib/gcc/h8300-elf/8.5.0/h8300h/libgcc.a(_clz.o)
 .text          0x0000000000001f9a       0x20 /usr/local/h8300-elf/lib/gcc/h8300-elf/8.5.0/../../../../h8300-elf/lib/h8300h/libc.a(lib_a-malloc.o)
                0x0000000000001f9a                _malloc
                0x0000000000001faa                _free
 .text          0x0000000000001fba      0x10a /usr/local/h8300-elf/lib/gcc/h8300-elf/8.5.0/../../../../h8300-elf/lib/h8300h/libc.a(lib_a-nano-freer.o)
                0x0000000000001fba                __free_r
 .text          0x00000000000020c4      0x156 /usr/local/h8300-elf/lib/gcc/h8300-elf/8.5.0/../../../../h8300-elf/lib/h8300h/libc.a(lib_a-nano-mallocr.o)
                0x00000000000020c4                __malloc_r
 .text          0x000000000000221a       0x2a /usr/local/h8300-elf/lib/gcc/h8300-elf/8.5.0/../../../../h8300-elf/lib/h8300h/libc.a(lib_a-sbrkr.o)
                0x000000000000221a                __sbrk_r
 .text          0x0000000000002244       0x20 /usr/local/h8300-elf/lib/gcc/h8300-elf/8.5.0/../../../../h8300-elf/lib/h8300h/libc.a(lib_a-strcmp.o)
                0x0000000000002244                _strcmp
 .text          0x0000000000002264        0x0 /usr/local/h8300-elf/lib/gcc/h8300-elf/8.5.0/../../../../h8300-elf/lib/h8300h/libc.a(lib_a-impure.o)
 .text          0x0000000000002264        0x4 /usr/local/h8300-elf/lib/gcc/h8300-elf/8.5.0/../../../../h8300-elf/lib/h8300h/libc.a(lib_a-mlock.o)
                0x0000000000002264                ___malloc_lock
                0x0000000000002266                ___malloc_unlock
 .text          0x0000000000002268      0x15e /usr/local/h8300-elf/lib/gcc/h8300-elf/8.5.0/../../../../h8300-elf/lib/h8300h/libc.a(lib_a-reent.o)
                0x0000000000002268                _cleanup_glue
                0x0000000000002290                __reclaim_reent
 .text          0x00000000000023c6       0x60 /usr/local/h8300-elf/lib/gcc/h8300-elf/8.5.0/../../../../h8300-elf/lib/h8300h/libc.a(lib_a-sbrk.o)
                0x00000000000023c6                __sbrk
 *fill*         0x0000000000002426        0x2 
 .text          0x0000000000002428        0x8 /usr/local/h8300-elf/lib/gcc/h8300-elf/8.5.0/../../../../h8300-elf/lib/h8300h/libc.a(lib_a-write.o)
                0x0000000000002428                __write
 .text          0x0000000000002430       0x10 /usr/local/h8300-elf/lib/gcc/h8300-elf/8.5.0/../../../../h8300-elf/lib/h8300h/libc.a(lib_a-abort.o)
                0x0000000000002430                _abort
 .text          0x0000000000002440      0x242 /usr/local/h8300-elf/lib/gcc/h8300-elf/8.5.0/../../../../h8300-elf/lib/h8300h/libc.a(lib_a-signal.o)
                0x0000000000002476                __init_signal_r
                0x0000000000002488                __signal_r
                0x00000000000024f0                __raise_r
                0x000000000000256c                ___sigtramp_r
                0x00000000000025e0                _raise
                0x00000000000025f0                _signal
                0x0000000000002658                __init_signal
                0x0000000000002672                ___sigtramp
 .text          0x0000000000002682       0x32 /usr/local/h8300-elf/lib/gcc/h8300-elf/8.5.0/../../../../h8300-elf/lib/h8300h/libc.a(lib_a-signalr.o)
                0x0000000000002682                __kill_r
                0x00000000000026ae                __getpid_r
 .text          0x00000000000026b4       0x10 /usr/local/h8300-elf/lib/gcc/h8300-elf/8.5.0/../../../../h8300-elf/lib/h8300h/libc.a(lib_a-_exit.o)
                0x00000000000026b4                __exit
 .text          0x00000000000026c4       0x14 /usr/local/h8300-elf/lib/gcc/h8300-elf/8.5.0/../../../../h8300-elf/lib/h8300h/libc.a(lib_a-misc.o)
                0x00000000000026c4                __raise
                0x00000000000026c8                __getpid
                0x00000000000026cc                __kill
                0x00000000000026d8                etext = .

.text._ZN8eommpsys4Time12delayHandlerEv
                0x00000000000026d8       0x54
 .text._ZN8eommpsys4Time12delayHandlerEv
                0x00000000000026d8       0x54 ./temp/main.o
                0x00000000000026d8                __ZN8eommpsys4Time12delayHandlerEv

.text._ZN8eommpsys2ui10CeraBuzzer9handlerOnEv
                0x000000000000272c        0x6
 .text._ZN8eommpsys2ui10CeraBuzzer9handlerOnEv
                0x000000000000272c        0x6 ./temp/main.o
                0x000000000000272c                __ZN8eommpsys2ui10CeraBuzzer9handlerOnEv

.text._ZN8eommpsys2ui10CeraBuzzer10handlerOffEv
                0x0000000000002732        0xe
 .text._ZN8eommpsys2ui10CeraBuzzer10handlerOffEv
                0x0000000000002732        0xe ./temp/main.o
                0x0000000000002732                __ZN8eommpsys2ui10CeraBuzzer10handlerOffEv

.text._ZN8eommpsys2ui10CeraBuzzer4InitERNS_12TimerManager9TimerBaseItEE
                0x0000000000002740       0x9a
 .text._ZN8eommpsys2ui10CeraBuzzer4InitERNS_12TimerManager9TimerBaseItEE
                0x0000000000002740       0x9a ./temp/main.o
                0x0000000000002740                __ZN8eommpsys2ui10CeraBuzzer4InitERNS_12TimerManager9TimerBaseItEE

.text.startup   0x00000000000027da      0x528
 .text.startup  0x00000000000027da      0x528 ./temp/main.o
                0x00000000000027da                _main

.text._ZN8eommpsys12TimerManager8TimerCH013adaptGeneralAEt
                0x0000000000002d02        0x6
 .text._ZN8eommpsys12TimerManager8TimerCH013adaptGeneralAEt
                0x0000000000002d02        0x6 ./temp/TimerIntrMane.o
                0x0000000000002d02                __ZN8eommpsys12TimerManager8TimerCH013adaptGeneralAEt

.text._ZN8eommpsys12TimerManager8TimerCH013adaptGeneralBEt
                0x0000000000002d08        0x6
 .text._ZN8eommpsys12TimerManager8TimerCH013adaptGeneralBEt
                0x0000000000002d08        0x6 ./temp/TimerIntrMane.o
                0x0000000000002d08                __ZN8eommpsys12TimerManager8TimerCH013adaptGeneralBEt

.text._ZN8eommpsys12TimerManager8TimerCH113adaptGeneralAEt
                0x0000000000002d0e        0x6
 .text._ZN8eommpsys12TimerManager8TimerCH113adaptGeneralAEt
                0x0000000000002d0e        0x6 ./temp/TimerIntrMane.o
                0x0000000000002d0e                __ZN8eommpsys12TimerManager8TimerCH113adaptGeneralAEt

.text._ZN8eommpsys12TimerManager8TimerCH113adaptGeneralBEt
                0x0000000000002d14        0x6
 .text._ZN8eommpsys12TimerManager8TimerCH113adaptGeneralBEt
                0x0000000000002d14        0x6 ./temp/TimerIntrMane.o
                0x0000000000002d14                __ZN8eommpsys12TimerManager8TimerCH113adaptGeneralBEt

.text._ZN8eommpsys12TimerManager8TimerCH213adaptGeneralAEt
                0x0000000000002d1a        0x6
 .text._ZN8eommpsys12TimerManager8TimerCH213adaptGeneralAEt
                0x0000000000002d1a        0x6 ./temp/TimerIntrMane.o
                0x0000000000002d1a                __ZN8eommpsys12TimerManager8TimerCH213adaptGeneralAEt

.text._ZN8eommpsys12TimerManager8TimerCH213adaptGeneralBEt
                0x0000000000002d20        0x6
 .text._ZN8eommpsys12TimerManager8TimerCH213adaptGeneralBEt
                0x0000000000002d20        0x6 ./temp/TimerIntrMane.o
                0x0000000000002d20                __ZN8eommpsys12TimerManager8TimerCH213adaptGeneralBEt

.text._ZN8eommpsys12TimerManager5TMR2313adaptGeneralAEt
                0x0000000000002d26        0x6
 .text._ZN8eommpsys12TimerManager5TMR2313adaptGeneralAEt
                0x0000000000002d26        0x6 ./temp/TimerIntrMane.o
                0x0000000000002d26                __ZN8eommpsys12TimerManager5TMR2313adaptGeneralAEt

.text._ZN8eommpsys12TimerManager5TMR2313adaptGeneralBEt
                0x0000000000002d2c        0x6
 .text._ZN8eommpsys12TimerManager5TMR2313adaptGeneralBEt
                0x0000000000002d2c        0x6 ./temp/TimerIntrMane.o
                0x0000000000002d2c                __ZN8eommpsys12TimerManager5TMR2313adaptGeneralBEt

.text._ZN8eommpsys12TimerManager8TimerCH07restartEv
                0x0000000000002d32        0x6
 .text._ZN8eommpsys12TimerManager8TimerCH07restartEv
                0x0000000000002d32        0x6 ./temp/TimerIntrMane.o
                0x0000000000002d32                __ZN8eommpsys12TimerManager8TimerCH07restartEv

.text._ZN8eommpsys12TimerManager8TimerCH05pauseEv
                0x0000000000002d38        0x6
 .text._ZN8eommpsys12TimerManager8TimerCH05pauseEv
                0x0000000000002d38        0x6 ./temp/TimerIntrMane.o
                0x0000000000002d38                __ZN8eommpsys12TimerManager8TimerCH05pauseEv

.text._ZN8eommpsys12TimerManager8TimerCH17restartEv
                0x0000000000002d3e        0x6
 .text._ZN8eommpsys12TimerManager8TimerCH17restartEv
                0x0000000000002d3e        0x6 ./temp/TimerIntrMane.o
                0x0000000000002d3e                __ZN8eommpsys12TimerManager8TimerCH17restartEv

.text._ZN8eommpsys12TimerManager8TimerCH15pauseEv
                0x0000000000002d44        0xe
 .text._ZN8eommpsys12TimerManager8TimerCH15pauseEv
                0x0000000000002d44        0xe ./temp/TimerIntrMane.o
                0x0000000000002d44                __ZN8eommpsys12TimerManager8TimerCH15pauseEv

.text._ZN8eommpsys12TimerManager8TimerCH27restartEv
                0x0000000000002d52        0x6
 .text._ZN8eommpsys12TimerManager8TimerCH27restartEv
                0x0000000000002d52        0x6 ./temp/TimerIntrMane.o
                0x0000000000002d52                __ZN8eommpsys12TimerManager8TimerCH27restartEv

.text._ZN8eommpsys12TimerManager8TimerCH25pauseEv
                0x0000000000002d58        0xe
 .text._ZN8eommpsys12TimerManager8TimerCH25pauseEv
                0x0000000000002d58        0xe ./temp/TimerIntrMane.o
                0x0000000000002d58                __ZN8eommpsys12TimerManager8TimerCH25pauseEv

.text._ZN8eommpsys12TimerManager5TMR237restartEv
                0x0000000000002d66       0x3c
 .text._ZN8eommpsys12TimerManager5TMR237restartEv
                0x0000000000002d66       0x3c ./temp/TimerIntrMane.o
                0x0000000000002d66                __ZN8eommpsys12TimerManager5TMR237restartEv

.text._ZN8eommpsys12TimerManager5TMR235pauseEv
                0x0000000000002da2       0x1a
 .text._ZN8eommpsys12TimerManager5TMR235pauseEv
                0x0000000000002da2       0x1a ./temp/TimerIntrMane.o
                0x0000000000002da2                __ZN8eommpsys12TimerManager5TMR235pauseEv

.text._ZN8eommpsys12TimerManager8TimerCH013adaptHandlerAEv
                0x0000000000002dbc       0x2c
 .text._ZN8eommpsys12TimerManager8TimerCH013adaptHandlerAEv
                0x0000000000002dbc       0x2c ./temp/TimerIntrMane.o
                0x0000000000002dbc                __ZN8eommpsys12TimerManager8TimerCH013adaptHandlerAEv

.text._ZN8eommpsys12TimerManager8TimerCH013adaptHandlerBEv
                0x0000000000002de8       0x2c
 .text._ZN8eommpsys12TimerManager8TimerCH013adaptHandlerBEv
                0x0000000000002de8       0x2c ./temp/TimerIntrMane.o
                0x0000000000002de8                __ZN8eommpsys12TimerManager8TimerCH013adaptHandlerBEv

.text._ZN8eommpsys12TimerManager8TimerCH015adaptHandlerOVFEv
                0x0000000000002e14       0x1a
 .text._ZN8eommpsys12TimerManager8TimerCH015adaptHandlerOVFEv
                0x0000000000002e14       0x1a ./temp/TimerIntrMane.o
                0x0000000000002e14                __ZN8eommpsys12TimerManager8TimerCH015adaptHandlerOVFEv

.text._ZN8eommpsys12TimerManager8TimerCH113adaptHandlerAEv
                0x0000000000002e2e       0x2c
 .text._ZN8eommpsys12TimerManager8TimerCH113adaptHandlerAEv
                0x0000000000002e2e       0x2c ./temp/TimerIntrMane.o
                0x0000000000002e2e                __ZN8eommpsys12TimerManager8TimerCH113adaptHandlerAEv

.text._ZN8eommpsys12TimerManager8TimerCH113adaptHandlerBEv
                0x0000000000002e5a       0x2c
 .text._ZN8eommpsys12TimerManager8TimerCH113adaptHandlerBEv
                0x0000000000002e5a       0x2c ./temp/TimerIntrMane.o
                0x0000000000002e5a                __ZN8eommpsys12TimerManager8TimerCH113adaptHandlerBEv

.text._ZN8eommpsys12TimerManager8TimerCH115adaptHandlerOVFEv
                0x0000000000002e86       0x1a
 .text._ZN8eommpsys12TimerManager8TimerCH115adaptHandlerOVFEv
                0x0000000000002e86       0x1a ./temp/TimerIntrMane.o
                0x0000000000002e86                __ZN8eommpsys12TimerManager8TimerCH115adaptHandlerOVFEv

.text._ZN8eommpsys12TimerManager8TimerCH213adaptHandlerAEv
                0x0000000000002ea0       0x2c
 .text._ZN8eommpsys12TimerManager8TimerCH213adaptHandlerAEv
                0x0000000000002ea0       0x2c ./temp/TimerIntrMane.o
                0x0000000000002ea0                __ZN8eommpsys12TimerManager8TimerCH213adaptHandlerAEv

.text._ZN8eommpsys12TimerManager8TimerCH213adaptHandlerBEv
                0x0000000000002ecc       0x2c
 .text._ZN8eommpsys12TimerManager8TimerCH213adaptHandlerBEv
                0x0000000000002ecc       0x2c ./temp/TimerIntrMane.o
                0x0000000000002ecc                __ZN8eommpsys12TimerManager8TimerCH213adaptHandlerBEv

.text._ZN8eommpsys12TimerManager8TimerCH215adaptHandlerOVFEv
                0x0000000000002ef8       0x1a
 .text._ZN8eommpsys12TimerManager8TimerCH215adaptHandlerOVFEv
                0x0000000000002ef8       0x1a ./temp/TimerIntrMane.o
                0x0000000000002ef8                __ZN8eommpsys12TimerManager8TimerCH215adaptHandlerOVFEv

.text._ZN8eommpsys8H8MotorR10PutRunningEv
                0x0000000000002f12        0xa
 .text._ZN8eommpsys8H8MotorR10PutRunningEv
                0x0000000000002f12        0xa ./temp/Motor.o
                0x0000000000002f12                __ZN8eommpsys8H8MotorR10PutRunningEv

.text._ZN8eommpsys8H8MotorR14SetSignalAbortEb
                0x0000000000002f1c        0x8
 .text._ZN8eommpsys8H8MotorR14SetSignalAbortEb
                0x0000000000002f1c        0x8 ./temp/Motor.o
                0x0000000000002f1c                __ZN8eommpsys8H8MotorR14SetSignalAbortEb

.text._ZN8eommpsys8H8MotorR9IsRunningEv
                0x0000000000002f24        0x8
 .text._ZN8eommpsys8H8MotorR9IsRunningEv
                0x0000000000002f24        0x8 ./temp/Motor.o
                0x0000000000002f24                __ZN8eommpsys8H8MotorR9IsRunningEv

.text._ZN8eommpsys8H8MotorR10IsAbortingEv
                0x0000000000002f2c        0x8
 .text._ZN8eommpsys8H8MotorR10IsAbortingEv
                0x0000000000002f2c        0x8 ./temp/Motor.o
                0x0000000000002f2c                __ZN8eommpsys8H8MotorR10IsAbortingEv

.text._ZN8eommpsys8H8MotorR5StartEv
                0x0000000000002f34       0x16
 .text._ZN8eommpsys8H8MotorR5StartEv
                0x0000000000002f34       0x16 ./temp/Motor.o
                0x0000000000002f34                __ZN8eommpsys8H8MotorR5StartEv

.text._ZN8eommpsys8H8MotorR6EnableEb
                0x0000000000002f4a       0x10
 .text._ZN8eommpsys8H8MotorR6EnableEb
                0x0000000000002f4a       0x10 ./temp/Motor.o
                0x0000000000002f4a                __ZN8eommpsys8H8MotorR6EnableEb

.text._ZN8eommpsys8H8MotorL10PutRunningEv
                0x0000000000002f5a        0xa
 .text._ZN8eommpsys8H8MotorL10PutRunningEv
                0x0000000000002f5a        0xa ./temp/Motor.o
                0x0000000000002f5a                __ZN8eommpsys8H8MotorL10PutRunningEv

.text._ZN8eommpsys8H8MotorL14SetSignalAbortEb
                0x0000000000002f64        0x8
 .text._ZN8eommpsys8H8MotorL14SetSignalAbortEb
                0x0000000000002f64        0x8 ./temp/Motor.o
                0x0000000000002f64                __ZN8eommpsys8H8MotorL14SetSignalAbortEb

.text._ZN8eommpsys8H8MotorL9IsRunningEv
                0x0000000000002f6c        0x8
 .text._ZN8eommpsys8H8MotorL9IsRunningEv
                0x0000000000002f6c        0x8 ./temp/Motor.o
                0x0000000000002f6c                __ZN8eommpsys8H8MotorL9IsRunningEv

.text._ZN8eommpsys8H8MotorL10IsAbortingEv
                0x0000000000002f74        0x8
 .text._ZN8eommpsys8H8MotorL10IsAbortingEv
                0x0000000000002f74        0x8 ./temp/Motor.o
                0x0000000000002f74                __ZN8eommpsys8H8MotorL10IsAbortingEv

.text._ZN8eommpsys8H8MotorL5StartEv
                0x0000000000002f7c       0x16
 .text._ZN8eommpsys8H8MotorL5StartEv
                0x0000000000002f7c       0x16 ./temp/Motor.o
                0x0000000000002f7c                __ZN8eommpsys8H8MotorL5StartEv

.text._ZN8eommpsys8H8MotorL6EnableEb
                0x0000000000002f92       0x10
 .text._ZN8eommpsys8H8MotorL6EnableEb
                0x0000000000002f92       0x10 ./temp/Motor.o
                0x0000000000002f92                __ZN8eommpsys8H8MotorL6EnableEb

.text._ZNKSt9type_infoeqERKS_
                0x0000000000002fa2       0x7e
 .text._ZNKSt9type_infoeqERKS_
                0x0000000000002fa2       0x7e /usr/local/h8300-elf/lib/gcc/h8300-elf/8.5.0/../../../../h8300-elf/lib/h8300h/libstdc++.a(class_type_info.o)
                0x0000000000002fa2                __ZNKSt9type_infoeqERKS_

.text._ZN10__cxxabiv112_GLOBAL__N_118contained_public_pENS_17__class_type_info10__sub_kindE
                0x0000000000003020       0x2a
 .text._ZN10__cxxabiv112_GLOBAL__N_118contained_public_pENS_17__class_type_info10__sub_kindE
                0x0000000000003020       0x2a /usr/local/h8300-elf/lib/gcc/h8300-elf/8.5.0/../../../../h8300-elf/lib/h8300h/libstdc++.a(class_type_info.o)

.text._ZN10__cxxabiv117__class_type_info15__upcast_resultC2Ei
                0x000000000000304a       0x56
 .text._ZN10__cxxabiv117__class_type_info15__upcast_resultC2Ei
                0x000000000000304a       0x56 /usr/local/h8300-elf/lib/gcc/h8300-elf/8.5.0/../../../../h8300-elf/lib/h8300h/libstdc++.a(class_type_info.o)
                0x000000000000304a                __ZN10__cxxabiv117__class_type_info15__upcast_resultC2Ei
                0x000000000000304a                __ZN10__cxxabiv117__class_type_info15__upcast_resultC1Ei

.text._ZN10__cxxabiv117__class_type_infoD2Ev
                0x00000000000030a0       0x34
 .text._ZN10__cxxabiv117__class_type_infoD2Ev
                0x00000000000030a0       0x34 /usr/local/h8300-elf/lib/gcc/h8300-elf/8.5.0/../../../../h8300-elf/lib/h8300h/libstdc++.a(class_type_info.o)
                0x00000000000030a0                __ZN10__cxxabiv117__class_type_infoD2Ev
                0x00000000000030a0                __ZN10__cxxabiv117__class_type_infoD1Ev

.text._ZN10__cxxabiv117__class_type_infoD0Ev
                0x00000000000030d4       0x32
 .text._ZN10__cxxabiv117__class_type_infoD0Ev
                0x00000000000030d4       0x32 /usr/local/h8300-elf/lib/gcc/h8300-elf/8.5.0/../../../../h8300-elf/lib/h8300h/libstdc++.a(class_type_info.o)
                0x00000000000030d4                __ZN10__cxxabiv117__class_type_infoD0Ev

.text._ZNK10__cxxabiv117__class_type_info10__do_catchEPKSt9type_infoPPvj
                0x0000000000003106       0x84
 .text._ZNK10__cxxabiv117__class_type_info10__do_catchEPKSt9type_infoPPvj
                0x0000000000003106       0x84 /usr/local/h8300-elf/lib/gcc/h8300-elf/8.5.0/../../../../h8300-elf/lib/h8300h/libstdc++.a(class_type_info.o)
                0x0000000000003106                __ZNK10__cxxabiv117__class_type_info10__do_catchEPKSt9type_infoPPvj

.text._ZNK10__cxxabiv117__class_type_info11__do_upcastEPKS0_PPv
                0x000000000000318a       0xaa
 .text._ZNK10__cxxabiv117__class_type_info11__do_upcastEPKS0_PPv
                0x000000000000318a       0xaa /usr/local/h8300-elf/lib/gcc/h8300-elf/8.5.0/../../../../h8300-elf/lib/h8300h/libstdc++.a(class_type_info.o)
                0x000000000000318a                __ZNK10__cxxabiv117__class_type_info11__do_upcastEPKS0_PPv

.text._ZNK10__cxxabiv117__class_type_info20__do_find_public_srcElPKvPKS0_S2_
                0x0000000000003234       0x46
 .text._ZNK10__cxxabiv117__class_type_info20__do_find_public_srcElPKvPKS0_S2_
                0x0000000000003234       0x46 /usr/local/h8300-elf/lib/gcc/h8300-elf/8.5.0/../../../../h8300-elf/lib/h8300h/libstdc++.a(class_type_info.o)
                0x0000000000003234                __ZNK10__cxxabiv117__class_type_info20__do_find_public_srcElPKvPKS0_S2_

.text._ZNK10__cxxabiv117__class_type_info12__do_dyncastElNS0_10__sub_kindEPKS0_PKvS3_S5_RNS0_16__dyncast_resultE
                0x000000000000327a       0xbc
 .text._ZNK10__cxxabiv117__class_type_info12__do_dyncastElNS0_10__sub_kindEPKS0_PKvS3_S5_RNS0_16__dyncast_resultE
                0x000000000000327a       0xbc /usr/local/h8300-elf/lib/gcc/h8300-elf/8.5.0/../../../../h8300-elf/lib/h8300h/libstdc++.a(class_type_info.o)
                0x000000000000327a                __ZNK10__cxxabiv117__class_type_info12__do_dyncastElNS0_10__sub_kindEPKS0_PKvS3_S5_RNS0_16__dyncast_resultE

.text._ZNK10__cxxabiv117__class_type_info11__do_upcastEPKS0_PKvRNS0_15__upcast_resultE
                0x0000000000003336       0x7a
 .text._ZNK10__cxxabiv117__class_type_info11__do_upcastEPKS0_PKvRNS0_15__upcast_resultE
                0x0000000000003336       0x7a /usr/local/h8300-elf/lib/gcc/h8300-elf/8.5.0/../../../../h8300-elf/lib/h8300h/libstdc++.a(class_type_info.o)
                0x0000000000003336                __ZNK10__cxxabiv117__class_type_info11__do_upcastEPKS0_PKvRNS0_15__upcast_resultE

.text._ZNSt9type_infoD2Ev
                0x00000000000033b0       0x28
 .text._ZNSt9type_infoD2Ev
                0x00000000000033b0       0x28 /usr/local/h8300-elf/lib/gcc/h8300-elf/8.5.0/../../../../h8300-elf/lib/h8300h/libstdc++.a(tinfo.o)
                0x00000000000033b0                __ZNSt9type_infoD1Ev
                0x00000000000033b0                __ZNSt9type_infoD2Ev

.text._ZNSt9type_infoD0Ev
                0x00000000000033d8       0x32
 .text._ZNSt9type_infoD0Ev
                0x00000000000033d8       0x32 /usr/local/h8300-elf/lib/gcc/h8300-elf/8.5.0/../../../../h8300-elf/lib/h8300h/libstdc++.a(tinfo.o)
                0x00000000000033d8                __ZNSt9type_infoD0Ev

.text._ZNKSt9type_info14__is_pointer_pEv
                0x000000000000340a       0x1a
 .text._ZNKSt9type_info14__is_pointer_pEv
                0x000000000000340a       0x1a /usr/local/h8300-elf/lib/gcc/h8300-elf/8.5.0/../../../../h8300-elf/lib/h8300h/libstdc++.a(tinfo.o)
                0x000000000000340a                __ZNKSt9type_info14__is_pointer_pEv

.text._ZNKSt9type_info15__is_function_pEv
                0x0000000000003424       0x1a
 .text._ZNKSt9type_info15__is_function_pEv
                0x0000000000003424       0x1a /usr/local/h8300-elf/lib/gcc/h8300-elf/8.5.0/../../../../h8300-elf/lib/h8300h/libstdc++.a(tinfo.o)
                0x0000000000003424                __ZNKSt9type_info15__is_function_pEv

.text._ZNKSt9type_info10__do_catchEPKS_PPvj
                0x000000000000343e       0x42
 .text._ZNKSt9type_info10__do_catchEPKS_PPvj
                0x000000000000343e       0x42 /usr/local/h8300-elf/lib/gcc/h8300-elf/8.5.0/../../../../h8300-elf/lib/h8300h/libstdc++.a(tinfo.o)
                0x000000000000343e                __ZNKSt9type_info10__do_catchEPKS_PPvj

.text._ZNKSt9type_info11__do_upcastEPKN10__cxxabiv117__class_type_infoEPPv
                0x0000000000003480       0x2e
 .text._ZNKSt9type_info11__do_upcastEPKN10__cxxabiv117__class_type_infoEPPv
                0x0000000000003480       0x2e /usr/local/h8300-elf/lib/gcc/h8300-elf/8.5.0/../../../../h8300-elf/lib/h8300h/libstdc++.a(tinfo.o)
                0x0000000000003480                __ZNKSt9type_info11__do_upcastEPKN10__cxxabiv117__class_type_infoEPPv

.text._ZN10__cxxabiv120__si_class_type_infoD2Ev
                0x00000000000034ae       0x34
 .text._ZN10__cxxabiv120__si_class_type_infoD2Ev
                0x00000000000034ae       0x34 /usr/local/h8300-elf/lib/gcc/h8300-elf/8.5.0/../../../../h8300-elf/lib/h8300h/libstdc++.a(si_class_type_info.o)
                0x00000000000034ae                __ZN10__cxxabiv120__si_class_type_infoD1Ev
                0x00000000000034ae                __ZN10__cxxabiv120__si_class_type_infoD2Ev

.text._ZN10__cxxabiv120__si_class_type_infoD0Ev
                0x00000000000034e2       0x32
 .text._ZN10__cxxabiv120__si_class_type_infoD0Ev
                0x00000000000034e2       0x32 /usr/local/h8300-elf/lib/gcc/h8300-elf/8.5.0/../../../../h8300-elf/lib/h8300h/libstdc++.a(si_class_type_info.o)
                0x00000000000034e2                __ZN10__cxxabiv120__si_class_type_infoD0Ev

.text._ZNK10__cxxabiv120__si_class_type_info20__do_find_public_srcElPKvPKNS_17__class_type_infoES2_
                0x0000000000003514       0xc0
 .text._ZNK10__cxxabiv120__si_class_type_info20__do_find_public_srcElPKvPKNS_17__class_type_infoES2_
                0x0000000000003514       0xc0 /usr/local/h8300-elf/lib/gcc/h8300-elf/8.5.0/../../../../h8300-elf/lib/h8300h/libstdc++.a(si_class_type_info.o)
                0x0000000000003514                __ZNK10__cxxabiv120__si_class_type_info20__do_find_public_srcElPKvPKNS_17__class_type_infoES2_

.text._ZNK10__cxxabiv120__si_class_type_info12__do_dyncastElNS_17__class_type_info10__sub_kindEPKS1_PKvS4_S6_RNS1_16__dyncast_resultE
                0x00000000000035d4      0x184
 .text._ZNK10__cxxabiv120__si_class_type_info12__do_dyncastElNS_17__class_type_info10__sub_kindEPKS1_PKvS4_S6_RNS1_16__dyncast_resultE
                0x00000000000035d4      0x184 /usr/local/h8300-elf/lib/gcc/h8300-elf/8.5.0/../../../../h8300-elf/lib/h8300h/libstdc++.a(si_class_type_info.o)
                0x00000000000035d4                __ZNK10__cxxabiv120__si_class_type_info12__do_dyncastElNS_17__class_type_info10__sub_kindEPKS1_PKvS4_S6_RNS1_16__dyncast_resultE

.text._ZNK10__cxxabiv120__si_class_type_info11__do_upcastEPKNS_17__class_type_infoEPKvRNS1_15__upcast_resultE
                0x0000000000003758       0xac
 .text._ZNK10__cxxabiv120__si_class_type_info11__do_upcastEPKNS_17__class_type_infoEPKvRNS1_15__upcast_resultE
                0x0000000000003758       0xac /usr/local/h8300-elf/lib/gcc/h8300-elf/8.5.0/../../../../h8300-elf/lib/h8300h/libstdc++.a(si_class_type_info.o)
                0x0000000000003758                __ZNK10__cxxabiv120__si_class_type_info11__do_upcastEPKNS_17__class_type_infoEPKvRNS1_15__upcast_resultE

.text._ZN10__cxxabiv112_GLOBAL__N_114adjust_pointerIvEEPKT_PKvl
                0x0000000000003804       0x32
 .text._ZN10__cxxabiv112_GLOBAL__N_114adjust_pointerIvEEPKT_PKvl
                0x0000000000003804       0x32 /usr/local/h8300-elf/lib/gcc/h8300-elf/8.5.0/../../../../h8300-elf/lib/h8300h/libstdc++.a(si_class_type_info.o)

.text._ZdlPvm   0x0000000000003836       0x30
 .text._ZdlPvm  0x0000000000003836       0x30 /usr/local/h8300-elf/lib/gcc/h8300-elf/8.5.0/../../../../h8300-elf/lib/h8300h/libstdc++.a(del_ops.o)
                0x0000000000003836                __ZdlPvm

.text._ZdlPv    0x0000000000003866       0x24
 .text._ZdlPv   0x0000000000003866       0x24 /usr/local/h8300-elf/lib/gcc/h8300-elf/8.5.0/../../../../h8300-elf/lib/h8300h/libstdc++.a(del_op.o)
                0x0000000000003866                __ZdlPv

.init
 *(.init)

.fini
 *(.fini)

.got
 *(.got)
 *(.got.plt)

.rodata         0x000000000000388c      0x4cb
 *(.rodata)
 .rodata        0x000000000000388c       0x18 ./temp/main.o
 .rodata        0x00000000000038a4       0x1f ./temp/TimerIntrMane.o
 *fill*         0x00000000000038c3        0x1 
 .rodata        0x00000000000038c4       0x18 ./temp/Motor.o
 .rodata        0x00000000000038dc        0x8 /usr/local/h8300-elf/lib/gcc/h8300-elf/8.5.0/h8300h/libgcc.a(_thenan_sf.o)
                0x00000000000038dc                ___thenan_sf
 .rodata        0x00000000000038e4      0x100 /usr/local/h8300-elf/lib/gcc/h8300-elf/8.5.0/h8300h/libgcc.a(_clz.o)
                0x00000000000038e4                ___clz_tab
 .rodata        0x00000000000039e4        0x4 /usr/local/h8300-elf/lib/gcc/h8300-elf/8.5.0/../../../../h8300-elf/lib/h8300h/libc.a(lib_a-impure.o)
                0x00000000000039e4                __global_impure_ptr
 *(.rodata.*)
 .rodata._ZTSN8eommpsys12TimerManager9TimerBaseItEE
                0x00000000000039e8       0x27 ./temp/TimerIntrMane.o
                0x00000000000039e8                __ZTSN8eommpsys12TimerManager9TimerBaseItEE
 *fill*         0x0000000000003a0f        0x1 
 .rodata._ZTIN8eommpsys12TimerManager9TimerBaseItEE
                0x0000000000003a10        0x8 ./temp/TimerIntrMane.o
                0x0000000000003a10                __ZTIN8eommpsys12TimerManager9TimerBaseItEE
 .rodata._ZTSN8eommpsys12TimerManager8TimerCH0E
                0x0000000000003a18       0x23 ./temp/TimerIntrMane.o
                0x0000000000003a18                __ZTSN8eommpsys12TimerManager8TimerCH0E
 *fill*         0x0000000000003a3b        0x1 
 .rodata._ZTIN8eommpsys12TimerManager8TimerCH0E
                0x0000000000003a3c        0xc ./temp/TimerIntrMane.o
                0x0000000000003a3c                __ZTIN8eommpsys12TimerManager8TimerCH0E
 .rodata._ZTSN8eommpsys12TimerManager8TimerCH1E
                0x0000000000003a48       0x23 ./temp/TimerIntrMane.o
                0x0000000000003a48                __ZTSN8eommpsys12TimerManager8TimerCH1E
 *fill*         0x0000000000003a6b        0x1 
 .rodata._ZTIN8eommpsys12TimerManager8TimerCH1E
                0x0000000000003a6c        0xc ./temp/TimerIntrMane.o
                0x0000000000003a6c                __ZTIN8eommpsys12TimerManager8TimerCH1E
 .rodata._ZTSN8eommpsys12TimerManager8TimerCH2E
                0x0000000000003a78       0x23 ./temp/TimerIntrMane.o
                0x0000000000003a78                __ZTSN8eommpsys12TimerManager8TimerCH2E
 *fill*         0x0000000000003a9b        0x1 
 .rodata._ZTIN8eommpsys12TimerManager8TimerCH2E
                0x0000000000003a9c        0xc ./temp/TimerIntrMane.o
                0x0000000000003a9c                __ZTIN8eommpsys12TimerManager8TimerCH2E
 .rodata._ZTSN8eommpsys12TimerManager5TMR23E
                0x0000000000003aa8       0x20 ./temp/TimerIntrMane.o
                0x0000000000003aa8                __ZTSN8eommpsys12TimerManager5TMR23E
 .rodata._ZTIN8eommpsys12TimerManager5TMR23E
                0x0000000000003ac8        0xc ./temp/TimerIntrMane.o
                0x0000000000003ac8                __ZTIN8eommpsys12TimerManager5TMR23E
 .rodata._ZTVN8eommpsys12TimerManager8TimerCH0E
                0x0000000000003ad4       0x2c ./temp/TimerIntrMane.o
                0x0000000000003ad4                __ZTVN8eommpsys12TimerManager8TimerCH0E
 .rodata._ZTVN8eommpsys12TimerManager8TimerCH1E
                0x0000000000003b00       0x2c ./temp/TimerIntrMane.o
                0x0000000000003b00                __ZTVN8eommpsys12TimerManager8TimerCH1E
 .rodata._ZTVN8eommpsys12TimerManager8TimerCH2E
                0x0000000000003b2c       0x2c ./temp/TimerIntrMane.o
                0x0000000000003b2c                __ZTVN8eommpsys12TimerManager8TimerCH2E
 .rodata._ZTVN8eommpsys12TimerManager5TMR23E
                0x0000000000003b58       0x2c ./temp/TimerIntrMane.o
                0x0000000000003b58                __ZTVN8eommpsys12TimerManager5TMR23E
 .rodata._ZTSN8eommpsys7H8MotorE
                0x0000000000003b84       0x14 ./temp/Motor.o
                0x0000000000003b84                __ZTSN8eommpsys7H8MotorE
 .rodata._ZTIN8eommpsys7H8MotorE
                0x0000000000003b98        0x8 ./temp/Motor.o
                0x0000000000003b98                __ZTIN8eommpsys7H8MotorE
 .rodata._ZTSN8eommpsys8H8MotorRE
                0x0000000000003ba0       0x15 ./temp/Motor.o
                0x0000000000003ba0                __ZTSN8eommpsys8H8MotorRE
 *fill*         0x0000000000003bb5        0x3 
 .rodata._ZTIN8eommpsys8H8MotorRE
                0x0000000000003bb8        0xc ./temp/Motor.o
                0x0000000000003bb8                __ZTIN8eommpsys8H8MotorRE
 .rodata._ZTSN8eommpsys8H8MotorLE
                0x0000000000003bc4       0x15 ./temp/Motor.o
                0x0000000000003bc4                __ZTSN8eommpsys8H8MotorLE
 *fill*         0x0000000000003bd9        0x3 
 .rodata._ZTIN8eommpsys8H8MotorLE
                0x0000000000003bdc        0xc ./temp/Motor.o
                0x0000000000003bdc                __ZTIN8eommpsys8H8MotorLE
 .rodata._ZTVN8eommpsys8H8MotorRE
                0x0000000000003be8       0x2c ./temp/Motor.o
                0x0000000000003be8                __ZTVN8eommpsys8H8MotorRE
 .rodata._ZTVN8eommpsys8H8MotorLE
                0x0000000000003c14       0x2c ./temp/Motor.o
                0x0000000000003c14                __ZTVN8eommpsys8H8MotorLE
 .rodata._ZN10__cxxabiv112_GLOBAL__N_1L20nonvirtual_base_typeE
                0x0000000000003c40        0x4 /usr/local/h8300-elf/lib/gcc/h8300-elf/8.5.0/../../../../h8300-elf/lib/h8300h/libstdc++.a(class_type_info.o)
 .rodata._ZTVN10__cxxabiv117__class_type_infoE
                0x0000000000003c44       0x2c /usr/local/h8300-elf/lib/gcc/h8300-elf/8.5.0/../../../../h8300-elf/lib/h8300h/libstdc++.a(class_type_info.o)
                0x0000000000003c44                __ZTVN10__cxxabiv117__class_type_infoE
 .rodata._ZTIN10__cxxabiv117__class_type_infoE
                0x0000000000003c70        0xc /usr/local/h8300-elf/lib/gcc/h8300-elf/8.5.0/../../../../h8300-elf/lib/h8300h/libstdc++.a(class_type_info.o)
                0x0000000000003c70                __ZTIN10__cxxabiv117__class_type_infoE
 .rodata._ZTSN10__cxxabiv117__class_type_infoE
                0x0000000000003c7c       0x22 /usr/local/h8300-elf/lib/gcc/h8300-elf/8.5.0/../../../../h8300-elf/lib/h8300h/libstdc++.a(class_type_info.o)
                0x0000000000003c7c                __ZTSN10__cxxabiv117__class_type_infoE
 *fill*         0x0000000000003c9e        0x2 
 .rodata._ZN10__cxxabiv112_GLOBAL__N_1L20nonvirtual_base_typeE
                0x0000000000003ca0        0x4 /usr/local/h8300-elf/lib/gcc/h8300-elf/8.5.0/../../../../h8300-elf/lib/h8300h/libstdc++.a(tinfo.o)
 .rodata._ZTVSt9type_info
                0x0000000000003ca4       0x20 /usr/local/h8300-elf/lib/gcc/h8300-elf/8.5.0/../../../../h8300-elf/lib/h8300h/libstdc++.a(tinfo.o)
                0x0000000000003ca4                __ZTVSt9type_info
 .rodata._ZTISt9type_info
                0x0000000000003cc4        0x8 /usr/local/h8300-elf/lib/gcc/h8300-elf/8.5.0/../../../../h8300-elf/lib/h8300h/libstdc++.a(tinfo.o)
                0x0000000000003cc4                __ZTISt9type_info
 .rodata._ZTSSt9type_info
                0x0000000000003ccc        0xd /usr/local/h8300-elf/lib/gcc/h8300-elf/8.5.0/../../../../h8300-elf/lib/h8300h/libstdc++.a(tinfo.o)
                0x0000000000003ccc                __ZTSSt9type_info
 *fill*         0x0000000000003cd9        0x3 
 .rodata._ZN10__cxxabiv112_GLOBAL__N_1L20nonvirtual_base_typeE
                0x0000000000003cdc        0x4 /usr/local/h8300-elf/lib/gcc/h8300-elf/8.5.0/../../../../h8300-elf/lib/h8300h/libstdc++.a(si_class_type_info.o)
 .rodata._ZTVN10__cxxabiv120__si_class_type_infoE
                0x0000000000003ce0       0x2c /usr/local/h8300-elf/lib/gcc/h8300-elf/8.5.0/../../../../h8300-elf/lib/h8300h/libstdc++.a(si_class_type_info.o)
                0x0000000000003ce0                __ZTVN10__cxxabiv120__si_class_type_infoE
 .rodata._ZTIN10__cxxabiv120__si_class_type_infoE
                0x0000000000003d0c        0xc /usr/local/h8300-elf/lib/gcc/h8300-elf/8.5.0/../../../../h8300-elf/lib/h8300h/libstdc++.a(si_class_type_info.o)
                0x0000000000003d0c                __ZTIN10__cxxabiv120__si_class_type_infoE
 .rodata._ZTSN10__cxxabiv120__si_class_type_infoE
                0x0000000000003d18       0x25 /usr/local/h8300-elf/lib/gcc/h8300-elf/8.5.0/../../../../h8300-elf/lib/h8300h/libstdc++.a(si_class_type_info.o)
                0x0000000000003d18                __ZTSN10__cxxabiv120__si_class_type_infoE
 .rodata.str1.1
                0x0000000000003d3d       0x1a /usr/local/h8300-elf/lib/gcc/h8300-elf/8.5.0/../../../../h8300-elf/lib/h8300h/libc.a(lib_a-sbrk.o)
                0x0000000000003d57                _erodata = .

.eh_frame_hdr
 *(.eh_frame_hdr)

.eh_frame
 *(.eh_frame)

.jcr
 *(.jcr)

.tors           0x0000000000003d57       0x10
                0x0000000000003d57                __CTOR_LIST__ = .
                0x0000000000003d57        0x4 LONG 0x0 (((__CTOR_END__ - __CTOR_LIST__) / 0x4) - 0x2)
                0x0000000000003d5b                ___ctors = .
 *(.ctors)
                0x0000000000003d5b                ___ctors_end = .
                0x0000000000003d5b        0x4 LONG 0x0
                0x0000000000003d5f                __CTOR_END__ = .
                0x0000000000003d5f                __DTOR_LIST__ = .
                0x0000000000003d5f        0x4 LONG 0x0 (((__DTOR_END__ - __DTOR_LIST__) / 0x4) - 0x2)
                0x0000000000003d63                ___dtors = .
 *(.dtors)
                0x0000000000003d63                ___dtors_end = .
                0x0000000000003d63        0x4 LONG 0x0
                0x0000000000003d67                __DTOR_END__ = .
                0x0000000000003d67                _mdata = .

.data           0x0000000000ffbf20       0x5c load address 0x0000000000003d67
                0x0000000000ffbf20                _data = .
 *(.data)
 .data          0x0000000000ffbf20        0x0 /tmp/ccOH5Xxg.o
 .data          0x0000000000ffbf20        0x0 ./temp/ui.o
 .data          0x0000000000ffbf20        0x0 ./temp/delay.o
 .data          0x0000000000ffbf20        0x0 ./temp/intr.o
 .data          0x0000000000ffbf20        0x0 ./temp/main.o
 .data          0x0000000000ffbf20        0x0 ./temp/Mouse.o
 .data          0x0000000000ffbf20        0x0 ./temp/TimerIntrMane.o
 .data          0x0000000000ffbf20        0x0 ./temp/Motor.o
 .data          0x0000000000ffbf20        0x0 /usr/local/h8300-elf/lib/gcc/h8300-elf/8.5.0/../../../../h8300-elf/lib/h8300h/libstdc++.a(class_type_info.o)
 .data          0x0000000000ffbf20        0x0 /usr/local/h8300-elf/lib/gcc/h8300-elf/8.5.0/../../../../h8300-elf/lib/h8300h/libstdc++.a(tinfo.o)
 .data          0x0000000000ffbf20        0x0 /usr/local/h8300-elf/lib/gcc/h8300-elf/8.5.0/../../../../h8300-elf/lib/h8300h/libstdc++.a(si_class_type_info.o)
 .data          0x0000000000ffbf20        0x0 /usr/local/h8300-elf/lib/gcc/h8300-elf/8.5.0/../../../../h8300-elf/lib/h8300h/libstdc++.a(del_ops.o)
 .data          0x0000000000ffbf20        0x0 /usr/local/h8300-elf/lib/gcc/h8300-elf/8.5.0/../../../../h8300-elf/lib/h8300h/libstdc++.a(del_op.o)
 .data          0x0000000000ffbf20        0x0 /usr/local/h8300-elf/lib/gcc/h8300-elf/8.5.0/h8300h/libgcc.a(_fixunssfsi.o)
 .data          0x0000000000ffbf20        0x0 /usr/local/h8300-elf/lib/gcc/h8300-elf/8.5.0/h8300h/libgcc.a(_addsub_sf.o)
 .data          0x0000000000ffbf20        0x0 /usr/local/h8300-elf/lib/gcc/h8300-elf/8.5.0/h8300h/libgcc.a(_mul_sf.o)
 .data          0x0000000000ffbf20        0x0 /usr/local/h8300-elf/lib/gcc/h8300-elf/8.5.0/h8300h/libgcc.a(_div_sf.o)
 .data          0x0000000000ffbf20        0x0 /usr/local/h8300-elf/lib/gcc/h8300-elf/8.5.0/h8300h/libgcc.a(_ge_sf.o)
 .data          0x0000000000ffbf20        0x0 /usr/local/h8300-elf/lib/gcc/h8300-elf/8.5.0/h8300h/libgcc.a(_sf_to_si.o)
 .data          0x0000000000ffbf20        0x0 /usr/local/h8300-elf/lib/gcc/h8300-elf/8.5.0/h8300h/libgcc.a(_thenan_sf.o)
 .data          0x0000000000ffbf20        0x0 /usr/local/h8300-elf/lib/gcc/h8300-elf/8.5.0/h8300h/libgcc.a(_usi_to_sf.o)
 .data          0x0000000000ffbf20        0x0 /usr/local/h8300-elf/lib/gcc/h8300-elf/8.5.0/h8300h/libgcc.a(_clzsi2.o)
 .data          0x0000000000ffbf20        0x0 /usr/local/h8300-elf/lib/gcc/h8300-elf/8.5.0/h8300h/libgcc.a(_pack_sf.o)
 .data          0x0000000000ffbf20        0x0 /usr/local/h8300-elf/lib/gcc/h8300-elf/8.5.0/h8300h/libgcc.a(_unpack_sf.o)
 .data          0x0000000000ffbf20        0x0 /usr/local/h8300-elf/lib/gcc/h8300-elf/8.5.0/h8300h/libgcc.a(_fpcmp_parts_sf.o)
 .data          0x0000000000ffbf20        0x0 /usr/local/h8300-elf/lib/gcc/h8300-elf/8.5.0/h8300h/libgcc.a(_clz.o)
 .data          0x0000000000ffbf20        0x0 /usr/local/h8300-elf/lib/gcc/h8300-elf/8.5.0/../../../../h8300-elf/lib/h8300h/libc.a(lib_a-malloc.o)
 .data          0x0000000000ffbf20        0x0 /usr/local/h8300-elf/lib/gcc/h8300-elf/8.5.0/../../../../h8300-elf/lib/h8300h/libc.a(lib_a-nano-freer.o)
 .data          0x0000000000ffbf20        0x0 /usr/local/h8300-elf/lib/gcc/h8300-elf/8.5.0/../../../../h8300-elf/lib/h8300h/libc.a(lib_a-nano-mallocr.o)
 .data          0x0000000000ffbf20        0x0 /usr/local/h8300-elf/lib/gcc/h8300-elf/8.5.0/../../../../h8300-elf/lib/h8300h/libc.a(lib_a-sbrkr.o)
 .data          0x0000000000ffbf20        0x0 /usr/local/h8300-elf/lib/gcc/h8300-elf/8.5.0/../../../../h8300-elf/lib/h8300h/libc.a(lib_a-strcmp.o)
 .data          0x0000000000ffbf20       0x5c /usr/local/h8300-elf/lib/gcc/h8300-elf/8.5.0/../../../../h8300-elf/lib/h8300h/libc.a(lib_a-impure.o)
                0x0000000000ffbf20                __impure_ptr
 .data          0x0000000000ffbf7c        0x0 /usr/local/h8300-elf/lib/gcc/h8300-elf/8.5.0/../../../../h8300-elf/lib/h8300h/libc.a(lib_a-mlock.o)
 .data          0x0000000000ffbf7c        0x0 /usr/local/h8300-elf/lib/gcc/h8300-elf/8.5.0/../../../../h8300-elf/lib/h8300h/libc.a(lib_a-reent.o)
 .data          0x0000000000ffbf7c        0x0 /usr/local/h8300-elf/lib/gcc/h8300-elf/8.5.0/../../../../h8300-elf/lib/h8300h/libc.a(lib_a-sbrk.o)
 .data          0x0000000000ffbf7c        0x0 /usr/local/h8300-elf/lib/gcc/h8300-elf/8.5.0/../../../../h8300-elf/lib/h8300h/libc.a(lib_a-write.o)
 .data          0x0000000000ffbf7c        0x0 /usr/local/h8300-elf/lib/gcc/h8300-elf/8.5.0/../../../../h8300-elf/lib/h8300h/libc.a(lib_a-abort.o)
 .data          0x0000000000ffbf7c        0x0 /usr/local/h8300-elf/lib/gcc/h8300-elf/8.5.0/../../../../h8300-elf/lib/h8300h/libc.a(lib_a-signal.o)
 .data          0x0000000000ffbf7c        0x0 /usr/local/h8300-elf/lib/gcc/h8300-elf/8.5.0/../../../../h8300-elf/lib/h8300h/libc.a(lib_a-signalr.o)
 .data          0x0000000000ffbf7c        0x0 /usr/local/h8300-elf/lib/gcc/h8300-elf/8.5.0/../../../../h8300-elf/lib/h8300h/libc.a(lib_a-_exit.o)
 .data          0x0000000000ffbf7c        0x0 /usr/local/h8300-elf/lib/gcc/h8300-elf/8.5.0/../../../../h8300-elf/lib/h8300h/libc.a(lib_a-misc.o)
 *(.data.*)
                0x0000000000ffbf7c                _edata = .

.gcc_exc
 *(.gcc_exc)

.bss            0x0000000000ffbf7c       0x96 load address 0x0000000000003dc4
                0x0000000000ffbf7c                _bss = .
 *(.bss)
 .bss           0x0000000000ffbf7c        0x0 /tmp/ccOH5Xxg.o
 .bss           0x0000000000ffbf7c        0x8 ./temp/ui.o
                0x0000000000ffbf7c                __ZN8eommpsys2ui10CeraBuzzer5timerE
                0x0000000000ffbf80                __ZN8eommpsys2ui10CeraBuzzer7base_hzE
 .bss           0x0000000000ffbf84        0xc ./temp/delay.o
                0x0000000000ffbf84                __ZN8eommpsys4Time5timerE
                0x0000000000ffbf88                __ZN8eommpsys4Time12current_timeE
 .bss           0x0000000000ffbf90       0x54 ./temp/intr.o
 .bss           0x0000000000ffbfe4        0x0 ./temp/main.o
 .bss           0x0000000000ffbfe4        0x0 ./temp/Mouse.o
 .bss           0x0000000000ffbfe4        0x0 ./temp/TimerIntrMane.o
 .bss           0x0000000000ffbfe4       0x20 ./temp/Motor.o
                0x0000000000ffbfe4                __ZN8eommpsys8H8MotorL7base_hzE
                0x0000000000ffbfe8                __ZN8eommpsys8H8MotorL11pulse_countE
                0x0000000000ffbfea                __ZN8eommpsys8H8MotorL10target_valE
                0x0000000000ffbfec                __ZN8eommpsys8H8MotorL12signal_abortE
                0x0000000000ffbfed                __ZN8eommpsys8H8MotorL7runningE
                0x0000000000ffbff0                __ZN8eommpsys8H8MotorL5timerE
                0x0000000000ffbff4                __ZN8eommpsys8H8MotorR7base_hzE
                0x0000000000ffbff8                __ZN8eommpsys8H8MotorR11pulse_countE
                0x0000000000ffbffa                __ZN8eommpsys8H8MotorR10target_valE
                0x0000000000ffbffc                __ZN8eommpsys8H8MotorR12signal_abortE
                0x0000000000ffbffd                __ZN8eommpsys8H8MotorR7runningE
                0x0000000000ffc000                __ZN8eommpsys8H8MotorR5timerE
 .bss           0x0000000000ffc004        0x0 /usr/local/h8300-elf/lib/gcc/h8300-elf/8.5.0/../../../../h8300-elf/lib/h8300h/libstdc++.a(class_type_info.o)
 .bss           0x0000000000ffc004        0x0 /usr/local/h8300-elf/lib/gcc/h8300-elf/8.5.0/../../../../h8300-elf/lib/h8300h/libstdc++.a(tinfo.o)
 .bss           0x0000000000ffc004        0x0 /usr/local/h8300-elf/lib/gcc/h8300-elf/8.5.0/../../../../h8300-elf/lib/h8300h/libstdc++.a(si_class_type_info.o)
 .bss           0x0000000000ffc004        0x0 /usr/local/h8300-elf/lib/gcc/h8300-elf/8.5.0/../../../../h8300-elf/lib/h8300h/libstdc++.a(del_ops.o)
 .bss           0x0000000000ffc004        0x0 /usr/local/h8300-elf/lib/gcc/h8300-elf/8.5.0/../../../../h8300-elf/lib/h8300h/libstdc++.a(del_op.o)
 .bss           0x0000000000ffc004        0x0 /usr/local/h8300-elf/lib/gcc/h8300-elf/8.5.0/h8300h/libgcc.a(_fixunssfsi.o)
 .bss           0x0000000000ffc004        0x0 /usr/local/h8300-elf/lib/gcc/h8300-elf/8.5.0/h8300h/libgcc.a(_addsub_sf.o)
 .bss           0x0000000000ffc004        0x0 /usr/local/h8300-elf/lib/gcc/h8300-elf/8.5.0/h8300h/libgcc.a(_mul_sf.o)
 .bss           0x0000000000ffc004        0x0 /usr/local/h8300-elf/lib/gcc/h8300-elf/8.5.0/h8300h/libgcc.a(_div_sf.o)
 .bss           0x0000000000ffc004        0x0 /usr/local/h8300-elf/lib/gcc/h8300-elf/8.5.0/h8300h/libgcc.a(_ge_sf.o)
 .bss           0x0000000000ffc004        0x0 /usr/local/h8300-elf/lib/gcc/h8300-elf/8.5.0/h8300h/libgcc.a(_sf_to_si.o)
 .bss           0x0000000000ffc004        0x0 /usr/local/h8300-elf/lib/gcc/h8300-elf/8.5.0/h8300h/libgcc.a(_thenan_sf.o)
 .bss           0x0000000000ffc004        0x0 /usr/local/h8300-elf/lib/gcc/h8300-elf/8.5.0/h8300h/libgcc.a(_usi_to_sf.o)
 .bss           0x0000000000ffc004        0x0 /usr/local/h8300-elf/lib/gcc/h8300-elf/8.5.0/h8300h/libgcc.a(_clzsi2.o)
 .bss           0x0000000000ffc004        0x0 /usr/local/h8300-elf/lib/gcc/h8300-elf/8.5.0/h8300h/libgcc.a(_pack_sf.o)
 .bss           0x0000000000ffc004        0x0 /usr/local/h8300-elf/lib/gcc/h8300-elf/8.5.0/h8300h/libgcc.a(_unpack_sf.o)
 .bss           0x0000000000ffc004        0x0 /usr/local/h8300-elf/lib/gcc/h8300-elf/8.5.0/h8300h/libgcc.a(_fpcmp_parts_sf.o)
 .bss           0x0000000000ffc004        0x0 /usr/local/h8300-elf/lib/gcc/h8300-elf/8.5.0/h8300h/libgcc.a(_clz.o)
 .bss           0x0000000000ffc004        0x0 /usr/local/h8300-elf/lib/gcc/h8300-elf/8.5.0/../../../../h8300-elf/lib/h8300h/libc.a(lib_a-malloc.o)
 .bss           0x0000000000ffc004        0x0 /usr/local/h8300-elf/lib/gcc/h8300-elf/8.5.0/../../../../h8300-elf/lib/h8300h/libc.a(lib_a-nano-freer.o)
 .bss           0x0000000000ffc004        0x8 /usr/local/h8300-elf/lib/gcc/h8300-elf/8.5.0/../../../../h8300-elf/lib/h8300h/libc.a(lib_a-nano-mallocr.o)
                0x0000000000ffc004                ___malloc_sbrk_start
                0x0000000000ffc008                ___malloc_free_list
 .bss           0x0000000000ffc00c        0x0 /usr/local/h8300-elf/lib/gcc/h8300-elf/8.5.0/../../../../h8300-elf/lib/h8300h/libc.a(lib_a-sbrkr.o)
 .bss           0x0000000000ffc00c        0x0 /usr/local/h8300-elf/lib/gcc/h8300-elf/8.5.0/../../../../h8300-elf/lib/h8300h/libc.a(lib_a-strcmp.o)
 .bss           0x0000000000ffc00c        0x0 /usr/local/h8300-elf/lib/gcc/h8300-elf/8.5.0/../../../../h8300-elf/lib/h8300h/libc.a(lib_a-impure.o)
 .bss           0x0000000000ffc00c        0x0 /usr/local/h8300-elf/lib/gcc/h8300-elf/8.5.0/../../../../h8300-elf/lib/h8300h/libc.a(lib_a-mlock.o)
 .bss           0x0000000000ffc00c        0x0 /usr/local/h8300-elf/lib/gcc/h8300-elf/8.5.0/../../../../h8300-elf/lib/h8300h/libc.a(lib_a-reent.o)
 .bss           0x0000000000ffc00c        0x4 /usr/local/h8300-elf/lib/gcc/h8300-elf/8.5.0/../../../../h8300-elf/lib/h8300h/libc.a(lib_a-sbrk.o)
 .bss           0x0000000000ffc010        0x0 /usr/local/h8300-elf/lib/gcc/h8300-elf/8.5.0/../../../../h8300-elf/lib/h8300h/libc.a(lib_a-write.o)
 .bss           0x0000000000ffc010        0x0 /usr/local/h8300-elf/lib/gcc/h8300-elf/8.5.0/../../../../h8300-elf/lib/h8300h/libc.a(lib_a-abort.o)
 .bss           0x0000000000ffc010        0x0 /usr/local/h8300-elf/lib/gcc/h8300-elf/8.5.0/../../../../h8300-elf/lib/h8300h/libc.a(lib_a-signal.o)
 .bss           0x0000000000ffc010        0x0 /usr/local/h8300-elf/lib/gcc/h8300-elf/8.5.0/../../../../h8300-elf/lib/h8300h/libc.a(lib_a-signalr.o)
 .bss           0x0000000000ffc010        0x0 /usr/local/h8300-elf/lib/gcc/h8300-elf/8.5.0/../../../../h8300-elf/lib/h8300h/libc.a(lib_a-_exit.o)
 .bss           0x0000000000ffc010        0x0 /usr/local/h8300-elf/lib/gcc/h8300-elf/8.5.0/../../../../h8300-elf/lib/h8300h/libc.a(lib_a-misc.o)
 *(COMMON)
 COMMON         0x0000000000ffc010        0x2 /usr/local/h8300-elf/lib/gcc/h8300-elf/8.5.0/../../../../h8300-elf/lib/h8300h/libc.a(lib_a-reent.o)
                0x0000000000ffc010                _errno
                0x0000000000ffc012                _ebss = .
                0x0000000000ffc012                _end = .

.stack          0x0000000000ffff1c        0x0
                0x0000000000ffff1c                _stack = .
 *(.stack)

.eight
 *(.eight)

.stab
 *(.stab)

.stabstr
 *(.stabstr)

/DISCARD/
 *(.comment)
OUTPUT(./build/program.elf elf32-h8300)

.debug_frame    0x0000000000000000      0x884
 .debug_frame   0x0000000000000000      0x17c /usr/local/h8300-elf/lib/gcc/h8300-elf/8.5.0/../../../../h8300-elf/lib/h8300h/libstdc++.a(class_type_info.o)
 .debug_frame   0x000000000000017c      0x110 /usr/local/h8300-elf/lib/gcc/h8300-elf/8.5.0/../../../../h8300-elf/lib/h8300h/libstdc++.a(tinfo.o)
 .debug_frame   0x000000000000028c      0x110 /usr/local/h8300-elf/lib/gcc/h8300-elf/8.5.0/../../../../h8300-elf/lib/h8300h/libstdc++.a(si_class_type_info.o)
 .debug_frame   0x000000000000039c       0x38 /usr/local/h8300-elf/lib/gcc/h8300-elf/8.5.0/../../../../h8300-elf/lib/h8300h/libstdc++.a(del_ops.o)
 .debug_frame   0x00000000000003d4       0x38 /usr/local/h8300-elf/lib/gcc/h8300-elf/8.5.0/../../../../h8300-elf/lib/h8300h/libstdc++.a(del_op.o)
 .debug_frame   0x000000000000040c       0x24 /usr/local/h8300-elf/lib/gcc/h8300-elf/8.5.0/h8300h/libgcc.a(_fixunssfsi.o)
 .debug_frame   0x0000000000000430       0x5c /usr/local/h8300-elf/lib/gcc/h8300-elf/8.5.0/h8300h/libgcc.a(_addsub_sf.o)
 .debug_frame   0x000000000000048c       0x2c /usr/local/h8300-elf/lib/gcc/h8300-elf/8.5.0/h8300h/libgcc.a(_mul_sf.o)
 .debug_frame   0x00000000000004b8       0x2c /usr/local/h8300-elf/lib/gcc/h8300-elf/8.5.0/h8300h/libgcc.a(_div_sf.o)
 .debug_frame   0x00000000000004e4       0x2c /usr/local/h8300-elf/lib/gcc/h8300-elf/8.5.0/h8300h/libgcc.a(_ge_sf.o)
 .debug_frame   0x0000000000000510       0x2c /usr/local/h8300-elf/lib/gcc/h8300-elf/8.5.0/h8300h/libgcc.a(_sf_to_si.o)
 .debug_frame   0x000000000000053c       0x2c /usr/local/h8300-elf/lib/gcc/h8300-elf/8.5.0/h8300h/libgcc.a(_usi_to_sf.o)
 .debug_frame   0x0000000000000568       0x24 /usr/local/h8300-elf/lib/gcc/h8300-elf/8.5.0/h8300h/libgcc.a(_clzsi2.o)
 .debug_frame   0x000000000000058c       0x24 /usr/local/h8300-elf/lib/gcc/h8300-elf/8.5.0/h8300h/libgcc.a(_pack_sf.o)
 .debug_frame   0x00000000000005b0       0x24 /usr/local/h8300-elf/lib/gcc/h8300-elf/8.5.0/h8300h/libgcc.a(_unpack_sf.o)
 .debug_frame   0x00000000000005d4       0x24 /usr/local/h8300-elf/lib/gcc/h8300-elf/8.5.0/h8300h/libgcc.a(_fpcmp_parts_sf.o)
 .debug_frame   0x00000000000005f8       0x34 /usr/local/h8300-elf/lib/gcc/h8300-elf/8.5.0/../../../../h8300-elf/lib/h8300h/libc.a(lib_a-malloc.o)
 .debug_frame   0x000000000000062c       0x24 /usr/local/h8300-elf/lib/gcc/h8300-elf/8.5.0/../../../../h8300-elf/lib/h8300h/libc.a(lib_a-nano-freer.o)
 .debug_frame   0x0000000000000650       0x24 /usr/local/h8300-elf/lib/gcc/h8300-elf/8.5.0/../../../../h8300-elf/lib/h8300h/libc.a(lib_a-nano-mallocr.o)
 .debug_frame   0x0000000000000674       0x24 /usr/local/h8300-elf/lib/gcc/h8300-elf/8.5.0/../../../../h8300-elf/lib/h8300h/libc.a(lib_a-sbrkr.o)
 .debug_frame   0x0000000000000698       0x34 /usr/local/h8300-elf/lib/gcc/h8300-elf/8.5.0/../../../../h8300-elf/lib/h8300h/libc.a(lib_a-mlock.o)
 .debug_frame   0x00000000000006cc       0x34 /usr/local/h8300-elf/lib/gcc/h8300-elf/8.5.0/../../../../h8300-elf/lib/h8300h/libc.a(lib_a-reent.o)
 .debug_frame   0x0000000000000700       0x24 /usr/local/h8300-elf/lib/gcc/h8300-elf/8.5.0/../../../../h8300-elf/lib/h8300h/libc.a(lib_a-sbrk.o)
 .debug_frame   0x0000000000000724       0x24 /usr/local/h8300-elf/lib/gcc/h8300-elf/8.5.0/../../../../h8300-elf/lib/h8300h/libc.a(lib_a-abort.o)
 .debug_frame   0x0000000000000748       0xc4 /usr/local/h8300-elf/lib/gcc/h8300-elf/8.5.0/../../../../h8300-elf/lib/h8300h/libc.a(lib_a-signal.o)
 .debug_frame   0x000000000000080c       0x34 /usr/local/h8300-elf/lib/gcc/h8300-elf/8.5.0/../../../../h8300-elf/lib/h8300h/libc.a(lib_a-signalr.o)
 .debug_frame   0x0000000000000840       0x44 /usr/local/h8300-elf/lib/gcc/h8300-elf/8.5.0/../../../../h8300-elf/lib/h8300h/libc.a(lib_a-misc.o)

.debug_info     0x0000000000000000     0xcf1c
 .debug_info    0x0000000000000000      0x907 /usr/local/h8300-elf/lib/gcc/h8300-elf/8.5.0/../../../../h8300-elf/lib/h8300h/libstdc++.a(class_type_info.o)
 .debug_info    0x0000000000000907      0x53a /usr/local/h8300-elf/lib/gcc/h8300-elf/8.5.0/../../../../h8300-elf/lib/h8300h/libstdc++.a(tinfo.o)
 .debug_info    0x0000000000000e41      0x718 /usr/local/h8300-elf/lib/gcc/h8300-elf/8.5.0/../../../../h8300-elf/lib/h8300h/libstdc++.a(si_class_type_info.o)
 .debug_info    0x0000000000001559      0x3a6 /usr/local/h8300-elf/lib/gcc/h8300-elf/8.5.0/../../../../h8300-elf/lib/h8300h/libstdc++.a(del_ops.o)
 .debug_info    0x00000000000018ff     0x1129 /usr/local/h8300-elf/lib/gcc/h8300-elf/8.5.0/../../../../h8300-elf/lib/h8300h/libstdc++.a(del_op.o)
 .debug_info    0x0000000000002a28      0x1dd /usr/local/h8300-elf/lib/gcc/h8300-elf/8.5.0/h8300h/libgcc.a(_fixunssfsi.o)
 .debug_info    0x0000000000002c05      0x5eb /usr/local/h8300-elf/lib/gcc/h8300-elf/8.5.0/h8300h/libgcc.a(_addsub_sf.o)
 .debug_info    0x00000000000031f0      0x483 /usr/local/h8300-elf/lib/gcc/h8300-elf/8.5.0/h8300h/libgcc.a(_mul_sf.o)
 .debug_info    0x0000000000003673      0x401 /usr/local/h8300-elf/lib/gcc/h8300-elf/8.5.0/h8300h/libgcc.a(_div_sf.o)
 .debug_info    0x0000000000003a74      0x310 /usr/local/h8300-elf/lib/gcc/h8300-elf/8.5.0/h8300h/libgcc.a(_ge_sf.o)
 .debug_info    0x0000000000003d84      0x2ea /usr/local/h8300-elf/lib/gcc/h8300-elf/8.5.0/h8300h/libgcc.a(_sf_to_si.o)
 .debug_info    0x000000000000406e      0x1ba /usr/local/h8300-elf/lib/gcc/h8300-elf/8.5.0/h8300h/libgcc.a(_thenan_sf.o)
 .debug_info    0x0000000000004228      0x2bc /usr/local/h8300-elf/lib/gcc/h8300-elf/8.5.0/h8300h/libgcc.a(_usi_to_sf.o)
 .debug_info    0x00000000000044e4      0x206 /usr/local/h8300-elf/lib/gcc/h8300-elf/8.5.0/h8300h/libgcc.a(_clzsi2.o)
 .debug_info    0x00000000000046ea      0x2fb /usr/local/h8300-elf/lib/gcc/h8300-elf/8.5.0/h8300h/libgcc.a(_pack_sf.o)
 .debug_info    0x00000000000049e5      0x27d /usr/local/h8300-elf/lib/gcc/h8300-elf/8.5.0/h8300h/libgcc.a(_unpack_sf.o)
 .debug_info    0x0000000000004c62      0x250 /usr/local/h8300-elf/lib/gcc/h8300-elf/8.5.0/h8300h/libgcc.a(_fpcmp_parts_sf.o)
 .debug_info    0x0000000000004eb2      0x199 /usr/local/h8300-elf/lib/gcc/h8300-elf/8.5.0/h8300h/libgcc.a(_clz.o)
 .debug_info    0x000000000000504b      0x9ae /usr/local/h8300-elf/lib/gcc/h8300-elf/8.5.0/../../../../h8300-elf/lib/h8300h/libc.a(lib_a-malloc.o)
 .debug_info    0x00000000000059f9      0xb69 /usr/local/h8300-elf/lib/gcc/h8300-elf/8.5.0/../../../../h8300-elf/lib/h8300h/libc.a(lib_a-nano-freer.o)
 .debug_info    0x0000000000006562      0xc54 /usr/local/h8300-elf/lib/gcc/h8300-elf/8.5.0/../../../../h8300-elf/lib/h8300h/libc.a(lib_a-nano-mallocr.o)
 .debug_info    0x00000000000071b6      0x9ec /usr/local/h8300-elf/lib/gcc/h8300-elf/8.5.0/../../../../h8300-elf/lib/h8300h/libc.a(lib_a-sbrkr.o)
 .debug_info    0x0000000000007ba2      0x92a /usr/local/h8300-elf/lib/gcc/h8300-elf/8.5.0/../../../../h8300-elf/lib/h8300h/libc.a(lib_a-impure.o)
 .debug_info    0x00000000000084cc      0x961 /usr/local/h8300-elf/lib/gcc/h8300-elf/8.5.0/../../../../h8300-elf/lib/h8300h/libc.a(lib_a-mlock.o)
 .debug_info    0x0000000000008e2d      0xaf8 /usr/local/h8300-elf/lib/gcc/h8300-elf/8.5.0/../../../../h8300-elf/lib/h8300h/libc.a(lib_a-reent.o)
 .debug_info    0x0000000000009925      0xa1f /usr/local/h8300-elf/lib/gcc/h8300-elf/8.5.0/../../../../h8300-elf/lib/h8300h/libc.a(lib_a-sbrk.o)
 .debug_info    0x000000000000a344      0x9b5 /usr/local/h8300-elf/lib/gcc/h8300-elf/8.5.0/../../../../h8300-elf/lib/h8300h/libc.a(lib_a-abort.o)
 .debug_info    0x000000000000acf9      0xdf8 /usr/local/h8300-elf/lib/gcc/h8300-elf/8.5.0/../../../../h8300-elf/lib/h8300h/libc.a(lib_a-signal.o)
 .debug_info    0x000000000000baf1      0xa5d /usr/local/h8300-elf/lib/gcc/h8300-elf/8.5.0/../../../../h8300-elf/lib/h8300h/libc.a(lib_a-signalr.o)
 .debug_info    0x000000000000c54e      0x9ce /usr/local/h8300-elf/lib/gcc/h8300-elf/8.5.0/../../../../h8300-elf/lib/h8300h/libc.a(lib_a-misc.o)

.debug_abbrev   0x0000000000000000     0x3e65
 .debug_abbrev  0x0000000000000000      0x445 /usr/local/h8300-elf/lib/gcc/h8300-elf/8.5.0/../../../../h8300-elf/lib/h8300h/libstdc++.a(class_type_info.o)
 .debug_abbrev  0x0000000000000445      0x30a /usr/local/h8300-elf/lib/gcc/h8300-elf/8.5.0/../../../../h8300-elf/lib/h8300h/libstdc++.a(tinfo.o)
 .debug_abbrev  0x000000000000074f      0x396 /usr/local/h8300-elf/lib/gcc/h8300-elf/8.5.0/../../../../h8300-elf/lib/h8300h/libstdc++.a(si_class_type_info.o)
 .debug_abbrev  0x0000000000000ae5      0x247 /usr/local/h8300-elf/lib/gcc/h8300-elf/8.5.0/../../../../h8300-elf/lib/h8300h/libstdc++.a(del_ops.o)
 .debug_abbrev  0x0000000000000d2c      0x3b5 /usr/local/h8300-elf/lib/gcc/h8300-elf/8.5.0/../../../../h8300-elf/lib/h8300h/libstdc++.a(del_op.o)
 .debug_abbrev  0x00000000000010e1       0xc5 /usr/local/h8300-elf/lib/gcc/h8300-elf/8.5.0/h8300h/libgcc.a(_fixunssfsi.o)
 .debug_abbrev  0x00000000000011a6      0x251 /usr/local/h8300-elf/lib/gcc/h8300-elf/8.5.0/h8300h/libgcc.a(_addsub_sf.o)
 .debug_abbrev  0x00000000000013f7      0x252 /usr/local/h8300-elf/lib/gcc/h8300-elf/8.5.0/h8300h/libgcc.a(_mul_sf.o)
 .debug_abbrev  0x0000000000001649      0x239 /usr/local/h8300-elf/lib/gcc/h8300-elf/8.5.0/h8300h/libgcc.a(_div_sf.o)
 .debug_abbrev  0x0000000000001882      0x194 /usr/local/h8300-elf/lib/gcc/h8300-elf/8.5.0/h8300h/libgcc.a(_ge_sf.o)
 .debug_abbrev  0x0000000000001a16      0x198 /usr/local/h8300-elf/lib/gcc/h8300-elf/8.5.0/h8300h/libgcc.a(_sf_to_si.o)
 .debug_abbrev  0x0000000000001bae       0xf9 /usr/local/h8300-elf/lib/gcc/h8300-elf/8.5.0/h8300h/libgcc.a(_thenan_sf.o)
 .debug_abbrev  0x0000000000001ca7      0x1d3 /usr/local/h8300-elf/lib/gcc/h8300-elf/8.5.0/h8300h/libgcc.a(_usi_to_sf.o)
 .debug_abbrev  0x0000000000001e7a       0xfd /usr/local/h8300-elf/lib/gcc/h8300-elf/8.5.0/h8300h/libgcc.a(_clzsi2.o)
 .debug_abbrev  0x0000000000001f77      0x1bb /usr/local/h8300-elf/lib/gcc/h8300-elf/8.5.0/h8300h/libgcc.a(_pack_sf.o)
 .debug_abbrev  0x0000000000002132      0x159 /usr/local/h8300-elf/lib/gcc/h8300-elf/8.5.0/h8300h/libgcc.a(_unpack_sf.o)
 .debug_abbrev  0x000000000000228b      0x161 /usr/local/h8300-elf/lib/gcc/h8300-elf/8.5.0/h8300h/libgcc.a(_fpcmp_parts_sf.o)
 .debug_abbrev  0x00000000000023ec       0xa3 /usr/local/h8300-elf/lib/gcc/h8300-elf/8.5.0/h8300h/libgcc.a(_clz.o)
 .debug_abbrev  0x000000000000248f      0x1ec /usr/local/h8300-elf/lib/gcc/h8300-elf/8.5.0/../../../../h8300-elf/lib/h8300h/libc.a(lib_a-malloc.o)
 .debug_abbrev  0x000000000000267b      0x263 /usr/local/h8300-elf/lib/gcc/h8300-elf/8.5.0/../../../../h8300-elf/lib/h8300h/libc.a(lib_a-nano-freer.o)
 .debug_abbrev  0x00000000000028de      0x2d1 /usr/local/h8300-elf/lib/gcc/h8300-elf/8.5.0/../../../../h8300-elf/lib/h8300h/libc.a(lib_a-nano-mallocr.o)
 .debug_abbrev  0x0000000000002baf      0x209 /usr/local/h8300-elf/lib/gcc/h8300-elf/8.5.0/../../../../h8300-elf/lib/h8300h/libc.a(lib_a-sbrkr.o)
 .debug_abbrev  0x0000000000002db8      0x17a /usr/local/h8300-elf/lib/gcc/h8300-elf/8.5.0/../../../../h8300-elf/lib/h8300h/libc.a(lib_a-impure.o)
 .debug_abbrev  0x0000000000002f32      0x1c5 /usr/local/h8300-elf/lib/gcc/h8300-elf/8.5.0/../../../../h8300-elf/lib/h8300h/libc.a(lib_a-mlock.o)
 .debug_abbrev  0x00000000000030f7      0x251 /usr/local/h8300-elf/lib/gcc/h8300-elf/8.5.0/../../../../h8300-elf/lib/h8300h/libc.a(lib_a-reent.o)
 .debug_abbrev  0x0000000000003348      0x244 /usr/local/h8300-elf/lib/gcc/h8300-elf/8.5.0/../../../../h8300-elf/lib/h8300h/libc.a(lib_a-sbrk.o)
 .debug_abbrev  0x000000000000358c      0x1cd /usr/local/h8300-elf/lib/gcc/h8300-elf/8.5.0/../../../../h8300-elf/lib/h8300h/libc.a(lib_a-abort.o)
 .debug_abbrev  0x0000000000003759      0x2f4 /usr/local/h8300-elf/lib/gcc/h8300-elf/8.5.0/../../../../h8300-elf/lib/h8300h/libc.a(lib_a-signal.o)
 .debug_abbrev  0x0000000000003a4d      0x20f /usr/local/h8300-elf/lib/gcc/h8300-elf/8.5.0/../../../../h8300-elf/lib/h8300h/libc.a(lib_a-signalr.o)
 .debug_abbrev  0x0000000000003c5c      0x209 /usr/local/h8300-elf/lib/gcc/h8300-elf/8.5.0/../../../../h8300-elf/lib/h8300h/libc.a(lib_a-misc.o)

.debug_aranges  0x0000000000000000      0x450
 .debug_aranges
                0x0000000000000000       0x68 /usr/local/h8300-elf/lib/gcc/h8300-elf/8.5.0/../../../../h8300-elf/lib/h8300h/libstdc++.a(class_type_info.o)
 .debug_aranges
                0x0000000000000068       0x50 /usr/local/h8300-elf/lib/gcc/h8300-elf/8.5.0/../../../../h8300-elf/lib/h8300h/libstdc++.a(tinfo.o)
 .debug_aranges
                0x00000000000000b8       0x50 /usr/local/h8300-elf/lib/gcc/h8300-elf/8.5.0/../../../../h8300-elf/lib/h8300h/libstdc++.a(si_class_type_info.o)
 .debug_aranges
                0x0000000000000108       0x20 /usr/local/h8300-elf/lib/gcc/h8300-elf/8.5.0/../../../../h8300-elf/lib/h8300h/libstdc++.a(del_ops.o)
 .debug_aranges
                0x0000000000000128       0x20 /usr/local/h8300-elf/lib/gcc/h8300-elf/8.5.0/../../../../h8300-elf/lib/h8300h/libstdc++.a(del_op.o)
 .debug_aranges
                0x0000000000000148       0x20 /usr/local/h8300-elf/lib/gcc/h8300-elf/8.5.0/h8300h/libgcc.a(_fixunssfsi.o)
 .debug_aranges
                0x0000000000000168       0x20 /usr/local/h8300-elf/lib/gcc/h8300-elf/8.5.0/h8300h/libgcc.a(_addsub_sf.o)
 .debug_aranges
                0x0000000000000188       0x20 /usr/local/h8300-elf/lib/gcc/h8300-elf/8.5.0/h8300h/libgcc.a(_mul_sf.o)
 .debug_aranges
                0x00000000000001a8       0x20 /usr/local/h8300-elf/lib/gcc/h8300-elf/8.5.0/h8300h/libgcc.a(_div_sf.o)
 .debug_aranges
                0x00000000000001c8       0x20 /usr/local/h8300-elf/lib/gcc/h8300-elf/8.5.0/h8300h/libgcc.a(_ge_sf.o)
 .debug_aranges
                0x00000000000001e8       0x20 /usr/local/h8300-elf/lib/gcc/h8300-elf/8.5.0/h8300h/libgcc.a(_sf_to_si.o)
 .debug_aranges
                0x0000000000000208       0x18 /usr/local/h8300-elf/lib/gcc/h8300-elf/8.5.0/h8300h/libgcc.a(_thenan_sf.o)
 .debug_aranges
                0x0000000000000220       0x20 /usr/local/h8300-elf/lib/gcc/h8300-elf/8.5.0/h8300h/libgcc.a(_usi_to_sf.o)
 .debug_aranges
                0x0000000000000240       0x20 /usr/local/h8300-elf/lib/gcc/h8300-elf/8.5.0/h8300h/libgcc.a(_clzsi2.o)
 .debug_aranges
                0x0000000000000260       0x20 /usr/local/h8300-elf/lib/gcc/h8300-elf/8.5.0/h8300h/libgcc.a(_pack_sf.o)
 .debug_aranges
                0x0000000000000280       0x20 /usr/local/h8300-elf/lib/gcc/h8300-elf/8.5.0/h8300h/libgcc.a(_unpack_sf.o)
 .debug_aranges
                0x00000000000002a0       0x20 /usr/local/h8300-elf/lib/gcc/h8300-elf/8.5.0/h8300h/libgcc.a(_fpcmp_parts_sf.o)
 .debug_aranges
                0x00000000000002c0       0x18 /usr/local/h8300-elf/lib/gcc/h8300-elf/8.5.0/h8300h/libgcc.a(_clz.o)
 .debug_aranges
                0x00000000000002d8       0x20 /usr/local/h8300-elf/lib/gcc/h8300-elf/8.5.0/../../../../h8300-elf/lib/h8300h/libc.a(lib_a-malloc.o)
 .debug_aranges
                0x00000000000002f8       0x20 /usr/local/h8300-elf/lib/gcc/h8300-elf/8.5.0/../../../../h8300-elf/lib/h8300h/libc.a(lib_a-nano-freer.o)
 .debug_aranges
                0x0000000000000318       0x20 /usr/local/h8300-elf/lib/gcc/h8300-elf/8.5.0/../../../../h8300-elf/lib/h8300h/libc.a(lib_a-nano-mallocr.o)
 .debug_aranges
                0x0000000000000338       0x20 /usr/local/h8300-elf/lib/gcc/h8300-elf/8.5.0/../../../../h8300-elf/lib/h8300h/libc.a(lib_a-sbrkr.o)
 .debug_aranges
                0x0000000000000358       0x18 /usr/local/h8300-elf/lib/gcc/h8300-elf/8.5.0/../../../../h8300-elf/lib/h8300h/libc.a(lib_a-impure.o)
 .debug_aranges
                0x0000000000000370       0x20 /usr/local/h8300-elf/lib/gcc/h8300-elf/8.5.0/../../../../h8300-elf/lib/h8300h/libc.a(lib_a-mlock.o)
 .debug_aranges
                0x0000000000000390       0x20 /usr/local/h8300-elf/lib/gcc/h8300-elf/8.5.0/../../../../h8300-elf/lib/h8300h/libc.a(lib_a-reent.o)
 .debug_aranges
                0x00000000000003b0       0x20 /usr/local/h8300-elf/lib/gcc/h8300-elf/8.5.0/../../../../h8300-elf/lib/h8300h/libc.a(lib_a-sbrk.o)
 .debug_aranges
                0x00000000000003d0       0x20 /usr/local/h8300-elf/lib/gcc/h8300-elf/8.5.0/../../../../h8300-elf/lib/h8300h/libc.a(lib_a-abort.o)
 .debug_aranges
                0x00000000000003f0       0x20 /usr/local/h8300-elf/lib/gcc/h8300-elf/8.5.0/../../../../h8300-elf/lib/h8300h/libc.a(lib_a-signal.o)
 .debug_aranges
                0x0000000000000410       0x20 /usr/local/h8300-elf/lib/gcc/h8300-elf/8.5.0/../../../../h8300-elf/lib/h8300h/libc.a(lib_a-signalr.o)
 .debug_aranges
                0x0000000000000430       0x20 /usr/local/h8300-elf/lib/gcc/h8300-elf/8.5.0/../../../../h8300-elf/lib/h8300h/libc.a(lib_a-misc.o)

.debug_ranges   0x0000000000000000      0x218
 .debug_ranges  0x0000000000000000       0x58 /usr/local/h8300-elf/lib/gcc/h8300-elf/8.5.0/../../../../h8300-elf/lib/h8300h/libstdc++.a(class_type_info.o)
 .debug_ranges  0x0000000000000058       0x40 /usr/local/h8300-elf/lib/gcc/h8300-elf/8.5.0/../../../../h8300-elf/lib/h8300h/libstdc++.a(tinfo.o)
 .debug_ranges  0x0000000000000098       0x40 /usr/local/h8300-elf/lib/gcc/h8300-elf/8.5.0/../../../../h8300-elf/lib/h8300h/libstdc++.a(si_class_type_info.o)
 .debug_ranges  0x00000000000000d8       0x10 /usr/local/h8300-elf/lib/gcc/h8300-elf/8.5.0/../../../../h8300-elf/lib/h8300h/libstdc++.a(del_ops.o)
 .debug_ranges  0x00000000000000e8       0x10 /usr/local/h8300-elf/lib/gcc/h8300-elf/8.5.0/../../../../h8300-elf/lib/h8300h/libstdc++.a(del_op.o)
 .debug_ranges  0x00000000000000f8       0x18 /usr/local/h8300-elf/lib/gcc/h8300-elf/8.5.0/h8300h/libgcc.a(_addsub_sf.o)
 .debug_ranges  0x0000000000000110       0x70 /usr/local/h8300-elf/lib/gcc/h8300-elf/8.5.0/h8300h/libgcc.a(_mul_sf.o)
 .debug_ranges  0x0000000000000180       0x48 /usr/local/h8300-elf/lib/gcc/h8300-elf/8.5.0/h8300h/libgcc.a(_div_sf.o)
 .debug_ranges  0x00000000000001c8       0x18 /usr/local/h8300-elf/lib/gcc/h8300-elf/8.5.0/h8300h/libgcc.a(_clzsi2.o)
 .debug_ranges  0x00000000000001e0       0x38 /usr/local/h8300-elf/lib/gcc/h8300-elf/8.5.0/../../../../h8300-elf/lib/h8300h/libc.a(lib_a-nano-mallocr.o)

.debug_line     0x0000000000000000     0x6738
 .debug_line    0x0000000000000000      0x623 /usr/local/h8300-elf/lib/gcc/h8300-elf/8.5.0/../../../../h8300-elf/lib/h8300h/libstdc++.a(class_type_info.o)
 .debug_line    0x0000000000000623      0x3f7 /usr/local/h8300-elf/lib/gcc/h8300-elf/8.5.0/../../../../h8300-elf/lib/h8300h/libstdc++.a(tinfo.o)
 .debug_line    0x0000000000000a1a      0x5d8 /usr/local/h8300-elf/lib/gcc/h8300-elf/8.5.0/../../../../h8300-elf/lib/h8300h/libstdc++.a(si_class_type_info.o)
 .debug_line    0x0000000000000ff2      0x23c /usr/local/h8300-elf/lib/gcc/h8300-elf/8.5.0/../../../../h8300-elf/lib/h8300h/libstdc++.a(del_ops.o)
 .debug_line    0x000000000000122e      0x330 /usr/local/h8300-elf/lib/gcc/h8300-elf/8.5.0/../../../../h8300-elf/lib/h8300h/libstdc++.a(del_op.o)
 .debug_line    0x000000000000155e      0x164 /usr/local/h8300-elf/lib/gcc/h8300-elf/8.5.0/h8300h/libgcc.a(_fixunssfsi.o)
 .debug_line    0x00000000000016c2      0x7b3 /usr/local/h8300-elf/lib/gcc/h8300-elf/8.5.0/h8300h/libgcc.a(_addsub_sf.o)
 .debug_line    0x0000000000001e75      0x6d9 /usr/local/h8300-elf/lib/gcc/h8300-elf/8.5.0/h8300h/libgcc.a(_mul_sf.o)
 .debug_line    0x000000000000254e      0x513 /usr/local/h8300-elf/lib/gcc/h8300-elf/8.5.0/h8300h/libgcc.a(_div_sf.o)
 .debug_line    0x0000000000002a61      0x191 /usr/local/h8300-elf/lib/gcc/h8300-elf/8.5.0/h8300h/libgcc.a(_ge_sf.o)
 .debug_line    0x0000000000002bf2      0x241 /usr/local/h8300-elf/lib/gcc/h8300-elf/8.5.0/h8300h/libgcc.a(_sf_to_si.o)
 .debug_line    0x0000000000002e33       0xb3 /usr/local/h8300-elf/lib/gcc/h8300-elf/8.5.0/h8300h/libgcc.a(_thenan_sf.o)
 .debug_line    0x0000000000002ee6      0x25b /usr/local/h8300-elf/lib/gcc/h8300-elf/8.5.0/h8300h/libgcc.a(_usi_to_sf.o)
 .debug_line    0x0000000000003141      0x1b2 /usr/local/h8300-elf/lib/gcc/h8300-elf/8.5.0/h8300h/libgcc.a(_clzsi2.o)
 .debug_line    0x00000000000032f3      0x3eb /usr/local/h8300-elf/lib/gcc/h8300-elf/8.5.0/h8300h/libgcc.a(_pack_sf.o)
 .debug_line    0x00000000000036de      0x343 /usr/local/h8300-elf/lib/gcc/h8300-elf/8.5.0/h8300h/libgcc.a(_unpack_sf.o)
 .debug_line    0x0000000000003a21      0x39f /usr/local/h8300-elf/lib/gcc/h8300-elf/8.5.0/h8300h/libgcc.a(_fpcmp_parts_sf.o)
 .debug_line    0x0000000000003dc0       0xf8 /usr/local/h8300-elf/lib/gcc/h8300-elf/8.5.0/h8300h/libgcc.a(_clz.o)
 .debug_line    0x0000000000003eb8      0x1f0 /usr/local/h8300-elf/lib/gcc/h8300-elf/8.5.0/../../../../h8300-elf/lib/h8300h/libc.a(lib_a-malloc.o)
 .debug_line    0x00000000000040a8      0x517 /usr/local/h8300-elf/lib/gcc/h8300-elf/8.5.0/../../../../h8300-elf/lib/h8300h/libc.a(lib_a-nano-freer.o)
 .debug_line    0x00000000000045bf      0x67c /usr/local/h8300-elf/lib/gcc/h8300-elf/8.5.0/../../../../h8300-elf/lib/h8300h/libc.a(lib_a-nano-mallocr.o)
 .debug_line    0x0000000000004c3b      0x243 /usr/local/h8300-elf/lib/gcc/h8300-elf/8.5.0/../../../../h8300-elf/lib/h8300h/libc.a(lib_a-sbrkr.o)
 .debug_line    0x0000000000004e7e      0x128 /usr/local/h8300-elf/lib/gcc/h8300-elf/8.5.0/../../../../h8300-elf/lib/h8300h/libc.a(lib_a-impure.o)
 .debug_line    0x0000000000004fa6      0x1b9 /usr/local/h8300-elf/lib/gcc/h8300-elf/8.5.0/../../../../h8300-elf/lib/h8300h/libc.a(lib_a-mlock.o)
 .debug_line    0x000000000000515f      0x4f8 /usr/local/h8300-elf/lib/gcc/h8300-elf/8.5.0/../../../../h8300-elf/lib/h8300h/libc.a(lib_a-reent.o)
 .debug_line    0x0000000000005657      0x276 /usr/local/h8300-elf/lib/gcc/h8300-elf/8.5.0/../../../../h8300-elf/lib/h8300h/libc.a(lib_a-sbrk.o)
 .debug_line    0x00000000000058cd      0x1de /usr/local/h8300-elf/lib/gcc/h8300-elf/8.5.0/../../../../h8300-elf/lib/h8300h/libc.a(lib_a-abort.o)
 .debug_line    0x0000000000005aab      0x7e9 /usr/local/h8300-elf/lib/gcc/h8300-elf/8.5.0/../../../../h8300-elf/lib/h8300h/libc.a(lib_a-signal.o)
 .debug_line    0x0000000000006294      0x27b /usr/local/h8300-elf/lib/gcc/h8300-elf/8.5.0/../../../../h8300-elf/lib/h8300h/libc.a(lib_a-signalr.o)
 .debug_line    0x000000000000650f      0x229 /usr/local/h8300-elf/lib/gcc/h8300-elf/8.5.0/../../../../h8300-elf/lib/h8300h/libc.a(lib_a-misc.o)

.debug_str      0x0000000000000000     0x249e
 .debug_str     0x0000000000000000      0x951 /usr/local/h8300-elf/lib/gcc/h8300-elf/8.5.0/../../../../h8300-elf/lib/h8300h/libstdc++.a(class_type_info.o)
                                        0x9bc (size before relaxing)
 .debug_str     0x0000000000000951      0x2b3 /usr/local/h8300-elf/lib/gcc/h8300-elf/8.5.0/../../../../h8300-elf/lib/h8300h/libstdc++.a(tinfo.o)
                                        0x4dd (size before relaxing)
 .debug_str     0x0000000000000c04      0x35c /usr/local/h8300-elf/lib/gcc/h8300-elf/8.5.0/../../../../h8300-elf/lib/h8300h/libstdc++.a(si_class_type_info.o)
                                        0x7f1 (size before relaxing)
 .debug_str     0x0000000000000f60      0x4da /usr/local/h8300-elf/lib/gcc/h8300-elf/8.5.0/../../../../h8300-elf/lib/h8300h/libstdc++.a(del_ops.o)
                                        0x5f6 (size before relaxing)
 .debug_str     0x000000000000143a      0x54d /usr/local/h8300-elf/lib/gcc/h8300-elf/8.5.0/../../../../h8300-elf/lib/h8300h/libstdc++.a(del_op.o)
                                        0xb32 (size before relaxing)
 .debug_str     0x0000000000001987      0x1ba /usr/local/h8300-elf/lib/gcc/h8300-elf/8.5.0/h8300h/libgcc.a(_fixunssfsi.o)
                                        0x252 (size before relaxing)
 .debug_str     0x0000000000001b41      0x160 /usr/local/h8300-elf/lib/gcc/h8300-elf/8.5.0/h8300h/libgcc.a(_addsub_sf.o)
                                        0x31a (size before relaxing)
 .debug_str     0x0000000000001ca1       0x27 /usr/local/h8300-elf/lib/gcc/h8300-elf/8.5.0/h8300h/libgcc.a(_mul_sf.o)
                                        0x2d3 (size before relaxing)
 .debug_str     0x0000000000001cc8       0x35 /usr/local/h8300-elf/lib/gcc/h8300-elf/8.5.0/h8300h/libgcc.a(_div_sf.o)
                                        0x2dc (size before relaxing)
 .debug_str     0x0000000000001cfd       0x18 /usr/local/h8300-elf/lib/gcc/h8300-elf/8.5.0/h8300h/libgcc.a(_ge_sf.o)
                                        0x2a8 (size before relaxing)
 .debug_str     0x0000000000001d15        0xa /usr/local/h8300-elf/lib/gcc/h8300-elf/8.5.0/h8300h/libgcc.a(_sf_to_si.o)
                                        0x2a1 (size before relaxing)
 .debug_str     0x0000000000001d1f      0x23d /usr/local/h8300-elf/lib/gcc/h8300-elf/8.5.0/h8300h/libgcc.a(_thenan_sf.o)
 .debug_str     0x0000000000001d1f       0x24 /usr/local/h8300-elf/lib/gcc/h8300-elf/8.5.0/h8300h/libgcc.a(_usi_to_sf.o)
                                        0x286 (size before relaxing)
 .debug_str     0x0000000000001d43        0x5 /usr/local/h8300-elf/lib/gcc/h8300-elf/8.5.0/h8300h/libgcc.a(_clzsi2.o)
                                        0x24c (size before relaxing)
 .debug_str     0x0000000000001d48        0x7 /usr/local/h8300-elf/lib/gcc/h8300-elf/8.5.0/h8300h/libgcc.a(_pack_sf.o)
                                        0x295 (size before relaxing)
 .debug_str     0x0000000000001d4f      0x277 /usr/local/h8300-elf/lib/gcc/h8300-elf/8.5.0/h8300h/libgcc.a(_unpack_sf.o)
 .debug_str     0x0000000000001d4f      0x260 /usr/local/h8300-elf/lib/gcc/h8300-elf/8.5.0/h8300h/libgcc.a(_fpcmp_parts_sf.o)
 .debug_str     0x0000000000001d4f      0x22f /usr/local/h8300-elf/lib/gcc/h8300-elf/8.5.0/h8300h/libgcc.a(_clz.o)
 .debug_str     0x0000000000001d4f       0xf7 /usr/local/h8300-elf/lib/gcc/h8300-elf/8.5.0/../../../../h8300-elf/lib/h8300h/libc.a(lib_a-malloc.o)
                                        0x5be (size before relaxing)
 .debug_str     0x0000000000001e46      0x141 /usr/local/h8300-elf/lib/gcc/h8300-elf/8.5.0/../../../../h8300-elf/lib/h8300h/libc.a(lib_a-nano-freer.o)
                                        0x6bd (size before relaxing)
 .debug_str     0x0000000000001f87       0x49 /usr/local/h8300-elf/lib/gcc/h8300-elf/8.5.0/../../../../h8300-elf/lib/h8300h/libc.a(lib_a-nano-mallocr.o)
                                        0x6fe (size before relaxing)
 .debug_str     0x0000000000001fd0       0xda /usr/local/h8300-elf/lib/gcc/h8300-elf/8.5.0/../../../../h8300-elf/lib/h8300h/libc.a(lib_a-sbrkr.o)
                                        0x5d0 (size before relaxing)
 .debug_str     0x00000000000020aa       0x49 /usr/local/h8300-elf/lib/gcc/h8300-elf/8.5.0/../../../../h8300-elf/lib/h8300h/libc.a(lib_a-impure.o)
                                        0x58d (size before relaxing)
 .debug_str     0x00000000000020f3       0x56 /usr/local/h8300-elf/lib/gcc/h8300-elf/8.5.0/../../../../h8300-elf/lib/h8300h/libc.a(lib_a-mlock.o)
                                        0x5b9 (size before relaxing)
 .debug_str     0x0000000000002149       0x68 /usr/local/h8300-elf/lib/gcc/h8300-elf/8.5.0/../../../../h8300-elf/lib/h8300h/libc.a(lib_a-reent.o)
                                        0x5c9 (size before relaxing)
 .debug_str     0x00000000000021b1       0xfb /usr/local/h8300-elf/lib/gcc/h8300-elf/8.5.0/../../../../h8300-elf/lib/h8300h/libc.a(lib_a-sbrk.o)
                                        0x5e6 (size before relaxing)
 .debug_str     0x00000000000022ac       0x43 /usr/local/h8300-elf/lib/gcc/h8300-elf/8.5.0/../../../../h8300-elf/lib/h8300h/libc.a(lib_a-abort.o)
                                        0x5cb (size before relaxing)
 .debug_str     0x00000000000022ef      0x112 /usr/local/h8300-elf/lib/gcc/h8300-elf/8.5.0/../../../../h8300-elf/lib/h8300h/libc.a(lib_a-signal.o)
                                        0x630 (size before relaxing)
 .debug_str     0x0000000000002401       0x4c /usr/local/h8300-elf/lib/gcc/h8300-elf/8.5.0/../../../../h8300-elf/lib/h8300h/libc.a(lib_a-signalr.o)
                                        0x5d5 (size before relaxing)
 .debug_str     0x000000000000244d       0x51 /usr/local/h8300-elf/lib/gcc/h8300-elf/8.5.0/../../../../h8300-elf/lib/h8300h/libc.a(lib_a-misc.o)
                                        0x5c6 (size before relaxing)

.debug_loc      0x0000000000000000     0x18fe
 .debug_loc     0x0000000000000000       0x2e /usr/local/h8300-elf/lib/gcc/h8300-elf/8.5.0/h8300h/libgcc.a(_fixunssfsi.o)
 .debug_loc     0x000000000000002e      0x563 /usr/local/h8300-elf/lib/gcc/h8300-elf/8.5.0/h8300h/libgcc.a(_addsub_sf.o)
 .debug_loc     0x0000000000000591      0x1b8 /usr/local/h8300-elf/lib/gcc/h8300-elf/8.5.0/h8300h/libgcc.a(_mul_sf.o)
 .debug_loc     0x0000000000000749      0x101 /usr/local/h8300-elf/lib/gcc/h8300-elf/8.5.0/h8300h/libgcc.a(_div_sf.o)
 .debug_loc     0x000000000000084a       0x5e /usr/local/h8300-elf/lib/gcc/h8300-elf/8.5.0/h8300h/libgcc.a(_ge_sf.o)